Component: ARM Compiler 5.06 update 6 (build 750) Tool: armlink [4d35ed]

==============================================================================

Section Cross References

    startup_stm32f407xx.o(RESET) refers to startup_stm32f407xx.o(STACK) for __initial_sp
    startup_stm32f407xx.o(RESET) refers to startup_stm32f407xx.o(.text) for Reset_Handler
    startup_stm32f407xx.o(RESET) refers to stm32f4xx_it.o(i.NMI_Handler) for NMI_Handler
    startup_stm32f407xx.o(RESET) refers to stm32f4xx_it.o(i.HardFault_Handler) for HardFault_Handler
    startup_stm32f407xx.o(RESET) refers to stm32f4xx_it.o(i.MemManage_Handler) for MemManage_Handler
    startup_stm32f407xx.o(RESET) refers to stm32f4xx_it.o(i.BusFault_Handler) for BusFault_Handler
    startup_stm32f407xx.o(RESET) refers to stm32f4xx_it.o(i.UsageFault_Handler) for UsageFault_Handler
    startup_stm32f407xx.o(RESET) refers to port.o(.emb_text) for SVC_Handler
    startup_stm32f407xx.o(RESET) refers to stm32f4xx_it.o(i.DebugMon_Handler) for DebugMon_Handler
    startup_stm32f407xx.o(RESET) refers to stm32f4xx_it.o(i.SysTick_Handler) for SysTick_Handler
    startup_stm32f407xx.o(RESET) refers to stm32f4xx_it.o(i.CAN1_TX_IRQHandler) for CAN1_TX_IRQHandler
    startup_stm32f407xx.o(RESET) refers to stm32f4xx_it.o(i.CAN1_RX0_IRQHandler) for CAN1_RX0_IRQHandler
    startup_stm32f407xx.o(RESET) refers to stm32f4xx_it.o(i.CAN1_RX1_IRQHandler) for CAN1_RX1_IRQHandler
    startup_stm32f407xx.o(RESET) refers to stm32f4xx_it.o(i.CAN1_SCE_IRQHandler) for CAN1_SCE_IRQHandler
    startup_stm32f407xx.o(RESET) refers to stm32f4xx_it.o(i.EXTI9_5_IRQHandler) for EXTI9_5_IRQHandler
    startup_stm32f407xx.o(RESET) refers to stm32f4xx_it.o(i.USART2_IRQHandler) for USART2_IRQHandler
    startup_stm32f407xx.o(RESET) refers to stm32f4xx_it.o(i.USART3_IRQHandler) for USART3_IRQHandler
    startup_stm32f407xx.o(RESET) refers to stm32f4xx_it.o(i.EXTI15_10_IRQHandler) for EXTI15_10_IRQHandler
    startup_stm32f407xx.o(RESET) refers to stm32f4xx_it.o(i.UART5_IRQHandler) for UART5_IRQHandler
    startup_stm32f407xx.o(.text) refers to system_stm32f4xx.o(i.SystemInit) for SystemInit
    startup_stm32f407xx.o(.text) refers to entry.o(.ARM.Collect$$$$00000000) for __main
    key.o(i.HAL_GPIO_EXTI_Callback) refers to stm32f4xx_hal_gpio.o(i.HAL_GPIO_WritePin) for HAL_GPIO_WritePin
    key.o(i.HAL_GPIO_EXTI_Callback) refers to key.o(.data) for .data
    key.o(i.get_keyValue) refers to key.o(.data) for .data
    key.o(i.keyValue_Reset) refers to key.o(.data) for .data
    delay.o(i.delay_ms) refers to delay.o(i.delay_us) for delay_us
    delay.o(i.delay_us) refers to stm32f4xx_hal_tim.o(i.HAL_TIM_Base_Start) for HAL_TIM_Base_Start
    delay.o(i.delay_us) refers to stm32f4xx_hal_tim.o(i.HAL_TIM_Base_Stop) for HAL_TIM_Base_Stop
    delay.o(i.delay_us) refers to tim.o(.bss) for htim6
    dht11.o(i.DHT11_Init) refers to dht11.o(i.DHT11_Mode_Out_PP) for DHT11_Mode_Out_PP
    dht11.o(i.DHT11_Init) refers to stm32f4xx_hal_gpio.o(i.HAL_GPIO_WritePin) for HAL_GPIO_WritePin
    dht11.o(i.DHT11_Mode_Out_PP) refers to stm32f4xx_hal_gpio.o(i.HAL_GPIO_Init) for HAL_GPIO_Init
    dht11.o(i.DHT11_ReadByte) refers to stm32f4xx_hal_gpio.o(i.HAL_GPIO_ReadPin) for HAL_GPIO_ReadPin
    dht11.o(i.DHT11_ReadByte) refers to delay.o(i.delay_us) for delay_us
    dht11.o(i.DHT11_Read_TempAndHumidity) refers to dht11.o(i.DHT11_Mode_Out_PP) for DHT11_Mode_Out_PP
    dht11.o(i.DHT11_Read_TempAndHumidity) refers to stm32f4xx_hal_gpio.o(i.HAL_GPIO_WritePin) for HAL_GPIO_WritePin
    dht11.o(i.DHT11_Read_TempAndHumidity) refers to stm32f4xx_hal.o(i.HAL_Delay) for HAL_Delay
    dht11.o(i.DHT11_Read_TempAndHumidity) refers to delay.o(i.delay_us) for delay_us
    dht11.o(i.DHT11_Read_TempAndHumidity) refers to stm32f4xx_hal_gpio.o(i.HAL_GPIO_Init) for HAL_GPIO_Init
    dht11.o(i.DHT11_Read_TempAndHumidity) refers to stm32f4xx_hal_gpio.o(i.HAL_GPIO_ReadPin) for HAL_GPIO_ReadPin
    dht11.o(i.DHT11_Read_TempAndHumidity) refers to dht11.o(i.DHT11_ReadByte) for DHT11_ReadByte
    rs485.o(i.get_message) refers to rs485.o(i.get_rs485_state) for get_rs485_state
    rs485.o(i.get_message) refers to strstr.o(.text) for strstr
    rs485.o(i.get_message) refers to strcpy.o(.text) for strcpy
    rs485.o(i.get_message) refers to rs485.o(i.reset_rxbuff) for reset_rxbuff
    rs485.o(i.get_message) refers to rs485.o(i.rs485_sendData) for rs485_sendData
    rs485.o(i.get_message) refers to rs485.o(.data) for .data
    rs485.o(i.get_message) refers to rs485.o(.bss) for .bss
    rs485.o(i.get_receiveState) refers to rs485.o(.data) for .data
    rs485.o(i.get_rs485_state) refers to stm32f4xx_hal_gpio.o(i.HAL_GPIO_ReadPin) for HAL_GPIO_ReadPin
    rs485.o(i.get_toReceiveState) refers to rs485.o(.data) for .data
    rs485.o(i.init_rs485) refers to rs485.o(i.set_rs485_state) for set_rs485_state
    rs485.o(i.init_rs485) refers to stm32f4xx_hal_uart.o(i.HAL_UART_Receive_IT) for HAL_UART_Receive_IT
[...]
    .text                                    0x08000860   Section       36  init.o(.text)
    .text                                    0x08000884   Section        0  llsshr.o(.text)
    i.BusFault_Handler                       0x080008a8   Section        0  stm32f4xx_it.o(i.BusFault_Handler)
    i.CAN1_RX0_IRQHandler                    0x080008ac   Section        0  stm32f4xx_it.o(i.CAN1_RX0_IRQHandler)
    i.CAN1_RX1_IRQHandler                    0x080008b8   Section        0  stm32f4xx_it.o(i.CAN1_RX1_IRQHandler)
    i.CAN1_SCE_IRQHandler                    0x080008c4   Section        0  stm32f4xx_it.o(i.CAN1_SCE_IRQHandler)
    i.CAN1_TX_IRQHandler                     0x080008d0   Section        0  stm32f4xx_it.o(i.CAN1_TX_IRQHandler)
    i.DHT11_Mode_Out_PP                      0x080008dc   Section        0  dht11.o(i.DHT11_Mode_Out_PP)
    DHT11_Mode_Out_PP                        0x080008dd   Thumb Code    26  dht11.o(i.DHT11_Mode_Out_PP)
    i.DHT11_ReadByte                         0x080008fc   Section        0  dht11.o(i.DHT11_ReadByte)
    DHT11_ReadByte                           0x080008fd   Thumb Code    92  dht11.o(i.DHT11_ReadByte)
    i.DHT11_Read_TempAndHumidity             0x0800095c   Section        0  dht11.o(i.DHT11_Read_TempAndHumidity)
    i.DebugMon_Handler                       0x08000a54   Section        0  stm32f4xx_it.o(i.DebugMon_Handler)
    i.EXTI15_10_IRQHandler                   0x08000a56   Section        0  stm32f4xx_it.o(i.EXTI15_10_IRQHandler)
    i.EXTI9_5_IRQHandler                     0x08000a5e   Section        0  stm32f4xx_it.o(i.EXTI9_5_IRQHandler)
    i.Error_Handler                          0x08000a80   Section        0  main.o(i.Error_Handler)
    i.HAL_CAN_ErrorCallback                  0x08000a84   Section        0  stm32f4xx_hal_can.o(i.HAL_CAN_ErrorCallback)
    i.HAL_CAN_IRQHandler                     0x08000a86   Section        0  stm32f4xx_hal_can.o(i.HAL_CAN_IRQHandler)
    i.HAL_CAN_Init                           0x08000c82   Section        0  stm32f4xx_hal_can.o(i.HAL_CAN_Init)
    i.HAL_CAN_MspInit                        0x08000d9c   Section        0  can.o(i.HAL_CAN_MspInit)
    i.HAL_CAN_RxFifo0FullCallback            0x08000e48   Section        0  stm32f4xx_hal_can.o(i.HAL_CAN_RxFifo0FullCallback)
    i.HAL_CAN_RxFifo0MsgPendingCallback      0x08000e4a   Section        0  stm32f4xx_hal_can.o(i.HAL_CAN_RxFifo0MsgPendingCallback)
    i.HAL_CAN_RxFifo1FullCallback            0x08000e4c   Section        0  stm32f4xx_hal_can.o(i.HAL_CAN_RxFifo1FullCallback)
    i.HAL_CAN_RxFifo1MsgPendingCallback      0x08000e4e   Section        0  stm32f4xx_hal_can.o(i.HAL_CAN_RxFifo1MsgPendingCallback)
    i.HAL_CAN_SleepCallback                  0x08000e50   Section        0  stm32f4xx_hal_can.o(i.HAL_CAN_SleepCallback)
    i.HAL_CAN_TxMailbox0AbortCallback        0x08000e52   Section        0  stm32f4xx_hal_can.o(i.HAL_CAN_TxMailbox0AbortCallback)
    i.HAL_CAN_TxMailbox0CompleteCallback     0x08000e54   Section        0  stm32f4xx_hal_can.o(i.HAL_CAN_TxMailbox0CompleteCallback)
    i.HAL_CAN_TxMailbox1AbortCallback        0x08000e56   Section        0  stm32f4xx_hal_can.o(i.HAL_CAN_TxMailbox1AbortCallback)
    i.HAL_CAN_TxMailbox1CompleteCallback     0x08000e58   Section        0  stm32f4xx_hal_can.o(i.HAL_CAN_TxMailbox1CompleteCallback)
    i.HAL_CAN_TxMailbox2AbortCallback        0x08000e5a   Section        0  stm32f4xx_hal_can.o(i.HAL_CAN_TxMailbox2AbortCallback)
    i.HAL_CAN_TxMailbox2CompleteCallback     0x08000e5c   Section        0  stm32f4xx_hal_can.o(i.HAL_CAN_TxMailbox2CompleteCallback)
    i.HAL_CAN_WakeUpFromRxMsgCallback        0x08000e5e   Section        0  stm32f4xx_hal_can.o(i.HAL_CAN_WakeUpFromRxMsgCallback)
    i.HAL_DMA_Abort                          0x08000e60   Section        0  stm32f4xx_hal_dma.o(i.HAL_DMA_Abort)
    i.HAL_DMA_Abort_IT                       0x08000ef2   Section        0  stm32f4xx_hal_dma.o(i.HAL_DMA_Abort_IT)
    i.HAL_Delay                              0x08000f18   Section        0  stm32f4xx_hal.o(i.HAL_Delay)
    i.HAL_GPIO_EXTI_Callback                 0x08000f3c   Section        0  key.o(i.HAL_GPIO_EXTI_Callback)
    i.HAL_GPIO_EXTI_IRQHandler               0x08000f98   Section        0  stm32f4xx_hal_gpio.o(i.HAL_GPIO_EXTI_IRQHandler)
    i.HAL_GPIO_Init                          0x08000fb0   Section        0  stm32f4xx_hal_gpio.o(i.HAL_GPIO_Init)
    i.HAL_GPIO_ReadPin                       0x080011a0   Section        0  stm32f4xx_hal_gpio.o(i.HAL_GPIO_ReadPin)
    i.HAL_GPIO_WritePin                      0x080011aa   Section        0  stm32f4xx_hal_gpio.o(i.HAL_GPIO_WritePin)
    i.HAL_GetTick                            0x080011b4   Section        0  stm32f4xx_hal.o(i.HAL_GetTick)
    i.HAL_IncTick                            0x080011c0   Section        0  stm32f4xx_hal.o(i.HAL_IncTick)
    i.HAL_Init                               0x080011d0   Section        0  stm32f4xx_hal.o(i.HAL_Init)
    i.HAL_InitTick                           0x08001204   Section        0  stm32f4xx_hal.o(i.HAL_InitTick)
    i.HAL_MspInit                            0x08001244   Section        0  stm32f4xx_hal_msp.o(i.HAL_MspInit)
    i.HAL_NVIC_EnableIRQ                     0x0800127c   Section        0  stm32f4xx_hal_cortex.o(i.HAL_NVIC_EnableIRQ)
    i.HAL_NVIC_SetPriority                   0x08001298   Section        0  stm32f4xx_hal_cortex.o(i.HAL_NVIC_SetPriority)
    i.HAL_NVIC_SetPriorityGrouping           0x080012d8   Section        0  stm32f4xx_hal_cortex.o(i.HAL_NVIC_SetPriorityGrouping)
    i.HAL_RCC_ClockConfig                    0x080012fc   Section        0  stm32f4xx_hal_rcc.o(i.HAL_RCC_ClockConfig)
    i.HAL_RCC_GetPCLK1Freq                   0x08001430   Section        0  stm32f4xx_hal_rcc.o(i.HAL_RCC_GetPCLK1Freq)
    i.HAL_RCC_GetPCLK2Freq                   0x08001450   Section        0  stm32f4xx_hal_rcc.o(i.HAL_RCC_GetPCLK2Freq)
    i.HAL_RCC_GetSysClockFreq                0x08001470   Section        0  stm32f4xx_hal_rcc.o(i.HAL_RCC_GetSysClockFreq)
    i.HAL_RCC_OscConfig                      0x080014d0   Section        0  stm32f4xx_hal_rcc.o(i.HAL_RCC_OscConfig)
    i.HAL_SYSTICK_Config                     0x0800183c   Section        0  stm32f4xx_hal_cortex.o(i.HAL_SYSTICK_Config)
    i.HAL_TIMEx_MasterConfigSynchronization  0x08001864   Section        0  stm32f4xx_hal_tim_ex.o(i.HAL_TIMEx_MasterConfigSynchronization)
    i.HAL_TIM_Base_Init                      0x080018f4   Section        0  stm32f4xx_hal_tim.o(i.HAL_TIM_Base_Init)
    i.HAL_TIM_Base_MspInit                   0x08001950   Section        0  tim.o(i.HAL_TIM_Base_MspInit)
    i.HAL_TIM_Base_Start                     0x08001990   Section        0  stm32f4xx_hal_tim.o(i.HAL_TIM_Base_Start)
    i.HAL_TIM_Base_Stop                      0x08001a08   Section        0  stm32f4xx_hal_tim.o(i.HAL_TIM_Base_Stop)
    i.HAL_UARTEx_RxEventCallback             0x08001a2e   Section        0  stm32f4xx_hal_uart.o(i.HAL_UARTEx_RxEventCallback)
    i.HAL_UART_ErrorCallback                 0x08001a30   Section        0  stm32f4xx_hal_uart.o(i.HAL_UART_ErrorCallback)
    i.HAL_UART_IRQHandler                    0x08001a34   Section        0  stm32f4xx_hal_uart.o(i.HAL_UART_IRQHandler)
    i.HAL_UART_Init                          0x08001c9c   Section        0  stm32f4xx_hal_uart.o(i.HAL_UART_Init)
    i.HAL_UART_MspInit                       0x08001d00   Section        0  usart.o(i.HAL_UART_MspInit)
    i.HAL_UART_Receive_IT                    0x08001e8c   Section        0  stm32f4xx_hal_uart.o(i.HAL_UART_Receive_IT)
    i.HAL_UART_RxCpltCallback                0x08001eb8   Section        0  usart.o(i.HAL_UART_RxCpltCallback)
    i.HAL_UART_Transmit                      0x08001ed8   Section        0  stm32f4xx_hal_uart.o(i.HAL_UART_Transmit)
    i.HAL_UART_TxCpltCallback                0x08001f8a   Section        0  stm32f4xx_hal_uart.o(i.HAL_UART_TxCpltCallback)
    i.HardFault_Handler                      0x08001f8c   Section        0  stm32f4xx_it.o(i.HardFault_Handler)
    i.Hcsr04_StateRead                       0x08001f90   Section        0  hr04.o(i.Hcsr04_StateRead)
    i.MX_CAN1_Init                           0x08001ffc   Section        0  can.o(i.MX_CAN1_Init)
    i.MX_FREERTOS_Init                       0x08002044   Section        0  freertos.o(i.MX_FREERTOS_Init)
    i.MX_GPIO_Init                           0x08002098   Section        0  gpio.o(i.MX_GPIO_Init)
    i.MX_TIM6_Init                           0x08002224   Section        0  tim.o(i.MX_TIM6_Init)
    i.MX_TIM7_Init                           0x08002268   Section        0  tim.o(i.MX_TIM7_Init)
    i.MX_UART5_Init                          0x080022ac   Section        0  usart.o(i.MX_UART5_Init)
    i.MX_USART2_UART_Init                    0x080022e4   Section        0  usart.o(i.MX_USART2_UART_Init)
    i.MX_USART3_UART_Init                    0x0800231c   Section        0  usart.o(i.MX_USART3_UART_Init)
    i.MX_USART6_UART_Init                    0x08002354   Section        0  usart.o(i.MX_USART6_UART_Init)
    i.MemManage_Handler                      0x0800238c   Section        0  stm32f4xx_it.o(i.MemManage_Handler)
    i.NMI_Handler                            0x0800238e   Section        0  stm32f4xx_it.o(i.NMI_Handler)
    i.StartDHT11Task                         0x08002390   Section        0  freertos.o(i.StartDHT11Task)
    i.StartMainTask                          0x080023fc   Section        0  freertos.o(i.StartMainTask)
    i.StartVoiceTask                         0x08002520   Section        0  freertos.o(i.StartVoiceTask)
    i.SysTick_Handler                        0x08002580   Section        0  stm32f4xx_it.o(i.SysTick_Handler)
    i.SystemClock_Config                     0x08002598   Section        0  main.o(i.SystemClock_Config)
    i.SystemInit                             0x08002628   Section        0  system_stm32f4xx.o(i.SystemInit)
    i.TIM_Base_SetConfig                     0x08002638   Section        0  stm32f4xx_hal_tim.o(i.TIM_Base_SetConfig)
    i.UART5_IRQHandler                       0x08002700   Section        0  stm32f4xx_it.o(i.UART5_IRQHandler)
    i.UART_DMAAbortOnError                   0x0800270c   Section        0  stm32f4xx_hal_uart.o(i.UART_DMAAbortOnError)
    UART_DMAAbortOnError                     0x0800270d   Thumb Code    16  stm32f4xx_hal_uart.o(i.UART_DMAAbortOnError)
    i.UART_EndRxTransfer                     0x0800271c   Section        0  stm32f4xx_hal_uart.o(i.UART_EndRxTransfer)
    UART_EndRxTransfer                       0x0800271d   Thumb Code    78  stm32f4xx_hal_uart.o(i.UART_EndRxTransfer)
    i.UART_Receive_IT                        0x0800276a   Section        0  stm32f4xx_hal_uart.o(i.UART_Receive_IT)
    UART_Receive_IT                          0x0800276b   Thumb Code   192  stm32f4xx_hal_uart.o(i.UART_Receive_IT)
    i.UART_SetConfig                         0x0800282c   Section        0  stm32f4xx_hal_uart.o(i.UART_SetConfig)
    UART_SetConfig                           0x0800282d   Thumb Code   258  stm32f4xx_hal_uart.o(i.UART_SetConfig)
    i.UART_Start_Receive_IT                  0x08002938   Section        0  stm32f4xx_hal_uart.o(i.UART_Start_Receive_IT)
    i.UART_WaitOnFlagUntilTimeout            0x0800296e   Section        0  stm32f4xx_hal_uart.o(i.UART_WaitOnFlagUntilTimeout)
    UART_WaitOnFlagUntilTimeout              0x0800296f   Thumb Code   120  stm32f4xx_hal_uart.o(i.UART_WaitOnFlagUntilTimeout)
    i.USART2_IRQHandler                      0x080029e8   Section        0  stm32f4xx_it.o(i.USART2_IRQHandler)
    i.USART3_IRQHandler                      0x080029f4   Section        0  stm32f4xx_it.o(i.USART3_IRQHandler)
    i.UsageFault_Handler                     0x08002a00   Section        0  stm32f4xx_it.o(i.UsageFault_Handler)
    i.__0printf                              0x08002a04   Section        0  printfa.o(i.__0printf)
    i.__0sprintf                             0x08002a24   Section        0  printfa.o(i.__0sprintf)
    i.__NVIC_SetPriority                     0x08002a4c   Section        0  stm32f4xx_hal_cortex.o(i.__NVIC_SetPriority)
    __NVIC_SetPriority                       0x08002a4d   Thumb Code    32  stm32f4xx_hal_cortex.o(i.__NVIC_SetPriority)
    i.__scatterload_copy                     0x08002a6c   Section       14  handlers.o(i.__scatterload_copy)
    i.__scatterload_null                     0x08002a7a   Section        2  handlers.o(i.__scatterload_null)
    i.__scatterload_zeroinit                 0x08002a7c   Section       14  handlers.o(i.__scatterload_zeroinit)
    i._fp_digits                             0x08002a8c   Section        0  printfa.o(i._fp_digits)
    _fp_digits                               0x08002a8d   Thumb Code   366  printfa.o(i._fp_digits)
    i._printf_core                           0x08002c10   Section        0  printfa.o(i._printf_core)
    _printf_core                             0x08002c11   Thumb Code  1744  printfa.o(i._printf_core)
    i._printf_post_padding                   0x080032ec   Section        0  printfa.o(i._printf_post_padding)
    _printf_post_padding                     0x080032ed   Thumb Code    36  printfa.o(i._printf_post_padding)
    i._printf_pre_padding                    0x08003310   Section        0  printfa.o(i._printf_pre_padding)
    _printf_pre_padding                      0x08003311   Thumb Code    46  printfa.o(i._printf_pre_padding)
    i._sputc                                 0x0800333e   Section        0  printfa.o(i._sputc)
    _sputc                                   0x0800333f   Thumb Code    10  printfa.o(i._sputc)
    i.blue_send                              0x08003348   Section        0  blue.o(i.blue_send)
    i.bluetooth_interrupt                    0x08003368   Section        0  blue.o(i.bluetooth_interrupt)
    i.delay_us                               0x080033b8   Section        0  delay.o(i.delay_us)
    i.fputc                                  0x080033e8   Section        0  usart.o(i.fputc)
    i.get_message                            0x08003414   Section        0  rs485.o(i.get_message)
    i.get_rs485_state                        0x08003468   Section        0  rs485.o(i.get_rs485_state)
    i.inHandlerMode                          0x08003474   Section        0  cmsis_os.o(i.inHandlerMode)
    inHandlerMode                            0x08003475   Thumb Code    12  cmsis_os.o(i.inHandlerMode)
    i.init_rs485                             0x08003480   Section        0  rs485.o(i.init_rs485)
    i.main                                   0x080034a0   Section        0  main.o(i.main)
    i.makeFreeRtosPriority                   0x080034e4   Section        0  cmsis_os.o(i.makeFreeRtosPriority)
    makeFreeRtosPriority                     0x080034e5   Thumb Code    12  cmsis_os.o(i.makeFreeRtosPriority)
    i.osDelay                                0x080034f0   Section        0  cmsis_os.o(i.osDelay)
    i.osKernelStart                          0x080034fe   Section        0  cmsis_os.o(i.osKernelStart)
    i.osThreadCreate                         0x08003508   Section        0  cmsis_os.o(i.osThreadCreate)
    i.osThreadResume                         0x0800355c   Section        0  cmsis_os.o(i.osThreadResume)
    i.osThreadSuspend                        0x08003590   Section        0  cmsis_os.o(i.osThreadSuspend)
    i.prvAddCurrentTaskToDelayedList         0x0800359c   Section        0  tasks.o(i.prvAddCurrentTaskToDelayedList)
    prvAddCurrentTaskToDelayedList           0x0800359d   Thumb Code   102  tasks.o(i.prvAddCurrentTaskToDelayedList)
    i.prvAddNewTaskToReadyList               0x0800360c   Section        0  tasks.o(i.prvAddNewTaskToReadyList)
    prvAddNewTaskToReadyList                 0x0800360d   Thumb Code   194  tasks.o(i.prvAddNewTaskToReadyList)
    i.prvDeleteTCB                           0x080036dc   Section        0  tasks.o(i.prvDeleteTCB)
    prvDeleteTCB                             0x080036dd   Thumb Code    52  tasks.o(i.prvDeleteTCB)
    i.prvHeapInit                            0x08003710   Section        0  heap_4.o(i.prvHeapInit)
    prvHeapInit                              0x08003711   Thumb Code    66  heap_4.o(i.prvHeapInit)
    i.prvIdleTask                            0x0800375c   Section        0  tasks.o(i.prvIdleTask)
    prvIdleTask                              0x0800375d   Thumb Code    82  tasks.o(i.prvIdleTask)
    i.prvInitialiseNewTask                   0x080037bc   Section        0  tasks.o(i.prvInitialiseNewTask)
    prvInitialiseNewTask                     0x080037bd   Thumb Code   152  tasks.o(i.prvInitialiseNewTask)
    i.prvInsertBlockIntoFreeList             0x08003854   Section        0  heap_4.o(i.prvInsertBlockIntoFreeList)
    prvInsertBlockIntoFreeList               0x08003855   Thumb Code    72  heap_4.o(i.prvInsertBlockIntoFreeList)
    i.prvResetNextTaskUnblockTime            0x080038a0   Section        0  tasks.o(i.prvResetNextTaskUnblockTime)
    prvResetNextTaskUnblockTime              0x080038a1   Thumb Code    26  tasks.o(i.prvResetNextTaskUnblockTime)
    i.prvTaskExitError                       0x080038c0   Section        0  port.o(i.prvTaskExitError)
    prvTaskExitError                         0x080038c1   Thumb Code    36  port.o(i.prvTaskExitError)
    i.prvTaskIsTaskSuspended                 0x080038e8   Section        0  tasks.o(i.prvTaskIsTaskSuspended)
    prvTaskIsTaskSuspended                   0x080038e9   Thumb Code    48  tasks.o(i.prvTaskIsTaskSuspended)
    i.pvPortMalloc                           0x0800391c   Section        0  heap_4.o(i.pvPortMalloc)
    i.pxPortInitialiseStack                  0x080039f8   Section        0  port.o(i.pxPortInitialiseStack)
    i.reset_rxbuff                           0x08003a24   Section        0  rs485.o(i.reset_rxbuff)
    i.rs485_receive_interrupt                0x08003a48   Section        0  rs485.o(i.rs485_receive_interrupt)
    i.rs485_sendData                         0x08003abc   Section        0  rs485.o(i.rs485_sendData)
    i.set_rs485_state                        0x08003b44   Section        0  rs485.o(i.set_rs485_state)
    i.uxListRemove                           0x08003b5c   Section        0  list.o(i.uxListRemove)
    i.vApplicationGetIdleTaskMemory          0x08003b84   Section        0  freertos.o(i.vApplicationGetIdleTaskMemory)
    i.vListInitialise                        0x08003b98   Section        0  list.o(i.vListInitialise)
    i.vListInitialiseItem                    0x08003bae   Section        0  list.o(i.vListInitialiseItem)
    i.vListInsert                            0x08003bb4   Section        0  list.o(i.vListInsert)
    i.vListInsertEnd                         0x08003be4   Section        0  list.o(i.vListInsertEnd)
    i.vPortEnterCritical                     0x08003bfc   Section        0  port.o(i.vPortEnterCritical)
    i.vPortExitCritical                      0x08003c3c   Section        0  port.o(i.vPortExitCritical)
    i.vPortFree                              0x08003c64   Section        0  heap_4.o(i.vPortFree)
    i.vPortSetupTimerInterrupt               0x08003cc8   Section        0  port.o(i.vPortSetupTimerInterrupt)
    i.vPortValidateInterruptPriority         0x08003cec   Section        0  port.o(i.vPortValidateInterruptPriority)
    i.vTaskDelay                             0x08003d40   Section        0  tasks.o(i.vTaskDelay)
    i.vTaskResume                            0x08003d8c   Section        0  tasks.o(i.vTaskResume)
    i.vTaskStartScheduler                    0x08003e08   Section        0  tasks.o(i.vTaskStartScheduler)
    i.vTaskSuspend                           0x08003e74   Section        0  tasks.o(i.vTaskSuspend)
    i.vTaskSuspendAll                        0x08003f30   Section        0  tasks.o(i.vTaskSuspendAll)
    i.vTaskSwitchContext                     0x08003f40   Section        0  tasks.o(i.vTaskSwitchContext)
    i.xPortStartScheduler                    0x08003f9c   Section        0  port.o(i.xPortStartScheduler)
    i.xPortSysTickHandler                    0x08004090   Section        0  port.o(i.xPortSysTickHandler)
    i.xTaskCreate                            0x080040bc   Section        0  tasks.o(i.xTaskCreate)
    i.xTaskCreateStatic                      0x08004116   Section        0  tasks.o(i.xTaskCreateStatic)
    i.xTaskGetSchedulerState                 0x0800416c   Section        0  tasks.o(i.xTaskGetSchedulerState)
    i.xTaskIncrementTick                     0x08004188   Section        0  tasks.o(i.xTaskIncrementTick)
    i.xTaskResumeAll                         0x08004254   Section        0  tasks.o(i.xTaskResumeAll)
    i.xTaskResumeFromISR                     0x08004318   Section        0  tasks.o(i.xTaskResumeFromISR)
    .constdata                               0x080043a0   Section       84  freertos.o(.constdata)
    .constdata                               0x080043f4   Section       16  system_stm32f4xx.o(.constdata)
    .constdata                               0x08004404   Section        8  system_stm32f4xx.o(.constdata)
    .conststring                             0x0800440c   Section       33  freertos.o(.conststring)
    .data                                    0x20000000   Section        4  key.o(.data)
    .data                                    0x20000004   Section       12  rs485.o(.data)
    .data                                    0x20000010   Section       11  blue.o(.data)
    .data                                    0x20000020   Section       24  freertos.o(.data)
    .data                                    0x20000038   Section       12  stm32f4xx_hal.o(.data)
    .data                                    0x20000044   Section        4  system_stm32f4xx.o(.data)
    .data                                    0x20000048   Section       60  tasks.o(.data)
    uxDeletedTasksWaitingCleanUp             0x2000004c   Data           4  tasks.o(.data)
    uxCurrentNumberOfTasks                   0x20000050   Data           4  tasks.o(.data)
    xTickCount                               0x20000054   Data           4  tasks.o(.data)
    uxTopReadyPriority                       0x20000058   Data           4  tasks.o(.data)
    xSchedulerRunning                        0x2000005c   Data           4  tasks.o(.data)
    xPendedTicks                             0x20000060   Data           4  tasks.o(.data)
    xYieldPending                            0x20000064   Data           4  tasks.o(.data)
    xNumOfOverflows                          0x20000068   Data           4  tasks.o(.data)
    uxTaskNumber                             0x2000006c   Data           4  tasks.o(.data)
    xNextTaskUnblockTime                     0x20000070   Data           4  tasks.o(.data)
    xIdleTaskHandle                          0x20000074   Data           4  tasks.o(.data)
    uxSchedulerSuspended                     0x20000078   Data           4  tasks.o(.data)
    pxDelayedTaskList                        0x2000007c   Data           4  tasks.o(.data)
    pxOverflowDelayedTaskList                0x20000080   Data           4  tasks.o(.data)
    .data                                    0x20000084   Section       32  heap_4.o(.data)
    pxEnd                                    0x20000084   Data           4  heap_4.o(.data)
    xFreeBytesRemaining                      0x20000088   Data           4  heap_4.o(.data)
    xMinimumEverFreeBytesRemaining           0x2000008c   Data           4  heap_4.o(.data)
    xNumberOfSuccessfulAllocations           0x20000090   Data           4  heap_4.o(.data)
    xNumberOfSuccessfulFrees                 0x20000094   Data           4  heap_4.o(.data)
    xBlockAllocatedBit                       0x20000098   Data           4  heap_4.o(.data)
    xStart                                   0x2000009c   Data           8  heap_4.o(.data)
    .data                                    0x200000a4   Section       12  port.o(.data)
    ucMaxSysCallPriority                     0x200000a4   Data           1  port.o(.data)
    uxCriticalNesting                        0x200000a8   Data           4  port.o(.data)
    ulMaxPRIGROUPValue                       0x200000ac   Data           4  port.o(.data)
    .data                                    0x200000b0   Section        4  stdout.o(.data)
    .bss                                     0x200000b4   Section      384  rs485.o(.bss)
    .bss                                     0x20000234   Section      600  blue.o(.bss)
    .bss                                     0x2000048c   Section      804  freertos.o(.bss)
    xIdleTaskTCBBuffer                       0x2000055c   Data          84  freertos.o(.bss)
    xIdleStack                               0x200005b0   Data         512  freertos.o(.bss)
    .bss                                     0x200007b0   Section       40  can.o(.bss)
    .bss                                     0x200007d8   Section      144  tim.o(.bss)
    .bss                                     0x20000868   Section      272  usart.o(.bss)
    .bss                                     0x20000978   Section      240  tasks.o(.bss)
    pxReadyTasksLists                        0x20000978   Data         140  tasks.o(.bss)
    xDelayedTaskList1                        0x20000a04   Data          20  tasks.o(.bss)
    xDelayedTaskList2                        0x20000a18   Data          20  tasks.o(.bss)
    xPendingReadyList                        0x20000a2c   Data          20  tasks.o(.bss)
    xTasksWaitingTermination                 0x20000a40   Data          20  tasks.o(.bss)
    xSuspendedTaskList                       0x20000a54   Data          20  tasks.o(.bss)
    .bss                                     0x20000a68   Section    15360  heap_4.o(.bss)
    ucHeap                                   0x20000a68   Data       15360  heap_4.o(.bss)
    STACK                                    0x20004668   Section     1024  startup_stm32f407xx.o(STACK)

    Global Symbols

    Symbol Name                              Value     Ov Type        Size  Object(Section)

    BuildAttributes$$THM_ISAv4$E$P$D$K$B$S$7EM$VFPi3$EXTD16$VFPS$VFMA$PE$A:L22UL41UL21$X:L11$S22US41US21$IEEE1$IW$USESV6$~STKCKD$USESV7$~SHL$OSPACE$ROPI$EBA8$MICROLIB$REQ8$PRES8$EABIv2 0x00000000   Number         0  anon$$obj.o ABSOLUTE
    __ARM_use_no_argv                        0x00000000   Number         0  main.o ABSOLUTE
    _printf_a                                0x00000000   Number         0  stubs.o ABSOLUTE
    _printf_c                                0x00000000   Number         0  stubs.o ABSOLUTE
    _printf_charcount                        0x00000000   Number         0  stubs.o ABSOLUTE
    _printf_d                                0x00000000   Number         0  stubs.o ABSOLUTE
    _printf_e                                0x00000000   Number         0  stubs.o ABSOLUTE
    _printf_f                                0x00000000   Number         0  stubs.o ABSOLUTE
    _printf_flags                            0x00000000   Number         0  stubs.o ABSOLUTE
    _printf_fp_dec                           0x00000000   Number         0  stubs.o ABSOLUTE
    _printf_fp_hex                           0x00000000   Number         0  stubs.o ABSOLUTE
    _printf_g                                0x00000000   Number         0  stubs.o ABSOLUTE
    _printf_i                                0x00000000   Number         0  stubs.o ABSOLUTE
    _printf_int_dec                          0x00000000   Number         0  stubs.o ABSOLUTE
    _printf_l                                0x00000000   Number         0  stubs.o ABSOLUTE
    _printf_lc                               0x00000000   Number         0  stubs.o ABSOLUTE
    _printf_ll                               0x00000000   Number         0  stubs.o ABSOLUTE
    _printf_lld                              0x00000000   Number         0  stubs.o ABSOLUTE
    _printf_lli                              0x00000000   Number         0  stubs.o ABSOLUTE
    _printf_llo                              0x00000000   Number         0  stubs.o ABSOLUTE
    _printf_llu                              0x00000000   Number         0  stubs.o ABSOLUTE
    _printf_llx                              0x00000000   Number         0  stubs.o ABSOLUTE
    _printf_longlong_dec                     0x00000000   Number         0  stubs.o ABSOLUTE
    _printf_longlong_hex                     0x00000000   Number         0  stubs.o ABSOLUTE
    _printf_longlong_oct                     0x00000000   Number         0  stubs.o ABSOLUTE
    _printf_ls                               0x00000000   Number         0  stubs.o ABSOLUTE
    _printf_mbtowc                           0x00000000   Number         0  stubs.o ABSOLUTE
    _printf_n                                0x00000000   Number         0  stubs.o ABSOLUTE
    _printf_o                                0x00000000   Number         0  stubs.o ABSOLUTE
    _printf_p                                0x00000000   Number         0  stubs.o ABSOLUTE
    _printf_percent                          0x00000000   Number         0  stubs.o ABSOLUTE
    _printf_pre_padding                      0x00000000   Number         0  stubs.o ABSOLUTE
    _printf_return_value                     0x00000000   Number         0  stubs.o ABSOLUTE
    _printf_s                                0x00000000   Number         0  stubs.o ABSOLUTE
    _printf_sizespec                         0x00000000   Number         0  stubs.o ABSOLUTE
    _printf_str                              0x00000000   Number         0  stubs.o ABSOLUTE
    _printf_truncate_signed                  0x00000000   Number         0  stubs.o ABSOLUTE
    _printf_truncate_unsigned                0x00000000   Number         0  stubs.o ABSOLUTE
    _printf_u                                0x00000000   Number         0  stubs.o ABSOLUTE
    _printf_wc                               0x00000000   Number         0  stubs.o ABSOLUTE
    _printf_wctomb                           0x00000000   Number         0  stubs.o ABSOLUTE
    _printf_widthprec                        0x00000000   Number         0  stubs.o ABSOLUTE
    _printf_x                                0x00000000   Number         0  stubs.o ABSOLUTE
    __cpp_initialize__aeabi_                  - Undefined Weak Reference
    __cxa_finalize                            - Undefined Weak Reference
    __decompress                              - Undefined Weak Reference
    _clock_init                               - Undefined Weak Reference
    _microlib_exit                            - Undefined Weak Reference
    __Vectors_Size                           0x00000188   Number         0  startup_stm32f407xx.o ABSOLUTE
    __Vectors                                0x08000000   Data           4  startup_stm32f407xx.o(RESET)
    __Vectors_End                            0x08000188   Data           0  startup_stm32f407xx.o(RESET)
    __main                                   0x08000189   Thumb Code     0  entry.o(.ARM.Collect$$$$00000000)
    _main_stk                                0x08000189   Thumb Code     0  entry2.o(.ARM.Collect$$$$00000001)
    _main_scatterload                        0x0800018d   Thumb Code     0  entry5.o(.ARM.Collect$$$$00000004)
    __main_after_scatterload                 0x08000191   Thumb Code     0  entry5.o(.ARM.Collect$$$$00000004)
    _main_clock                              0x08000191   Thumb Code     0  entry7b.o(.ARM.Collect$$$$00000008)
    _main_cpp_init                           0x08000191   Thumb Code     0  entry8b.o(.ARM.Collect$$$$0000000A)
    _main_init                               0x08000191   Thumb Code     0  entry9a.o(.ARM.Collect$$$$0000000B)
    __rt_final_cpp                           0x08000199   Thumb Code     0  entry10a.o(.ARM.Collect$$$$0000000D)
    __rt_final_exit                          0x08000199   Thumb Code     0  entry11a.o(.ARM.Collect$$$$0000000F)
    SVC_Handler                              0x0800019d   Thumb Code    28  port.o(.emb_text)
    __asm___6_port_c_39a90d8d__prvStartFirstTask 0x080001bd   Thumb Code    36  port.o(.emb_text)
    __asm___6_port_c_39a90d8d__prvEnableVFP  0x080001e5   Thumb Code    16  port.o(.emb_text)
    PendSV_Handler                           0x080001f9   Thumb Code    88  port.o(.emb_text)
    vPortGetIPSR                             0x08000255   Thumb Code     6  port.o(.emb_text)
    Reset_Handler                            0x0800025d   Thumb Code     8  startup_stm32f407xx.o(.text)
    ADC_IRQHandler                           0x08000277   Thumb Code     0  startup_stm32f407xx.o(.text)
    CAN2_RX0_IRQHandler                      0x08000277   Thumb Code     0  startup_stm32f407xx.o(.text)
    CAN2_RX1_IRQHandler                      0x08000277   Thumb Code     0  startup_stm32f407xx.o(.text)
    CAN2_SCE_IRQHandler                      0x08000277   Thumb Code     0  startup_stm32f407xx.o(.text)
    CAN2_TX_IRQHandler                       0x08000277   Thumb Code     0  startup_stm32f407xx.o(.text)
    DCMI_IRQHandler                          0x08000277   Thumb Code     0  startup_stm32f407xx.o(.text)
    DMA1_Stream0_IRQHandler                  0x08000277   Thumb Code     0  startup_stm32f407xx.o(.text)
    DMA1_Stream1_IRQHandler                  0x08000277   Thumb Code     0  startup_stm32f407xx.o(.text)
    DMA1_Stream2_IRQHandler                  0x08000277   Thumb Code     0  startup_stm32f407xx.o(.text)
    DMA1_Stream3_IRQHandler                  0x08000277   Thumb Code     0  startup_stm32f407xx.o(.text)
    DMA1_Stream4_IRQHandler                  0x08000277   Thumb Code     0  startup_stm32f407xx.o(.text)
    DMA1_Stream5_IRQHandler                  0x08000277   Thumb Code     0  startup_stm32f407xx.o(.text)
    DMA1_Stream6_IRQHandler                  0x08000277   Thumb Code     0  startup_stm32f407xx.o(.text)
    DMA1_Stream7_IRQHandler                  0x08000277   Thumb Code     0  startup_stm32f407xx.o(.text)
    DMA2_Stream0_IRQHandler                  0x08000277   Thumb Code     0  startup_stm32f407xx.o(.text)
    DMA2_Stream1_IRQHandler                  0x08000277   Thumb Code     0  startup_stm32f407xx.o(.text)
    DMA2_Stream2_IRQHandler                  0x08000277   Thumb Code     0  startup_stm32f407xx.o(.text)
    DMA2_Stream3_IRQHandler                  0x08000277   Thumb Code     0  startup_stm32f407xx.o(.text)
    DMA2_Stream4_IRQHandler                  0x08000277   Thumb Code     0  startup_stm32f407xx.o(.text)
    DMA2_Stream5_IRQHandler                  0x08000277   Thumb Code     0  startup_stm32f407xx.o(.text)
    DMA2_Stream6_IRQHandler                  0x08000277   Thumb Code     0  startup_stm32f407xx.o(.text)
    DMA2_Stream7_IRQHandler                  0x08000277   Thumb Code     0  startup_stm32f407xx.o(.text)
    ETH_IRQHandler                           0x08000277   Thumb Code     0  startup_stm32f407xx.o(.text)
    ETH_WKUP_IRQHandler                      0x08000277   Thumb Code     0  startup_stm32f407xx.o(.text)
    EXTI0_IRQHandler                         0x08000277   Thumb Code     0  startup_stm32f407xx.o(.text)
    EXTI1_IRQHandler                         0x08000277   Thumb Code     0  startup_stm32f407xx.o(.text)
    EXTI2_IRQHandler                         0x08000277   Thumb Code     0  startup_stm32f407xx.o(.text)
    EXTI3_IRQHandler                         0x08000277   Thumb Code     0  startup_stm32f407xx.o(.text)
    EXTI4_IRQHandler                         0x08000277   Thumb Code     0  startup_stm32f407xx.o(.text)
    FLASH_IRQHandler                         0x08000277   Thumb Code     0  startup_stm32f407xx.o(.text)
    FMC_IRQHandler                           0x08000277   Thumb Code     0  startup_stm32f407xx.o(.text)
    FPU_IRQHandler                           0x08000277   Thumb Code     0  startup_stm32f407xx.o(.text)
    HASH_RNG_IRQHandler                      0x08000277   Thumb Code     0  startup_stm32f407xx.o(.text)
    I2C1_ER_IRQHandler                       0x08000277   Thumb Code     0  startup_stm32f407xx.o(.text)
    I2C1_EV_IRQHandler                       0x08000277   Thumb Code     0  startup_stm32f407xx.o(.text)
    I2C2_ER_IRQHandler                       0x08000277   Thumb Code     0  startup_stm32f407xx.o(.text)
    I2C2_EV_IRQHandler                       0x08000277   Thumb Code     0  startup_stm32f407xx.o(.text)
    I2C3_ER_IRQHandler                       0x08000277   Thumb Code     0  startup_stm32f407xx.o(.text)
    I2C3_EV_IRQHandler                       0x08000277   Thumb Code     0  startup_stm32f407xx.o(.text)
    OTG_FS_IRQHandler                        0x08000277   Thumb Code     0  startup_stm32f407xx.o(.text)
    OTG_FS_WKUP_IRQHandler                   0x08000277   Thumb Code     0  startup_stm32f407xx.o(.text)
    OTG_HS_EP1_IN_IRQHandler                 0x08000277   Thumb Code     0  startup_stm32f407xx.o(.text)
    OTG_HS_EP1_OUT_IRQHandler                0x08000277   Thumb Code     0  startup_stm32f407xx.o(.text)
    OTG_HS_IRQHandler                        0x08000277   Thumb Code     0  startup_stm32f407xx.o(.text)
    OTG_HS_WKUP_IRQHandler                   0x08000277   Thumb Code     0  startup_stm32f407xx.o(.text)
    PVD_IRQHandler                           0x08000277   Thumb Code     0  startup_stm32f407xx.o(.text)
    RCC_IRQHandler                           0x08000277   Thumb Code     0  startup_stm32f407xx.o(.text)
    RTC_Alarm_IRQHandler                     0x08000277   Thumb Code     0  startup_stm32f407xx.o(.text)
    RTC_WKUP_IRQHandler                      0x08000277   Thumb Code     0  startup_stm32f407xx.o(.text)
    SDIO_IRQHandler                          0x08000277   Thumb Code     0  startup_stm32f407xx.o(.text)
    SPI1_IRQHandler                          0x08000277   Thumb Code     0  startup_stm32f407xx.o(.text)
    SPI2_IRQHandler                          0x08000277   Thumb Code     0  startup_stm32f407xx.o(.text)
    SPI3_IRQHandler                          0x08000277   Thumb Code     0  startup_stm32f407xx.o(.text)
    TAMP_STAMP_IRQHandler                    0x08000277   Thumb Code     0  startup_stm32f407xx.o(.text)
    TIM1_BRK_TIM9_IRQHandler                 0x08000277   Thumb Code     0  startup_stm32f407xx.o(.text)
    TIM1_CC_IRQHandler                       0x08000277   Thumb Code     0  startup_stm32f407xx.o(.text)
    TIM1_TRG_COM_TIM11_IRQHandler            0x08000277   Thumb Code     0  startup_stm32f407xx.o(.text)
    TIM1_UP_TIM10_IRQHandler                 0x08000277   Thumb Code     0  startup_stm32f407xx.o(.text)
    TIM2_IRQHandler                          0x08000277   Thumb Code     0  startup_stm32f407xx.o(.text)
    TIM3_IRQHandler                          0x08000277   Thumb Code     0  startup_stm32f407xx.o(.text)
    TIM4_IRQHandler                          0x08000277   Thumb Code     0  startup_stm32f407xx.o(.text)
    TIM5_IRQHandler                          0x08000277   Thumb Code     0  startup_stm32f407xx.o(.text)
    TIM6_DAC_IRQHandler                      0x08000277   Thumb Code     0  startup_stm32f407xx.o(.text)
    TIM7_IRQHandler                          0x08000277   Thumb Code     0  startup_stm32f407xx.o(.text)
    TIM8_BRK_TIM12_IRQHandler                0x08000277   Thumb Code     0  startup_stm32f407xx.o(.text)
    TIM8_CC_IRQHandler                       0x08000277   Thumb Code     0  startup_stm32f407xx.o(.text)
    TIM8_TRG_COM_TIM14_IRQHandler            0x08000277   Thumb Code     0  startup_stm32f407xx.o(.text)
    TIM8_UP_TIM13_IRQHandler                 0x08000277   Thumb Code     0  startup_stm32f407xx.o(.text)
    UART4_IRQHandler                         0x08000277   Thumb Code     0  startup_stm32f407xx.o(.text)
    USART1_IRQHandler                        0x08000277   Thumb Code     0  startup_stm32f407xx.o(.text)
    USART6_IRQHandler                        0x08000277   Thumb Code     0  startup_stm32f407xx.o(.text)
    WWDG_IRQHandler                          0x08000277   Thumb Code     0  startup_stm32f407xx.o(.text)
    __aeabi_uldivmod                         0x08000281   Thumb Code    98  uldiv.o(.text)
    __aeabi_memcpy                           0x080002e3   Thumb Code    36  memcpya.o(.text)
    __aeabi_memcpy4                          0x080002e3   Thumb Code     0  memcpya.o(.text)
    __aeabi_memcpy8                          0x080002e3   Thumb Code     0  memcpya.o(.text)
    __aeabi_memset                           0x08000307   Thumb Code    14  memseta.o(.text)
    __aeabi_memset4                          0x08000307   Thumb Code     0  memseta.o(.text)
    __aeabi_memset8                          0x08000307   Thumb Code     0  memseta.o(.text)
    __aeabi_memclr                           0x08000315   Thumb Code     4  memseta.o(.text)
    __aeabi_memclr4                          0x08000315   Thumb Code     0  memseta.o(.text)
    __aeabi_memclr8                          0x08000315   Thumb Code     0  memseta.o(.text)
    memset                                   0x08000319   Thumb Code    18  memseta.o(.text)
    strstr                                   0x0800032b   Thumb Code    36  strstr.o(.text)
    strlen                                   0x0800034f   Thumb Code    14  strlen.o(.text)
    strcmp                                   0x0800035d   Thumb Code    28  strcmp.o(.text)
    strcpy                                   0x08000379   Thumb Code    18  strcpy.o(.text)
    __aeabi_dmul                             0x0800038b   Thumb Code   228  dmul.o(.text)
    __aeabi_ui2d                             0x0800046f   Thumb Code    26  dfltui.o(.text)
    __aeabi_f2d                              0x08000489   Thumb Code    38  f2d.o(.text)
    __aeabi_uidiv                            0x080004af   Thumb Code     0  uidiv.o(.text)
    __aeabi_uidivmod                         0x080004af   Thumb Code    44  uidiv.o(.text)
    __aeabi_llsl                             0x080004db   Thumb Code    30  llshl.o(.text)
    _ll_shift_l                              0x080004db   Thumb Code     0  llshl.o(.text)
    __aeabi_llsr                             0x080004f9   Thumb Code    32  llushr.o(.text)
    _ll_ushift_r                             0x080004f9   Thumb Code     0  llushr.o(.text)
    __I$use$fp                               0x08000519   Thumb Code     0  iusefp.o(.text)
    _double_round                            0x08000519   Thumb Code    30  depilogue.o(.text)
    _double_epilogue                         0x08000537   Thumb Code   156  depilogue.o(.text)
    __aeabi_dadd                             0x080005d3   Thumb Code   322  dadd.o(.text)
    __aeabi_dsub                             0x08000715   Thumb Code     6  dadd.o(.text)
    __aeabi_drsub                            0x0800071b   Thumb Code     6  dadd.o(.text)
    __aeabi_ddiv                             0x08000721   Thumb Code   222  ddiv.o(.text)
    __aeabi_d2ulz                            0x080007ff   Thumb Code    48  dfixul.o(.text)
    __aeabi_cdrcmple                         0x08000831   Thumb Code    48  cdrcmple.o(.text)
    __scatterload                            0x08000861   Thumb Code    28  init.o(.text)
    __scatterload_rt2                        0x08000861   Thumb Code     0  init.o(.text)
    __aeabi_lasr                             0x08000885   Thumb Code    36  llsshr.o(.text)
    _ll_sshift_r                             0x08000885   Thumb Code     0  llsshr.o(.text)
    BusFault_Handler                         0x080008a9   Thumb Code     2  stm32f4xx_it.o(i.BusFault_Handler)
    CAN1_RX0_IRQHandler                      0x080008ad   Thumb Code     6  stm32f4xx_it.o(i.CAN1_RX0_IRQHandler)
    CAN1_RX1_IRQHandler                      0x080008b9   Thumb Code     6  stm32f4xx_it.o(i.CAN1_RX1_IRQHandler)
    CAN1_SCE_IRQHandler                      0x080008c5   Thumb Code     6  stm32f4xx_it.o(i.CAN1_SCE_IRQHandler)
    CAN1_TX_IRQHandler                       0x080008d1   Thumb Code     6  stm32f4xx_it.o(i.CAN1_TX_IRQHandler)
    DHT11_Read_TempAndHumidity               0x0800095d   Thumb Code   238  dht11.o(i.DHT11_Read_TempAndHumidity)
    DebugMon_Handler                         0x08000a55   Thumb Code     2  stm32f4xx_it.o(i.DebugMon_Handler)
    EXTI15_10_IRQHandler                     0x08000a57   Thumb Code     8  stm32f4xx_it.o(i.EXTI15_10_IRQHandler)
    EXTI9_5_IRQHandler                       0x08000a5f   Thumb Code    34  stm32f4xx_it.o(i.EXTI9_5_IRQHandler)
    Error_Handler                            0x08000a81   Thumb Code     4  main.o(i.Error_Handler)
    HAL_CAN_ErrorCallback                    0x08000a85   Thumb Code     2  stm32f4xx_hal_can.o(i.HAL_CAN_ErrorCallback)
    HAL_CAN_IRQHandler                       0x08000a87   Thumb Code   508  stm32f4xx_hal_can.o(i.HAL_CAN_IRQHandler)
    HAL_CAN_Init                             0x08000c83   Thumb Code   282  stm32f4xx_hal_can.o(i.HAL_CAN_Init)
    HAL_CAN_MspInit                          0x08000d9d   Thumb Code   158  can.o(i.HAL_CAN_MspInit)
    HAL_CAN_RxFifo0FullCallback              0x08000e49   Thumb Code     2  stm32f4xx_hal_can.o(i.HAL_CAN_RxFifo0FullCallback)
    HAL_CAN_RxFifo0MsgPendingCallback        0x08000e4b   Thumb Code     2  stm32f4xx_hal_can.o(i.HAL_CAN_RxFifo0MsgPendingCallback)
    HAL_CAN_RxFifo1FullCallback              0x08000e4d   Thumb Code     2  stm32f4xx_hal_can.o(i.HAL_CAN_RxFifo1FullCallback)
    HAL_CAN_RxFifo1MsgPendingCallback        0x08000e4f   Thumb Code     2  stm32f4xx_hal_can.o(i.HAL_CAN_RxFifo1MsgPendingCallback)
    HAL_CAN_SleepCallback                    0x08000e51   Thumb Code     2  stm32f4xx_hal_can.o(i.HAL_CAN_SleepCallback)
    HAL_CAN_TxMailbox0AbortCallback          0x08000e53   Thumb Code     2  stm32f4xx_hal_can.o(i.HAL_CAN_TxMailbox0AbortCallback)
    HAL_CAN_TxMailbox0CompleteCallback       0x08000e55   Thumb Code     2  stm32f4xx_hal_can.o(i.HAL_CAN_TxMailbox0CompleteCallback)
    HAL_CAN_TxMailbox1AbortCallback          0x08000e57   Thumb Code     2  stm32f4xx_hal_can.o(i.HAL_CAN_TxMailbox1AbortCallback)
    HAL_CAN_TxMailbox1CompleteCallback       0x08000e59   Thumb Code     2  stm32f4xx_hal_can.o(i.HAL_CAN_TxMailbox1CompleteCallback)
    HAL_CAN_TxMailbox2AbortCallback          0x08000e5b   Thumb Code     2  stm32f4xx_hal_can.o(i.HAL_CAN_TxMailbox2AbortCallback)
    HAL_CAN_TxMailbox2CompleteCallback       0x08000e5d   Thumb Code     2  stm32f4xx_hal_can.o(i.HAL_CAN_TxMailbox2CompleteCallback)
    HAL_CAN_WakeUpFromRxMsgCallback          0x08000e5f   Thumb Code     2  stm32f4xx_hal_can.o(i.HAL_CAN_WakeUpFromRxMsgCallback)
    HAL_DMA_Abort                            0x08000e61   Thumb Code   146  stm32f4xx_hal_dma.o(i.HAL_DMA_Abort)
    HAL_DMA_Abort_IT                         0x08000ef3   Thumb Code    36  stm32f4xx_hal_dma.o(i.HAL_DMA_Abort_IT)
    HAL_Delay                                0x08000f19   Thumb Code    32  stm32f4xx_hal.o(i.HAL_Delay)
    HAL_GPIO_EXTI_Callback                   0x08000f3d   Thumb Code    84  key.o(i.HAL_GPIO_EXTI_Callback)
    HAL_GPIO_EXTI_IRQHandler                 0x08000f99   Thumb Code    18  stm32f4xx_hal_gpio.o(i.HAL_GPIO_EXTI_IRQHandler)
    HAL_GPIO_Init                            0x08000fb1   Thumb Code   450  stm32f4xx_hal_gpio.o(i.HAL_GPIO_Init)
    HAL_GPIO_ReadPin                         0x080011a1   Thumb Code    10  stm32f4xx_hal_gpio.o(i.HAL_GPIO_ReadPin)
    HAL_GPIO_WritePin                        0x080011ab   Thumb Code    10  stm32f4xx_hal_gpio.o(i.HAL_GPIO_WritePin)
    HAL_GetTick                              0x080011b5   Thumb Code     6  stm32f4xx_hal.o(i.HAL_GetTick)
    HAL_IncTick                              0x080011c1   Thumb Code    12  stm32f4xx_hal.o(i.HAL_IncTick)
    HAL_Init                                 0x080011d1   Thumb Code    48  stm32f4xx_hal.o(i.HAL_Init)
    HAL_InitTick                             0x08001205   Thumb Code    54  stm32f4xx_hal.o(i.HAL_InitTick)
    HAL_MspInit                              0x08001245   Thumb Code    52  stm32f4xx_hal_msp.o(i.HAL_MspInit)
    HAL_NVIC_EnableIRQ                       0x0800127d   Thumb Code    26  stm32f4xx_hal_cortex.o(i.HAL_NVIC_EnableIRQ)
    HAL_NVIC_SetPriority                     0x08001299   Thumb Code    60  stm32f4xx_hal_cortex.o(i.HAL_NVIC_SetPriority)
    HAL_NVIC_SetPriorityGrouping             0x080012d9   Thumb Code    26  stm32f4xx_hal_cortex.o(i.HAL_NVIC_SetPriorityGrouping)
    HAL_RCC_ClockConfig                      0x080012fd   Thumb Code   288  stm32f4xx_hal_rcc.o(i.HAL_RCC_ClockConfig)
    HAL_RCC_GetPCLK1Freq                     0x08001431   Thumb Code    20  stm32f4xx_hal_rcc.o(i.HAL_RCC_GetPCLK1Freq)
    HAL_RCC_GetPCLK2Freq                     0x08001451   Thumb Code    20  stm32f4xx_hal_rcc.o(i.HAL_RCC_GetPCLK2Freq)
    HAL_RCC_GetSysClockFreq                  0x08001471   Thumb Code    88  stm32f4xx_hal_rcc.o(i.HAL_RCC_GetSysClockFreq)
    HAL_RCC_OscConfig                        0x080014d1   Thumb Code   856  stm32f4xx_hal_rcc.o(i.HAL_RCC_OscConfig)
    HAL_SYSTICK_Config                       0x0800183d   Thumb Code    40  stm32f4xx_hal_cortex.o(i.HAL_SYSTICK_Config)
    HAL_TIMEx_MasterConfigSynchronization    0x08001865   Thumb Code   116  stm32f4xx_hal_tim_ex.o(i.HAL_TIMEx_MasterConfigSynchronization)
    HAL_TIM_Base_Init                        0x080018f5   Thumb Code    90  stm32f4xx_hal_tim.o(i.HAL_TIM_Base_Init)
    HAL_TIM_Base_MspInit                     0x08001951   Thumb Code    52  tim.o(i.HAL_TIM_Base_MspInit)
    HAL_TIM_Base_Start                       0x08001991   Thumb Code    90  stm32f4xx_hal_tim.o(i.HAL_TIM_Base_Start)
    HAL_TIM_Base_Stop                        0x08001a09   Thumb Code    38  stm32f4xx_hal_tim.o(i.HAL_TIM_Base_Stop)
    HAL_UARTEx_RxEventCallback               0x08001a2f   Thumb Code     2  stm32f4xx_hal_uart.o(i.HAL_UARTEx_RxEventCallback)
    HAL_UART_ErrorCallback                   0x08001a31   Thumb Code     2  stm32f4xx_hal_uart.o(i.HAL_UART_ErrorCallback)
    HAL_UART_IRQHandler                      0x08001a35   Thumb Code   610  stm32f4xx_hal_uart.o(i.HAL_UART_IRQHandler)
    HAL_UART_Init                            0x08001c9d   Thumb Code    98  stm32f4xx_hal_uart.o(i.HAL_UART_Init)
    HAL_UART_MspInit                         0x08001d01   Thumb Code   360  usart.o(i.HAL_UART_MspInit)
    HAL_UART_Receive_IT                      0x08001e8d   Thumb Code    42  stm32f4xx_hal_uart.o(i.HAL_UART_Receive_IT)
    HAL_UART_RxCpltCallback                  0x08001eb9   Thumb Code    24  usart.o(i.HAL_UART_RxCpltCallback)
    HAL_UART_Transmit                        0x08001ed9   Thumb Code   178  stm32f4xx_hal_uart.o(i.HAL_UART_Transmit)
    HAL_UART_TxCpltCallback                  0x08001f8b   Thumb Code     2  stm32f4xx_hal_uart.o(i.HAL_UART_TxCpltCallback)
    HardFault_Handler                        0x08001f8d   Thumb Code     2  stm32f4xx_it.o(i.HardFault_Handler)
    Hcsr04_StateRead                         0x08001f91   Thumb Code    94  hr04.o(i.Hcsr04_StateRead)
    MX_CAN1_Init                             0x08001ffd   Thumb Code    64  can.o(i.MX_CAN1_Init)
    MX_FREERTOS_Init                         0x08002045   Thumb Code    74  freertos.o(i.MX_FREERTOS_Init)
    MX_GPIO_Init                             0x08002099   Thumb Code   376  gpio.o(i.MX_GPIO_Init)
    MX_TIM6_Init                             0x08002225   Thumb Code    60  tim.o(i.MX_TIM6_Init)
    MX_TIM7_Init                             0x08002269   Thumb Code    60  tim.o(i.MX_TIM7_Init)
    MX_UART5_Init                            0x080022ad   Thumb Code    48  usart.o(i.MX_UART5_Init)
    MX_USART2_UART_Init                      0x080022e5   Thumb Code    48  usart.o(i.MX_USART2_UART_Init)
    MX_USART3_UART_Init                      0x0800231d   Thumb Code    48  usart.o(i.MX_USART3_UART_Init)
    MX_USART6_UART_Init                      0x08002355   Thumb Code    48  usart.o(i.MX_USART6_UART_Init)
    MemManage_Handler                        0x0800238d   Thumb Code     2  stm32f4xx_it.o(i.MemManage_Handler)
    NMI_Handler                              0x0800238f   Thumb Code     2  stm32f4xx_it.o(i.NMI_Handler)
    StartDHT11Task                           0x08002391   Thumb Code    92  freertos.o(i.StartDHT11Task)
    StartMainTask                            0x080023fd   Thumb Code   196  freertos.o(i.StartMainTask)
    StartVoiceTask                           0x08002521   Thumb Code    56  freertos.o(i.StartVoiceTask)
    SysTick_Handler                          0x08002581   Thumb Code    24  stm32f4xx_it.o(i.SysTick_Handler)
    SystemClock_Config                       0x08002599   Thumb Code   134  main.o(i.SystemClock_Config)
    SystemInit                               0x08002629   Thumb Code    12  system_stm32f4xx.o(i.SystemInit)
    TIM_Base_SetConfig                       0x08002639   Thumb Code   156  stm32f4xx_hal_tim.o(i.TIM_Base_SetConfig)
    UART5_IRQHandler                         0x08002701   Thumb Code     6  stm32f4xx_it.o(i.UART5_IRQHandler)
    UART_Start_Receive_IT                    0x08002939   Thumb Code    54  stm32f4xx_hal_uart.o(i.UART_Start_Receive_IT)
    USART2_IRQHandler                        0x080029e9   Thumb Code     6  stm32f4xx_it.o(i.USART2_IRQHandler)
    USART3_IRQHandler                        0x080029f5   Thumb Code     6  stm32f4xx_it.o(i.USART3_IRQHandler)
    UsageFault_Handler                       0x08002a01   Thumb Code     2  stm32f4xx_it.o(i.UsageFault_Handler)
    __0printf                                0x08002a05   Thumb Code    22  printfa.o(i.__0printf)
    __1printf                                0x08002a05   Thumb Code     0  printfa.o(i.__0printf)
    __2printf                                0x08002a05   Thumb Code     0  printfa.o(i.__0printf)
    __c89printf                              0x08002a05   Thumb Code     0  printfa.o(i.__0printf)
    printf                                   0x08002a05   Thumb Code     0  printfa.o(i.__0printf)
    __0sprintf                               0x08002a25   Thumb Code    34  printfa.o(i.__0sprintf)
    __1sprintf                               0x08002a25   Thumb Code     0  printfa.o(i.__0sprintf)
    __2sprintf                               0x08002a25   Thumb Code     0  printfa.o(i.__0sprintf)
    __c89sprintf                             0x08002a25   Thumb Code     0  printfa.o(i.__0sprintf)
    sprintf                                  0x08002a25   Thumb Code     0  printfa.o(i.__0sprintf)
    __scatterload_copy                       0x08002a6d   Thumb Code    14  handlers.o(i.__scatterload_copy)
    __scatterload_null                       0x08002a7b   Thumb Code     2  handlers.o(i.__scatterload_null)
    __scatterload_zeroinit                   0x08002a7d   Thumb Code    14  handlers.o(i.__scatterload_zeroinit)
    blue_send                                0x08003349   Thumb Code    26  blue.o(i.blue_send)
    bluetooth_interrupt                      0x08003369   Thumb Code    68  blue.o(i.bluetooth_interrupt)
    delay_us                                 0x080033b9   Thumb Code    44  delay.o(i.delay_us)
    fputc                                    0x080033e9   Thumb Code    38  usart.o(i.fputc)
    get_message                              0x08003415   Thumb Code    60  rs485.o(i.get_message)
    get_rs485_state                          0x08003469   Thumb Code     8  rs485.o(i.get_rs485_state)
    init_rs485                               0x08003481   Thumb Code    22  rs485.o(i.init_rs485)
    main                                     0x080034a1   Thumb Code    60  main.o(i.main)
    osDelay                                  0x080034f1   Thumb Code    14  cmsis_os.o(i.osDelay)
    osKernelStart                            0x080034ff   Thumb Code    10  cmsis_os.o(i.osKernelStart)
    osThreadCreate                           0x08003509   Thumb Code    84  cmsis_os.o(i.osThreadCreate)
    osThreadResume                           0x0800355d   Thumb Code    46  cmsis_os.o(i.osThreadResume)
    osThreadSuspend                          0x08003591   Thumb Code    10  cmsis_os.o(i.osThreadSuspend)
    pvPortMalloc                             0x0800391d   Thumb Code   216  heap_4.o(i.pvPortMalloc)
    pxPortInitialiseStack                    0x080039f9   Thumb Code    40  port.o(i.pxPortInitialiseStack)
    reset_rxbuff                             0x08003a25   Thumb Code    26  rs485.o(i.reset_rxbuff)
    rs485_receive_interrupt                  0x08003a49   Thumb Code    86  rs485.o(i.rs485_receive_interrupt)
    rs485_sendData                           0x08003abd   Thumb Code    92  rs485.o(i.rs485_sendData)
    set_rs485_state                          0x08003b45   Thumb Code    18  rs485.o(i.set_rs485_state)
    uxListRemove                             0x08003b5d   Thumb Code    38  list.o(i.uxListRemove)
    vApplicationGetIdleTaskMemory            0x08003b85   Thumb Code    16  freertos.o(i.vApplicationGetIdleTaskMemory)
    vListInitialise                          0x08003b99   Thumb Code    22  list.o(i.vListInitialise)
    vListInitialiseItem                      0x08003baf   Thumb Code     6  list.o(i.vListInitialiseItem)
    vListInsert                              0x08003bb5   Thumb Code    48  list.o(i.vListInsert)
    vListInsertEnd                           0x08003be5   Thumb Code    24  list.o(i.vListInsertEnd)
    vPortEnterCritical                       0x08003bfd   Thumb Code    54  port.o(i.vPortEnterCritical)
    vPortExitCritical                        0x08003c3d   Thumb Code    34  port.o(i.vPortExitCritical)
    vPortFree                                0x08003c65   Thumb Code    94  heap_4.o(i.vPortFree)
    vPortSetupTimerInterrupt                 0x08003cc9   Thumb Code    32  port.o(i.vPortSetupTimerInterrupt)
    vPortValidateInterruptPriority           0x08003ced   Thumb Code    74  port.o(i.vPortValidateInterruptPriority)
    vTaskDelay                               0x08003d41   Thumb Code    66  tasks.o(i.vTaskDelay)
    vTaskResume                              0x08003d8d   Thumb Code   112  tasks.o(i.vTaskResume)
    vTaskStartScheduler                      0x08003e09   Thumb Code    90  tasks.o(i.vTaskStartScheduler)
    vTaskSuspend                             0x08003e75   Thumb Code   174  tasks.o(i.vTaskSuspend)
    vTaskSuspendAll                          0x08003f31   Thumb Code    10  tasks.o(i.vTaskSuspendAll)
    vTaskSwitchContext                       0x08003f41   Thumb Code    82  tasks.o(i.vTaskSwitchContext)
    xPortStartScheduler                      0x08003f9d   Thumb Code   222  port.o(i.xPortStartScheduler)
    xPortSysTickHandler                      0x08004091   Thumb Code    38  port.o(i.xPortSysTickHandler)
    xTaskCreate                              0x080040bd   Thumb Code    90  tasks.o(i.xTaskCreate)
    xTaskCreateStatic                        0x08004117   Thumb Code    86  tasks.o(i.xTaskCreateStatic)
    xTaskGetSchedulerState                   0x0800416d   Thumb Code    22  tasks.o(i.xTaskGetSchedulerState)
    xTaskIncrementTick                       0x08004189   Thumb Code   194  tasks.o(i.xTaskIncrementTick)
    xTaskResumeAll                           0x08004255   Thumb Code   182  tasks.o(i.xTaskResumeAll)
    xTaskResumeFromISR                       0x08004319   Thumb Code   128  tasks.o(i.xTaskResumeFromISR)
    AHBPrescTable                            0x080043f4   Data          16  system_stm32f4xx.o(.constdata)
    APBPrescTable                            0x08004404   Data           8  system_stm32f4xx.o(.constdata)
    Region$$Table$$Base                      0x08004430   Number         0  anon$$obj.o(Region$$Table)
    Region$$Table$$Limit                     0x08004450   Number         0  anon$$obj.o(Region$$Table)
    key_value                                0x20000000   Data           4  key.o(.data)
    uart_byte_count                          0x20000004   Data           1  rs485.o(.data)
    RS485_buffer                             0x20000005   Data           1  rs485.o(.data)
    clicent_receive                          0x20000008   Data           4  rs485.o(.data)
    receive_flag                             0x2000000c   Data           4  rs485.o(.data)
    rxBuffer                                 0x20000010   Data           1  blue.o(.data)
    rxCount                                  0x20000011   Data           1  blue.o(.data)
    blueName                                 0x20000012   Data           4  blue.o(.data)
    bluePwd                                  0x20000016   Data           5  blue.o(.data)
    DHT11TaskHandle                          0x20000020   Data           4  freertos.o(.data)
    MainTaskHandle                           0x20000024   Data           4  freertos.o(.data)
    VoiceTaskHandle                          0x20000028   Data           4  freertos.o(.data)
    distance                                 0x20000030   Data           8  freertos.o(.data)
    uwTickFreq                               0x20000038   Data           1  stm32f4xx_hal.o(.data)
    uwTickPrio                               0x2000003c   Data           4  stm32f4xx_hal.o(.data)
    uwTick                                   0x20000040   Data           4  stm32f4xx_hal.o(.data)
    SystemCoreClock                          0x20000044   Data           4  system_stm32f4xx.o(.data)
    pxCurrentTCB                             0x20000048   Data           4  tasks.o(.data)
    __stdout                                 0x200000b0   Data           4  stdout.o(.data)
    RS485_receive_str                        0x200000b4   Data         256  rs485.o(.bss)
    final                                    0x200001b4   Data         128  rs485.o(.bss)
    cmdBuf                                   0x20000234   Data         100  blue.o(.bss)
    rxBuff                                   0x20000298   Data         500  blue.o(.bss)
    DHT11_buffer                             0x2000048c   Data         128  freertos.o(.bss)
    blue_sendmsg                             0x2000050c   Data          32  freertos.o(.bss)
    RS485_receivemsg                         0x2000052c   Data          32  freertos.o(.bss)
    DHT11_Data                               0x2000054c   Data          16  freertos.o(.bss)
    hcan1                                    0x200007b0   Data          40  can.o(.bss)
    htim6                                    0x200007d8   Data          72  tim.o(.bss)
    htim7                                    0x20000820   Data          72  tim.o(.bss)
    huart5                                   0x20000868   Data          68  usart.o(.bss)
    huart2                                   0x200008ac   Data          68  usart.o(.bss)
    huart3                                   0x200008f0   Data          68  usart.o(.bss)
    huart6                                   0x20000934   Data          68  usart.o(.bss)
    __initial_sp                             0x20004a68   Data           0  startup_stm32f407xx.o(STACK)



==============================================================================

Memory Map of the image

  Image Entry point : 0x08000189

  Load Region LR_IROM1 (Base: 0x08000000, Size: 0x00004504, Max: 0x00100000, ABSOLUTE)

    Execution Region ER_IROM1 (Exec base: 0x08000000, Load base: 0x08000000, Size: 0x00004450, Max: 0x00100000, ABSOLUTE)

    Exec Addr    Load Addr    Size         Type   Attr      Idx    E Section Name        Object

    0x08000000   0x08000000   0x00000188   Data   RO            3    RESET               startup_stm32f407xx.o
    0x08000188   0x08000188   0x00000000   Code   RO         4934  * .ARM.Collect$$$$00000000  mc_w.l(entry.o)
    0x08000188   0x08000188   0x00000004   Code   RO         5222    .ARM.Collect$$$$00000001  mc_w.l(entry2.o)
    0x0800018c   0x0800018c   0x00000004   Code   RO         5225    .ARM.Collect$$$$00000004  mc_w.l(entry5.o)
    0x08000190   0x08000190   0x00000000   Code   RO         5227    .ARM.Collect$$$$00000008  mc_w.l(entry7b.o)
    0x08000190   0x08000190   0x00000000   Code   RO         5229    .ARM.Collect$$$$0000000A  mc_w.l(entry8b.o)
    0x08000190   0x08000190   0x00000008   Code   RO         5230    .ARM.Collect$$$$0000000B  mc_w.l(entry9a.o)
    0x08000198   0x08000198   0x00000000   Code   RO         5232    .ARM.Collect$$$$0000000D  mc_w.l(entry10a.o)
    0x08000198   0x08000198   0x00000000   Code   RO         5234    .ARM.Collect$$$$0000000F  mc_w.l(entry11a.o)
    0x08000198   0x08000198   0x00000004   Code   RO         5223    .ARM.Collect$$$$00002712  mc_w.l(entry2.o)
    0x0800019c   0x0800019c   0x000000be   Code   RO         4857    .emb_text           port.o
    0x0800025a   0x0800025a   0x00000002   PAD
    0x0800025c   0x0800025c   0x00000024   Code   RO            4    .text               startup_stm32f407xx.o
    0x08000280   0x08000280   0x00000062   Code   RO         4937    .text               mc_w.l(uldiv.o)
    0x080002e2   0x080002e2   0x00000024   Code   RO         4939    .text               mc_w.l(memcpya.o)
    0x08000306   0x08000306   0x00000024   Code   RO         4943    .text               mc_w.l(memseta.o)
    0x0800032a   0x0800032a   0x00000024   Code   RO         4945    .text               mc_w.l(strstr.o)
    0x0800034e   0x0800034e   0x0000000e   Code   RO         4947    .text               mc_w.l(strlen.o)
    0x0800035c   0x0800035c   0x0000001c   Code   RO         4949    .text               mc_w.l(strcmp.o)
    0x08000378   0x08000378   0x00000012   Code   RO         4951    .text               mc_w.l(strcpy.o)
    0x0800038a   0x0800038a   0x000000e4   Code   RO         5216    .text               mf_w.l(dmul.o)
    0x0800046e   0x0800046e   0x0000001a   Code   RO         5218    .text               mf_w.l(dfltui.o)
    0x08000488   0x08000488   0x00000026   Code   RO         5220    .text               mf_w.l(f2d.o)
    0x080004ae   0x080004ae   0x0000002c   Code   RO         5237    .text               mc_w.l(uidiv.o)
    0x080004da   0x080004da   0x0000001e   Code   RO         5239    .text               mc_w.l(llshl.o)
    0x080004f8   0x080004f8   0x00000020   Code   RO         5241    .text               mc_w.l(llushr.o)
    0x08000518   0x08000518   0x00000000   Code   RO         5243    .text               mc_w.l(iusefp.o)
    0x08000518   0x08000518   0x000000ba   Code   RO         5244    .text               mf_w.l(depilogue.o)
    0x080005d2   0x080005d2   0x0000014e   Code   RO         5246    .text               mf_w.l(dadd.o)
    0x08000720   0x08000720   0x000000de   Code   RO         5248    .text               mf_w.l(ddiv.o)
    0x080007fe   0x080007fe   0x00000030   Code   RO         5250    .text               mf_w.l(dfixul.o)
    0x0800082e   0x0800082e   0x00000002   PAD
    0x08000830   0x08000830   0x00000030   Code   RO         5252    .text               mf_w.l(cdrcmple.o)
    0x08000860   0x08000860   0x00000024   Code   RO         5254    .text               mc_w.l(init.o)
    0x08000884   0x08000884   0x00000024   Code   RO         5256    .text               mc_w.l(llsshr.o)
    0x080008a8   0x080008a8   0x00000002   Code   RO          764    i.BusFault_Handler  stm32f4xx_it.o
    0x080008aa   0x080008aa   0x00000002   PAD
    0x080008ac   0x080008ac   0x0000000c   Code   RO          765    i.CAN1_RX0_IRQHandler  stm32f4xx_it.o
    0x080008b8   0x080008b8   0x0000000c   Code   RO          766    i.CAN1_RX1_IRQHandler  stm32f4xx_it.o
    0x080008c4   0x080008c4   0x0000000c   Code   RO          767    i.CAN1_SCE_IRQHandler  stm32f4xx_it.o
    0x080008d0   0x080008d0   0x0000000c   Code   RO          768    i.CAN1_TX_IRQHandler  stm32f4xx_it.o
    0x080008dc   0x080008dc   0x00000020   Code   RO          231    i.DHT11_Mode_Out_PP  dht11.o
    0x080008fc   0x080008fc   0x00000060   Code   RO          232    i.DHT11_ReadByte    dht11.o
    0x0800095c   0x0800095c   0x000000f8   Code   RO          233    i.DHT11_Read_TempAndHumidity  dht11.o
    0x08000a54   0x08000a54   0x00000002   Code   RO          769    i.DebugMon_Handler  stm32f4xx_it.o
    0x08000a56   0x08000a56   0x00000008   Code   RO          770    i.EXTI15_10_IRQHandler  stm32f4xx_it.o
    0x08000a5e   0x08000a5e   0x00000022   Code   RO          771    i.EXTI9_5_IRQHandler  stm32f4xx_it.o
    0x08000a80   0x08000a80   0x00000004   Code   RO          446    i.Error_Handler     main.o
    0x08000a84   0x08000a84   0x00000002   Code   RO          912    i.HAL_CAN_ErrorCallback  stm32f4xx_hal_can.o
    0x08000a86   0x08000a86   0x000001fc   Code   RO          919    i.HAL_CAN_IRQHandler  stm32f4xx_hal_can.o
    0x08000c82   0x08000c82   0x0000011a   Code   RO          920    i.HAL_CAN_Init      stm32f4xx_hal_can.o
    0x08000d9c   0x08000d9c   0x000000ac   Code   RO          599    i.HAL_CAN_MspInit   can.o
    0x08000e48   0x08000e48   0x00000002   Code   RO          927    i.HAL_CAN_RxFifo0FullCallback  stm32f4xx_hal_can.o
    0x08000e4a   0x08000e4a   0x00000002   Code   RO          928    i.HAL_CAN_RxFifo0MsgPendingCallback  stm32f4xx_hal_can.o
    0x08000e4c   0x08000e4c   0x00000002   Code   RO          929    i.HAL_CAN_RxFifo1FullCallback  stm32f4xx_hal_can.o
    0x08000e4e   0x08000e4e   0x00000002   Code   RO          930    i.HAL_CAN_RxFifo1MsgPendingCallback  stm32f4xx_hal_can.o
    0x08000e50   0x08000e50   0x00000002   Code   RO          931    i.HAL_CAN_SleepCallback  stm32f4xx_hal_can.o
    0x08000e52   0x08000e52   0x00000002   Code   RO          934    i.HAL_CAN_TxMailbox0AbortCallback  stm32f4xx_hal_can.o
    0x08000e54   0x08000e54   0x00000002   Code   RO          935    i.HAL_CAN_TxMailbox0CompleteCallback  stm32f4xx_hal_can.o
    0x08000e56   0x08000e56   0x00000002   Code   RO          936    i.HAL_CAN_TxMailbox1AbortCallback  stm32f4xx_hal_can.o
    0x08000e58   0x08000e58   0x00000002   Code   RO          937    i.HAL_CAN_TxMailbox1CompleteCallback  stm32f4xx_hal_can.o
    0x08000e5a   0x08000e5a   0x00000002   Code   RO          938    i.HAL_CAN_TxMailbox2AbortCallback  stm32f4xx_hal_can.o
    0x08000e5c   0x08000e5c   0x00000002   Code   RO          939    i.HAL_CAN_TxMailbox2CompleteCallback  stm32f4xx_hal_can.o
    0x08000e5e   0x08000e5e   0x00000002   Code   RO          941    i.HAL_CAN_WakeUpFromRxMsgCallback  stm32f4xx_hal_can.o
    0x08000e60   0x08000e60   0x00000092   Code   RO         1602    i.HAL_DMA_Abort     stm32f4xx_hal_dma.o
    0x08000ef2   0x08000ef2   0x00000024   Code   RO         1603    i.HAL_DMA_Abort_IT  stm32f4xx_hal_dma.o
    0x08000f16   0x08000f16   0x00000002   PAD
    0x08000f18   0x08000f18   0x00000024   Code   RO         2021    i.HAL_Delay         stm32f4xx_hal.o
    0x08000f3c   0x08000f3c   0x0000005c   Code   RO           13    i.HAL_GPIO_EXTI_Callback  key.o
    0x08000f98   0x08000f98   0x00000018   Code   RO         1494    i.HAL_GPIO_EXTI_IRQHandler  stm32f4xx_hal_gpio.o
    0x08000fb0   0x08000fb0   0x000001f0   Code   RO         1495    i.HAL_GPIO_Init     stm32f4xx_hal_gpio.o
    0x080011a0   0x080011a0   0x0000000a   Code   RO         1497    i.HAL_GPIO_ReadPin  stm32f4xx_hal_gpio.o
    0x080011aa   0x080011aa   0x0000000a   Code   RO         1499    i.HAL_GPIO_WritePin  stm32f4xx_hal_gpio.o
    0x080011b4   0x080011b4   0x0000000c   Code   RO         2027    i.HAL_GetTick       stm32f4xx_hal.o
    0x080011c0   0x080011c0   0x00000010   Code   RO         2033    i.HAL_IncTick       stm32f4xx_hal.o
    0x080011d0   0x080011d0   0x00000034   Code   RO         2034    i.HAL_Init          stm32f4xx_hal.o
    0x08001204   0x08001204   0x00000040   Code   RO         2035    i.HAL_InitTick      stm32f4xx_hal.o
    0x08001244   0x08001244   0x00000038   Code   RO          882    i.HAL_MspInit       stm32f4xx_hal_msp.o
    0x0800127c   0x0800127c   0x0000001a   Code   RO         1884    i.HAL_NVIC_EnableIRQ  stm32f4xx_hal_cortex.o
    0x08001296   0x08001296   0x00000002   PAD
    0x08001298   0x08001298   0x00000040   Code   RO         1890    i.HAL_NVIC_SetPriority  stm32f4xx_hal_cortex.o
    0x080012d8   0x080012d8   0x00000024   Code   RO         1891    i.HAL_NVIC_SetPriorityGrouping  stm32f4xx_hal_cortex.o
    0x080012fc   0x080012fc   0x00000134   Code   RO         1141    i.HAL_RCC_ClockConfig  stm32f4xx_hal_rcc.o
    0x08001430   0x08001430   0x00000020   Code   RO         1148    i.HAL_RCC_GetPCLK1Freq  stm32f4xx_hal_rcc.o
    0x08001450   0x08001450   0x00000020   Code   RO         1149    i.HAL_RCC_GetPCLK2Freq  stm32f4xx_hal_rcc.o
    0x08001470   0x08001470   0x00000060   Code   RO         1150    i.HAL_RCC_GetSysClockFreq  stm32f4xx_hal_rcc.o
    0x080014d0   0x080014d0   0x0000036c   Code   RO         1153    i.HAL_RCC_OscConfig  stm32f4xx_hal_rcc.o
    0x0800183c   0x0800183c   0x00000028   Code   RO         1895    i.HAL_SYSTICK_Config  stm32f4xx_hal_cortex.o
    0x08001864   0x08001864   0x00000090   Code   RO         2997    i.HAL_TIMEx_MasterConfigSynchronization  stm32f4xx_hal_tim_ex.o
    0x080018f4   0x080018f4   0x0000005a   Code   RO         2274    i.HAL_TIM_Base_Init  stm32f4xx_hal_tim.o
    0x0800194e   0x0800194e   0x00000002   PAD
    0x08001950   0x08001950   0x00000040   Code   RO          641    i.HAL_TIM_Base_MspInit  tim.o
    0x08001990   0x08001990   0x00000078   Code   RO         2277    i.HAL_TIM_Base_Start  stm32f4xx_hal_tim.o
    0x08001a08   0x08001a08   0x00000026   Code   RO         2280    i.HAL_TIM_Base_Stop  stm32f4xx_hal_tim.o
    0x08001a2e   0x08001a2e   0x00000002   Code   RO         3256    i.HAL_UARTEx_RxEventCallback  stm32f4xx_hal_uart.o
    0x08001a30   0x08001a30   0x00000002   Code   RO         3270    i.HAL_UART_ErrorCallback  stm32f4xx_hal_uart.o
    0x08001a32   0x08001a32   0x00000002   PAD
    0x08001a34   0x08001a34   0x00000268   Code   RO         3273    i.HAL_UART_IRQHandler  stm32f4xx_hal_uart.o
    0x08001c9c   0x08001c9c   0x00000062   Code   RO         3274    i.HAL_UART_Init     stm32f4xx_hal_uart.o
    0x08001cfe   0x08001cfe   0x00000002   PAD
    0x08001d00   0x08001d00   0x0000018c   Code   RO          689    i.HAL_UART_MspInit  usart.o
    0x08001e8c   0x08001e8c   0x0000002a   Code   RO         3279    i.HAL_UART_Receive_IT  stm32f4xx_hal_uart.o
    0x08001eb6   0x08001eb6   0x00000002   PAD
    0x08001eb8   0x08001eb8   0x00000020   Code   RO          690    i.HAL_UART_RxCpltCallback  usart.o
    0x08001ed8   0x08001ed8   0x000000b2   Code   RO         3282    i.HAL_UART_Transmit  stm32f4xx_hal_uart.o
    0x08001f8a   0x08001f8a   0x00000002   Code   RO         3285    i.HAL_UART_TxCpltCallback  stm32f4xx_hal_uart.o
    0x08001f8c   0x08001f8c   0x00000002   Code   RO          772    i.HardFault_Handler  stm32f4xx_it.o
    0x08001f8e   0x08001f8e   0x00000002   PAD
    0x08001f90   0x08001f90   0x0000006c   Code   RO          416    i.Hcsr04_StateRead  hr04.o
    0x08001ffc   0x08001ffc   0x00000048   Code   RO          600    i.MX_CAN1_Init      can.o
    0x08002044   0x08002044   0x00000054   Code   RO          531    i.MX_FREERTOS_Init  freertos.o
    0x08002098   0x08002098   0x0000018c   Code   RO          507    i.MX_GPIO_Init      gpio.o
    0x08002224   0x08002224   0x00000044   Code   RO          642    i.MX_TIM6_Init      tim.o
    0x08002268   0x08002268   0x00000044   Code   RO          643    i.MX_TIM7_Init      tim.o
    0x080022ac   0x080022ac   0x00000038   Code   RO          691    i.MX_UART5_Init     usart.o
    0x080022e4   0x080022e4   0x00000038   Code   RO          692    i.MX_USART2_UART_Init  usart.o
    0x0800231c   0x0800231c   0x00000038   Code   RO          693    i.MX_USART3_UART_Init  usart.o
    0x08002354   0x08002354   0x00000038   Code   RO          694    i.MX_USART6_UART_Init  usart.o
    0x0800238c   0x0800238c   0x00000002   Code   RO          773    i.MemManage_Handler  stm32f4xx_it.o
    0x0800238e   0x0800238e   0x00000002   Code   RO          774    i.NMI_Handler       stm32f4xx_it.o
    0x08002390   0x08002390   0x0000006c   Code   RO          532    i.StartDHT11Task    freertos.o
    0x080023fc   0x080023fc   0x00000124   Code   RO          533    i.StartMainTask     freertos.o
    0x08002520   0x08002520   0x00000060   Code   RO          534    i.StartVoiceTask    freertos.o
    0x08002580   0x08002580   0x00000018   Code   RO          775    i.SysTick_Handler   stm32f4xx_it.o
    0x08002598   0x08002598   0x00000090   Code   RO          447    i.SystemClock_Config  main.o
    0x08002628   0x08002628   0x00000010   Code   RO         3603    i.SystemInit        system_stm32f4xx.o
    0x08002638   0x08002638   0x000000c8   Code   RO         2367    i.TIM_Base_SetConfig  stm32f4xx_hal_tim.o
    0x08002700   0x08002700   0x0000000c   Code   RO          776    i.UART5_IRQHandler  stm32f4xx_it.o
    0x0800270c   0x0800270c   0x00000010   Code   RO         3287    i.UART_DMAAbortOnError  stm32f4xx_hal_uart.o
    0x0800271c   0x0800271c   0x0000004e   Code   RO         3297    i.UART_EndRxTransfer  stm32f4xx_hal_uart.o
    0x0800276a   0x0800276a   0x000000c0   Code   RO         3299    i.UART_Receive_IT   stm32f4xx_hal_uart.o
    0x0800282a   0x0800282a   0x00000002   PAD
    0x0800282c   0x0800282c   0x0000010c   Code   RO         3300    i.UART_SetConfig    stm32f4xx_hal_uart.o
    0x08002938   0x08002938   0x00000036   Code   RO         3302    i.UART_Start_Receive_IT  stm32f4xx_hal_uart.o
    0x0800296e   0x0800296e   0x00000078   Code   RO         3303    i.UART_WaitOnFlagUntilTimeout  stm32f4xx_hal_uart.o
    0x080029e6   0x080029e6   0x00000002   PAD
    0x080029e8   0x080029e8   0x0000000c   Code   RO          777    i.USART2_IRQHandler  stm32f4xx_it.o
    0x080029f4   0x080029f4   0x0000000c   Code   RO          778    i.USART3_IRQHandler  stm32f4xx_it.o
    0x08002a00   0x08002a00   0x00000002   Code   RO          779    i.UsageFault_Handler  stm32f4xx_it.o
    0x08002a02   0x08002a02   0x00000002   PAD
    0x08002a04   0x08002a04   0x00000020   Code   RO         5188    i.__0printf         mc_w.l(printfa.o)
    0x08002a24   0x08002a24   0x00000028   Code   RO         5190    i.__0sprintf        mc_w.l(printfa.o)
    0x08002a4c   0x08002a4c   0x00000020   Code   RO         1897    i.__NVIC_SetPriority  stm32f4xx_hal_cortex.o
    0x08002a6c   0x08002a6c   0x0000000e   Code   RO         5260    i.__scatterload_copy  mc_w.l(handlers.o)
    0x08002a7a   0x08002a7a   0x00000002   Code   RO         5261    i.__scatterload_null  mc_w.l(handlers.o)
    0x08002a7c   0x08002a7c   0x0000000e   Code   RO         5262    i.__scatterload_zeroinit  mc_w.l(handlers.o)
    0x08002a8a   0x08002a8a   0x00000002   PAD
    0x08002a8c   0x08002a8c   0x00000184   Code   RO         5195    i._fp_digits        mc_w.l(printfa.o)
    0x08002c10   0x08002c10   0x000006dc   Code   RO         5196    i._printf_core      mc_w.l(printfa.o)
    0x080032ec   0x080032ec   0x00000024   Code   RO         5197    i._printf_post_padding  mc_w.l(printfa.o)
    0x08003310   0x08003310   0x0000002e   Code   RO         5198    i._printf_pre_padding  mc_w.l(printfa.o)
    0x0800333e   0x0800333e   0x0000000a   Code   RO         5200    i._sputc            mc_w.l(printfa.o)
    0x08003348   0x08003348   0x00000020   Code   RO          366    i.blue_send         blue.o
    0x08003368   0x08003368   0x00000050   Code   RO          368    i.bluetooth_interrupt  blue.o
    0x080033b8   0x080033b8   0x00000030   Code   RO          191    i.delay_us          delay.o
    0x080033e8   0x080033e8   0x0000002c   Code   RO          695    i.fputc             usart.o
    0x08003414   0x08003414   0x00000054   Code   RO          273    i.get_message       rs485.o
    0x08003468   0x08003468   0x0000000c   Code   RO          275    i.get_rs485_state   rs485.o
    0x08003474   0x08003474   0x0000000c   Code   RO         4421    i.inHandlerMode     cmsis_os.o
    0x08003480   0x08003480   0x00000020   Code   RO          277    i.init_rs485        rs485.o
    0x080034a0   0x080034a0   0x00000044   Code   RO          448    i.main              main.o
    0x080034e4   0x080034e4   0x0000000c   Code   RO         4423    i.makeFreeRtosPriority  cmsis_os.o
    0x080034f0   0x080034f0   0x0000000e   Code   RO         4425    i.osDelay           cmsis_os.o
    0x080034fe   0x080034fe   0x0000000a   Code   RO         4428    i.osKernelStart     cmsis_os.o
    0x08003508   0x08003508   0x00000054   Code   RO         4462    i.osThreadCreate    cmsis_os.o
    0x0800355c   0x0800355c   0x00000034   Code   RO         4466    i.osThreadResume    cmsis_os.o
    0x08003590   0x08003590   0x0000000a   Code   RO         4469    i.osThreadSuspend   cmsis_os.o
    0x0800359a   0x0800359a   0x00000002   PAD
    0x0800359c   0x0800359c   0x00000070   Code   RO         4105    i.prvAddCurrentTaskToDelayedList  tasks.o
    0x0800360c   0x0800360c   0x000000d0   Code   RO         4106    i.prvAddNewTaskToReadyList  tasks.o
    0x080036dc   0x080036dc   0x00000034   Code   RO         4107    i.prvDeleteTCB      tasks.o
    0x08003710   0x08003710   0x0000004c   Code   RO         4790    i.prvHeapInit       heap_4.o
    0x0800375c   0x0800375c   0x00000060   Code   RO         4108    i.prvIdleTask       tasks.o
    0x080037bc   0x080037bc   0x00000098   Code   RO         4109    i.prvInitialiseNewTask  tasks.o
    0x08003854   0x08003854   0x0000004c   Code   RO         4791    i.prvInsertBlockIntoFreeList  heap_4.o
    0x080038a0   0x080038a0   0x00000020   Code   RO         4110    i.prvResetNextTaskUnblockTime  tasks.o
    0x080038c0   0x080038c0   0x00000028   Code   RO         4858    i.prvTaskExitError  port.o
    0x080038e8   0x080038e8   0x00000034   Code   RO         4111    i.prvTaskIsTaskSuspended  tasks.o
    0x0800391c   0x0800391c   0x000000dc   Code   RO         4792    i.pvPortMalloc      heap_4.o
    0x080039f8   0x080039f8   0x0000002c   Code   RO         4859    i.pxPortInitialiseStack  port.o
    0x08003a24   0x08003a24   0x00000024   Code   RO          279    i.reset_rxbuff      rs485.o
    0x08003a48   0x08003a48   0x00000074   Code   RO          281    i.rs485_receive_interrupt  rs485.o
    0x08003abc   0x08003abc   0x00000088   Code   RO          282    i.rs485_sendData    rs485.o
    0x08003b44   0x08003b44   0x00000018   Code   RO          283    i.set_rs485_state   rs485.o
    0x08003b5c   0x08003b5c   0x00000026   Code   RO         3741    i.uxListRemove      list.o
    0x08003b82   0x08003b82   0x00000002   PAD
    0x08003b84   0x08003b84   0x00000014   Code   RO          535    i.vApplicationGetIdleTaskMemory  freertos.o
    0x08003b98   0x08003b98   0x00000016   Code   RO         3742    i.vListInitialise   list.o
    0x08003bae   0x08003bae   0x00000006   Code   RO         3743    i.vListInitialiseItem  list.o
    0x08003bb4   0x08003bb4   0x00000030   Code   RO         3744    i.vListInsert       list.o
    0x08003be4   0x08003be4   0x00000018   Code   RO         3745    i.vListInsertEnd    list.o
    0x08003bfc   0x08003bfc   0x00000040   Code   RO         4861    i.vPortEnterCritical  port.o
    0x08003c3c   0x08003c3c   0x00000028   Code   RO         4862    i.vPortExitCritical  port.o
    0x08003c64   0x08003c64   0x00000064   Code   RO         4793    i.vPortFree         heap_4.o
    0x08003cc8   0x08003cc8   0x00000024   Code   RO         4863    i.vPortSetupTimerInterrupt  port.o
    0x08003cec   0x08003cec   0x00000054   Code   RO         4864    i.vPortValidateInterruptPriority  port.o
    0x08003d40   0x08003d40   0x0000004c   Code   RO         4119    i.vTaskDelay        tasks.o
    0x08003d8c   0x08003d8c   0x0000007c   Code   RO         4130    i.vTaskResume       tasks.o
    0x08003e08   0x08003e08   0x0000006c   Code   RO         4132    i.vTaskStartScheduler  tasks.o
    0x08003e74   0x08003e74   0x000000bc   Code   RO         4133    i.vTaskSuspend      tasks.o
    0x08003f30   0x08003f30   0x00000010   Code   RO         4134    i.vTaskSuspendAll   tasks.o
    0x08003f40   0x08003f40   0x0000005c   Code   RO         4135    i.vTaskSwitchContext  tasks.o
    0x08003f9c   0x08003f9c   0x000000f4   Code   RO         4865    i.xPortStartScheduler  port.o
    0x08004090   0x08004090   0x0000002c   Code   RO         4866    i.xPortSysTickHandler  port.o
    0x080040bc   0x080040bc   0x0000005a   Code   RO         4138    i.xTaskCreate       tasks.o
    0x08004116   0x08004116   0x00000056   Code   RO         4139    i.xTaskCreateStatic  tasks.o
    0x0800416c   0x0800416c   0x0000001c   Code   RO         4143    i.xTaskGetSchedulerState  tasks.o
    0x08004188   0x08004188   0x000000cc   Code   RO         4146    i.xTaskIncrementTick  tasks.o
    0x08004254   0x08004254   0x000000c4   Code   RO         4152    i.xTaskResumeAll    tasks.o
    0x08004318   0x08004318   0x00000088   Code   RO         4153    i.xTaskResumeFromISR  tasks.o
    0x080043a0   0x080043a0   0x00000054   Data   RO          538    .constdata          freertos.o
    0x080043f4   0x080043f4   0x00000010   Data   RO         3604    .constdata          system_stm32f4xx.o
    0x08004404   0x08004404   0x00000008   Data   RO         3605    .constdata          system_stm32f4xx.o
    0x0800440c   0x0800440c   0x00000021   Data   RO          539    .conststring        freertos.o
    0x0800442d   0x0800442d   0x00000003   PAD
    0x08004430   0x08004430   0x00000020   Data   RO         5258    Region$$Table       anon$$obj.o


    Execution Region RW_IRAM2 (Exec base: 0x10000000, Load base: 0x08004504, Size: 0x00000000, Max: 0x00010000, ABSOLUTE)

    **** No section assigned to this execution region ****


    Execution Region RW_IRAM1 (Exec base: 0x20000000, Load base: 0x08004450, Size: 0x00004a68, Max: 0x00020000, ABSOLUTE)

    Exec Addr    Load Addr    Size         Type   Attr      Idx    E Section Name        Object

    0x20000000   0x08004450   0x00000004   Data   RW           16    .data               key.o
    0x20000004   0x08004454   0x0000000c   Data   RW          285    .data               rs485.o
    0x20000010   0x08004460   0x0000000b   Data   RW          370    .data               blue.o
    0x2000001b   0x0800446b   0x00000005   PAD
    0x20000020   0x08004470   0x00000018   Data   RW          540    .data               freertos.o
    0x20000038   0x08004488   0x0000000c   Data   RW         2041    .data               stm32f4xx_hal.o
    0x20000044   0x08004494   0x00000004   Data   RW         3606    .data               system_stm32f4xx.o
    0x20000048   0x08004498   0x0000003c   Data   RW         4155    .data               tasks.o
    0x20000084   0x080044d4   0x00000020   Data   RW         4799    .data               heap_4.o
    0x200000a4   0x080044f4   0x0000000c   Data   RW         4867    .data               port.o
    0x200000b0   0x08004500   0x00000004   Data   RW         5236    .data               mc_w.l(stdout.o)
    0x200000b4        -       0x00000180   Zero   RW          284    .bss                rs485.o
    0x20000234        -       0x00000258   Zero   RW          369    .bss                blue.o
    0x2000048c        -       0x00000324   Zero   RW          536    .bss                freertos.o
    0x200007b0        -       0x00000028   Zero   RW          601    .bss                can.o
    0x200007d8        -       0x00000090   Zero   RW          644    .bss                tim.o
    0x20000868        -       0x00000110   Zero   RW          696    .bss                usart.o
    0x20000978        -       0x000000f0   Zero   RW         4154    .bss                tasks.o
    0x20000a68        -       0x00003c00   Zero   RW         4798    .bss                heap_4.o
    0x20004668        -       0x00000400   Zero   RW            1    STACK               startup_stm32f407xx.o


==============================================================================

Image component sizes


      Code (inc. data)   RO Data    RW Data    ZI Data      Debug   Object Name

       112         18          0         11        600       1884   blue.o
       244         22          0          0         40       1769   can.o
       194          6          0          0          0      30352   cmsis_os.o
        48          4          0          0          0        571   delay.o
       376         20          0          0          0       3333   dht11.o
         0          0          0          0          0      16932   event_groups.o
       600        166        117         24        804       4400   freertos.o
       396         20          0          0          0       1215   gpio.o
       472         24          0         32      15360       7491   heap_4.o
       108         14          0          0          0        587   hr04.o
        92          8          0          4          0     707665   key.o
       138          0          0          0          0       3606   list.o
       216         18          0          0          0      19901   main.o
       786         82          0         12          0      11985   port.o
       440        128          0         12        384      14083   rs485.o
        36          8        392          0       1024        848   startup_stm32f407xx.o
       180         28          0         12          0       9497   stm32f4xx_hal.o
       816          0          0          0          0      10287   stm32f4xx_hal_can.o
       198         14          0          0          0      34007   stm32f4xx_hal_cortex.o
       182          0          0          0          0       2135   stm32f4xx_hal_dma.o
       540         52          0          0          0       3538   stm32f4xx_hal_gpio.o
        56          4          0          0          0        890   stm32f4xx_hal_msp.o
      1344         72          0          0          0       5304   stm32f4xx_hal_rcc.o
       448         74          0          0          0       4280   stm32f4xx_hal_tim.o
       144         28          0          0          0       1364   stm32f4xx_hal_tim_ex.o
      1668         16          0          0          0      11512   stm32f4xx_hal_uart.o
       162         42          0          0          0       7773   stm32f4xx_it.o
         0          0          0          0          0        392   stream_buffer.o
        16          4         24          4          0       1163   system_stm32f4xx.o
      2048        156          0         60        240      24121   tasks.o
       200         28          0          0        144       2255   tim.o
       696         82          0          0        272       5164   usart.o

    ----------------------------------------------------------------------
     12984       1138        568        176      18868     950304   Object Totals
         0          0         32          0          0          0   (incl. Generated)
        28          0          3          5          0          0   (incl. Padding)

    ----------------------------------------------------------------------

      Code (inc. data)   RO Data    RW Data    ZI Data      Debug   Library Member Name

         0          0          0          0          0          0   entry.o
         0          0          0          0          0          0   entry10a.o
         0          0          0          0          0          0   entry11a.o
         8          4          0          0          0          0   entry2.o
         4          0          0          0          0          0   entry5.o
         0          0          0          0          0          0   entry7b.o
         0          0          0          0          0          0   entry8b.o
         8          4          0          0          0          0   entry9a.o
        30          0          0          0          0          0   handlers.o
        36          8          0          0          0         68   init.o
         0          0          0          0          0          0   iusefp.o
        30          0          0          0          0         68   llshl.o
        36          0          0          0          0         68   llsshr.o
        32          0          0          0          0         68   llushr.o
        36          0          0          0          0         68   memcpya.o
        36          0          0          0          0        108   memseta.o
      2308         96          0          0          0        604   printfa.o
         0          0          0          4          0          0   stdout.o
        28          0          0          0          0         76   strcmp.o
        18          0          0          0          0         68   strcpy.o
        14          0          0          0          0         68   strlen.o
        36          0          0          0          0         80   strstr.o
        44          0          0          0          0         80   uidiv.o
        98          0          0          0          0         92   uldiv.o
        48          0          0          0          0         68   cdrcmple.o
       334          0          0          0          0        148   dadd.o
       222          0          0          0          0        100   ddiv.o
       186          0          0          0          0        176   depilogue.o
        48          0          0          0          0         68   dfixul.o
        26          0          0          0          0         76   dfltui.o
       228          0          0          0          0         96   dmul.o
        38          0          0          0          0         68   f2d.o

    ----------------------------------------------------------------------
      3936        112          0          4          0       2316   Library Totals
         4          0          0          0          0          0   (incl. Padding)

    ----------------------------------------------------------------------

      Code (inc. data)   RO Data    RW Data    ZI Data      Debug   Library Name

      2802        112          0          4          0       1516   mc_w.l
      1130          0          0          0          0        800   mf_w.l

    ----------------------------------------------------------------------
      3936        112          0          4          0       2316   Library Totals

    ----------------------------------------------------------------------

==============================================================================


      Code (inc. data)   RO Data    RW Data    ZI Data      Debug   

     16920       1250        568        180      18868     936976   Grand Totals
     16920       1250        568        180      18868     936976   ELF Image Totals
     16920       1250        568        180          0          0   ROM Totals

==============================================================================

    Total RO  Size (Code + RO Data)                17488 (  17.08kB)
    Total RW  Size (RW Data + ZI Data)             19048 (  18.60kB)
    Total ROM Size (Code + RO Data + RW Data)      17668 (  17.25kB)

==============================================================================

