Component: ARM Compiler 5.06 update 6 (build 750) Tool: armlink [4d35ed]

==============================================================================

Section Cross References

    startup_stm32f407xx.o(RESET) refers to startup_stm32f407xx.o(STACK) for __initial_sp
    startup_stm32f407xx.o(RESET) refers to startup_stm32f407xx.o(.text) for Reset_Handler
    startup_stm32f407xx.o(RESET) refers to stm32f4xx_it.o(i.NMI_Handler) for NMI_Handler
    startup_stm32f407xx.o(RESET) refers to stm32f4xx_it.o(i.HardFault_Handler) for HardFault_Handler
    startup_stm32f407xx.o(RESET) refers to stm32f4xx_it.o(i.MemManage_Handler) for MemManage_Handler
    startup_stm32f407xx.o(RESET) refers to stm32f4xx_it.o(i.BusFault_Handler) for BusFault_Handler
    startup_stm32f407xx.o(RESET) refers to stm32f4xx_it.o(i.UsageFault_Handler) for UsageFault_Handler
    startup_stm32f407xx.o(RESET) refers to port.o(.emb_text) for SVC_Handler
    startup_stm32f407xx.o(RESET) refers to stm32f4xx_it.o(i.DebugMon_Handler) for DebugMon_Handler
    startup_stm32f407xx.o(RESET) refers to stm32f4xx_it.o(i.SysTick_Handler) for SysTick_Handler
    startup_stm32f407xx.o(RESET) refers to stm32f4xx_it.o(i.CAN1_TX_IRQHandler) for CAN1_TX_IRQHandler
    startup_stm32f407xx.o(RESET) refers to stm32f4xx_it.o(i.CAN1_RX0_IRQHandler) for CAN1_RX0_IRQHandler
    startup_stm32f407xx.o(RESET) refers to stm32f4xx_it.o(i.CAN1_RX1_IRQHandler) for CAN1_RX1_IRQHandler
    startup_stm32f407xx.o(RESET) refers to stm32f4xx_it.o(i.CAN1_SCE_IRQHandler) for CAN1_SCE_IRQHandler
    startup_stm32f407xx.o(RESET) refers to stm32f4xx_it.o(i.EXTI9_5_IRQHandler) for EXTI9_5_IRQHandler
    startup_stm32f407xx.o(RESET) refers to stm32f4xx_it.o(i.UART4_IRQHandler) for UART4_IRQHandler
    startup_stm32f407xx.o(RESET) refers to stm32f4xx_it.o(i.USART6_IRQHandler) for USART6_IRQHandler
    startup_stm32f407xx.o(.text) refers to system_stm32f4xx.o(i.SystemInit) for SystemInit
    startup_stm32f407xx.o(.text) refers to entry.o(.ARM.Collect$$$$00000000) for __main
    dht11.o(i.DHT11_Init) refers to dht11.o(i.DHT11_Mode_Out_PP) for DHT11_Mode_Out_PP
    dht11.o(i.DHT11_Init) refers to stm32f4xx_hal_gpio.o(i.HAL_GPIO_WritePin) for HAL_GPIO_WritePin
    dht11.o(i.DHT11_Mode_Out_PP) refers to stm32f4xx_hal_gpio.o(i.HAL_GPIO_Init) for HAL_GPIO_Init
    dht11.o(i.DHT11_ReadByte) refers to stm32f4xx_hal_gpio.o(i.HAL_GPIO_ReadPin) for HAL_GPIO_ReadPin
    dht11.o(i.DHT11_ReadByte) refers to delay.o(i.delay_us) for delay_us
    dht11.o(i.DHT11_Read_TempAndHumidity) refers to dht11.o(i.DHT11_Mode_Out_PP) for DHT11_Mode_Out_PP
    dht11.o(i.DHT11_Read_TempAndHumidity) refers to stm32f4xx_hal_gpio.o(i.HAL_GPIO_WritePin) for HAL_GPIO_WritePin
    dht11.o(i.DHT11_Read_TempAndHumidity) refers to stm32f4xx_hal.o(i.HAL_Delay) for HAL_Delay
    dht11.o(i.DHT11_Read_TempAndHumidity) refers to delay.o(i.delay_us) for delay_us
    dht11.o(i.DHT11_Read_TempAndHumidity) refers to stm32f4xx_hal_gpio.o(i.HAL_GPIO_Init) for HAL_GPIO_Init
    dht11.o(i.DHT11_Read_TempAndHumidity) refers to stm32f4xx_hal_gpio.o(i.HAL_GPIO_ReadPin) for HAL_GPIO_ReadPin
    dht11.o(i.DHT11_Read_TempAndHumidity) refers to dht11.o(i.DHT11_ReadByte) for DHT11_ReadByte
    esp8266_ap.o(i.ESP8266_Station_Config) refers to stm32f4xx_hal_uart.o(i.HAL_UART_Receive_IT) for HAL_UART_Receive_IT
    esp8266_ap.o(i.ESP8266_Station_Config) refers to printfa.o(i.__0printf) for __2printf
    esp8266_ap.o(i.ESP8266_Station_Config) refers to esp8266_ap.o(i.Wifi_SendCmd) for Wifi_SendCmd
    esp8266_ap.o(i.ESP8266_Station_Config) refers to esp8266_ap.o(i.Wifi_Reset) for Wifi_Reset
    esp8266_ap.o(i.ESP8266_Station_Config) refers to stm32f4xx_hal.o(i.HAL_Delay) for HAL_Delay
    esp8266_ap.o(i.ESP8266_Station_Config) refers to printfa.o(i.__0sprintf) for __2sprintf
    esp8266_ap.o(i.ESP8266_Station_Config) refers to esp8266_ap.o(.data) for .data
    esp8266_ap.o(i.ESP8266_Station_Config) refers to usart.o(.bss) for huart4
    esp8266_ap.o(i.ESP8266_Station_Config) refers to esp8266_ap.o(.bss) for .bss
    esp8266_ap.o(i.Wifi_Interrupt) refers to stm32f4xx_hal_uart.o(i.HAL_UART_Receive_IT) for HAL_UART_Receive_IT
    esp8266_ap.o(i.Wifi_Interrupt) refers to memseta.o(.text) for __aeabi_memclr
    esp8266_ap.o(i.Wifi_Interrupt) refers to printfa.o(i.__0printf) for __2printf
    esp8266_ap.o(i.Wifi_Interrupt) refers to esp8266_ap.o(.data) for .data
    esp8266_ap.o(i.Wifi_Interrupt) refers to esp8266_ap.o(.bss) for .bss
    esp8266_ap.o(i.Wifi_Interrupt) refers to usart.o(.bss) for huart4
    esp8266_ap.o(i.Wifi_Reset) refers to stm32f4xx_hal_gpio.o(i.HAL_GPIO_WritePin) for HAL_GPIO_WritePin
    esp8266_ap.o(i.Wifi_Reset) refers to stm32f4xx_hal.o(i.HAL_Delay) for HAL_Delay
    esp8266_ap.o(i.Wifi_Reset) refers to strstr.o(.text) for strstr
    esp8266_ap.o(i.Wifi_Reset) refers to printfa.o(i.__0printf) for __2printf
    esp8266_ap.o(i.Wifi_Reset) refers to esp8266_ap.o(.bss) for .bss
[...]
    .text                                    0x08000306   Section        0  memseta.o(.text)
    .text                                    0x0800032a   Section        0  strstr.o(.text)
    .text                                    0x0800034e   Section        0  strlen.o(.text)
    .text                                    0x0800035c   Section        0  strcpy.o(.text)
    .text                                    0x0800036e   Section        0  f2d.o(.text)
    .text                                    0x08000394   Section        0  uidiv.o(.text)
    .text                                    0x080003c0   Section        0  llshl.o(.text)
    .text                                    0x080003de   Section        0  llushr.o(.text)
    .text                                    0x080003fe   Section        0  dadd.o(.text)
    .text                                    0x080003fe   Section        0  iusefp.o(.text)
    .text                                    0x0800054c   Section        0  dmul.o(.text)
    .text                                    0x08000630   Section        0  ddiv.o(.text)
    .text                                    0x0800070e   Section        0  dfixul.o(.text)
    .text                                    0x08000740   Section       48  cdrcmple.o(.text)
    .text                                    0x08000770   Section       36  init.o(.text)
    .text                                    0x08000794   Section        0  llsshr.o(.text)
    .text                                    0x080007b8   Section        0  depilogue.o(.text)
    i.BusFault_Handler                       0x08000872   Section        0  stm32f4xx_it.o(i.BusFault_Handler)
    i.CAN1_RX0_IRQHandler                    0x08000874   Section        0  stm32f4xx_it.o(i.CAN1_RX0_IRQHandler)
    i.CAN1_RX1_IRQHandler                    0x08000880   Section        0  stm32f4xx_it.o(i.CAN1_RX1_IRQHandler)
    i.CAN1_SCE_IRQHandler                    0x0800088c   Section        0  stm32f4xx_it.o(i.CAN1_SCE_IRQHandler)
    i.CAN1_TX_IRQHandler                     0x08000898   Section        0  stm32f4xx_it.o(i.CAN1_TX_IRQHandler)
    i.CAN_TRANSMIT1                          0x080008a4   Section        0  can.o(i.CAN_TRANSMIT1)
    i.DHT11_Init                             0x080008f4   Section        0  dht11.o(i.DHT11_Init)
    i.DHT11_Mode_Out_PP                      0x08000924   Section        0  dht11.o(i.DHT11_Mode_Out_PP)
    DHT11_Mode_Out_PP                        0x08000925   Thumb Code    26  dht11.o(i.DHT11_Mode_Out_PP)
    i.DHT11_ReadByte                         0x08000944   Section        0  dht11.o(i.DHT11_ReadByte)
    DHT11_ReadByte                           0x08000945   Thumb Code    92  dht11.o(i.DHT11_ReadByte)
    i.DHT11_Read_TempAndHumidity             0x080009a4   Section        0  dht11.o(i.DHT11_Read_TempAndHumidity)
    i.DebugMon_Handler                       0x08000a9c   Section        0  stm32f4xx_it.o(i.DebugMon_Handler)
    i.ESP8266_Station_Config                 0x08000aa0   Section        0  esp8266_ap.o(i.ESP8266_Station_Config)
    i.EXTI9_5_IRQHandler                     0x08000d88   Section        0  stm32f4xx_it.o(i.EXTI9_5_IRQHandler)
    i.Error_Handler                          0x08000daa   Section        0  main.o(i.Error_Handler)
    i.HAL_CAN_ActivateNotification           0x08000dae   Section        0  stm32f4xx_hal_can.o(i.HAL_CAN_ActivateNotification)
    i.HAL_CAN_AddTxMessage                   0x08000dd2   Section        0  stm32f4xx_hal_can.o(i.HAL_CAN_AddTxMessage)
    i.HAL_CAN_ConfigFilter                   0x08000e9c   Section        0  stm32f4xx_hal_can.o(i.HAL_CAN_ConfigFilter)
    i.HAL_CAN_ErrorCallback                  0x08000fa8   Section        0  stm32f4xx_hal_can.o(i.HAL_CAN_ErrorCallback)
    i.HAL_CAN_GetRxMessage                   0x08000faa   Section        0  stm32f4xx_hal_can.o(i.HAL_CAN_GetRxMessage)
    i.HAL_CAN_IRQHandler                     0x08001092   Section        0  stm32f4xx_hal_can.o(i.HAL_CAN_IRQHandler)
    i.HAL_CAN_Init                           0x0800128e   Section        0  stm32f4xx_hal_can.o(i.HAL_CAN_Init)
    i.HAL_CAN_MspInit                        0x080013a8   Section        0  can.o(i.HAL_CAN_MspInit)
    i.HAL_CAN_RxFifo0FullCallback            0x08001454   Section        0  stm32f4xx_hal_can.o(i.HAL_CAN_RxFifo0FullCallback)
    i.HAL_CAN_RxFifo0MsgPendingCallback      0x08001458   Section        0  can.o(i.HAL_CAN_RxFifo0MsgPendingCallback)
    i.HAL_CAN_RxFifo1FullCallback            0x08001484   Section        0  stm32f4xx_hal_can.o(i.HAL_CAN_RxFifo1FullCallback)
    i.HAL_CAN_RxFifo1MsgPendingCallback      0x08001486   Section        0  stm32f4xx_hal_can.o(i.HAL_CAN_RxFifo1MsgPendingCallback)
    i.HAL_CAN_SleepCallback                  0x08001488   Section        0  stm32f4xx_hal_can.o(i.HAL_CAN_SleepCallback)
    i.HAL_CAN_Start                          0x0800148c   Section        0  stm32f4xx_hal_can.o(i.HAL_CAN_Start)
    i.HAL_CAN_TxMailbox0AbortCallback        0x080014e4   Section        0  stm32f4xx_hal_can.o(i.HAL_CAN_TxMailbox0AbortCallback)
    i.HAL_CAN_TxMailbox0CompleteCallback     0x080014e6   Section        0  stm32f4xx_hal_can.o(i.HAL_CAN_TxMailbox0CompleteCallback)
    i.HAL_CAN_TxMailbox1AbortCallback        0x080014e8   Section        0  stm32f4xx_hal_can.o(i.HAL_CAN_TxMailbox1AbortCallback)
    i.HAL_CAN_TxMailbox1CompleteCallback     0x080014ea   Section        0  stm32f4xx_hal_can.o(i.HAL_CAN_TxMailbox1CompleteCallback)
    i.HAL_CAN_TxMailbox2AbortCallback        0x080014ec   Section        0  stm32f4xx_hal_can.o(i.HAL_CAN_TxMailbox2AbortCallback)
    i.HAL_CAN_TxMailbox2CompleteCallback     0x080014ee   Section        0  stm32f4xx_hal_can.o(i.HAL_CAN_TxMailbox2CompleteCallback)
    i.HAL_CAN_WakeUpFromRxMsgCallback        0x080014f0   Section        0  stm32f4xx_hal_can.o(i.HAL_CAN_WakeUpFromRxMsgCallback)
    i.HAL_DMA_Abort                          0x080014f2   Section        0  stm32f4xx_hal_dma.o(i.HAL_DMA_Abort)
    i.HAL_DMA_Abort_IT                       0x08001584   Section        0  stm32f4xx_hal_dma.o(i.HAL_DMA_Abort_IT)
    i.HAL_Delay                              0x080015a8   Section        0  stm32f4xx_hal.o(i.HAL_Delay)
    i.HAL_GPIO_EXTI_Callback                 0x080015cc   Section        0  key.o(i.HAL_GPIO_EXTI_Callback)
    i.HAL_GPIO_EXTI_IRQHandler               0x08001604   Section        0  stm32f4xx_hal_gpio.o(i.HAL_GPIO_EXTI_IRQHandler)
    i.HAL_GPIO_Init                          0x0800161c   Section        0  stm32f4xx_hal_gpio.o(i.HAL_GPIO_Init)
    i.HAL_GPIO_ReadPin                       0x0800180c   Section        0  stm32f4xx_hal_gpio.o(i.HAL_GPIO_ReadPin)
    i.HAL_GPIO_WritePin                      0x08001816   Section        0  stm32f4xx_hal_gpio.o(i.HAL_GPIO_WritePin)
    i.HAL_GetTick                            0x08001820   Section        0  stm32f4xx_hal.o(i.HAL_GetTick)
    i.HAL_IncTick                            0x0800182c   Section        0  stm32f4xx_hal.o(i.HAL_IncTick)
    i.HAL_Init                               0x0800183c   Section        0  stm32f4xx_hal.o(i.HAL_Init)
    i.HAL_InitTick                           0x08001870   Section        0  stm32f4xx_hal.o(i.HAL_InitTick)
    i.HAL_MspInit                            0x080018b0   Section        0  stm32f4xx_hal_msp.o(i.HAL_MspInit)
    i.HAL_NVIC_EnableIRQ                     0x080018e8   Section        0  stm32f4xx_hal_cortex.o(i.HAL_NVIC_EnableIRQ)
    i.HAL_NVIC_SetPriority                   0x08001904   Section        0  stm32f4xx_hal_cortex.o(i.HAL_NVIC_SetPriority)
    i.HAL_NVIC_SetPriorityGrouping           0x08001944   Section        0  stm32f4xx_hal_cortex.o(i.HAL_NVIC_SetPriorityGrouping)
    i.HAL_RCC_ClockConfig                    0x08001968   Section        0  stm32f4xx_hal_rcc.o(i.HAL_RCC_ClockConfig)
    i.HAL_RCC_GetPCLK1Freq                   0x08001a9c   Section        0  stm32f4xx_hal_rcc.o(i.HAL_RCC_GetPCLK1Freq)
    i.HAL_RCC_GetPCLK2Freq                   0x08001abc   Section        0  stm32f4xx_hal_rcc.o(i.HAL_RCC_GetPCLK2Freq)
    i.HAL_RCC_GetSysClockFreq                0x08001adc   Section        0  stm32f4xx_hal_rcc.o(i.HAL_RCC_GetSysClockFreq)
    i.HAL_RCC_OscConfig                      0x08001b3c   Section        0  stm32f4xx_hal_rcc.o(i.HAL_RCC_OscConfig)
    i.HAL_SYSTICK_Config                     0x08001ea8   Section        0  stm32f4xx_hal_cortex.o(i.HAL_SYSTICK_Config)
    i.HAL_TIMEx_MasterConfigSynchronization  0x08001ed0   Section        0  stm32f4xx_hal_tim_ex.o(i.HAL_TIMEx_MasterConfigSynchronization)
    i.HAL_TIM_Base_Init                      0x08001f60   Section        0  stm32f4xx_hal_tim.o(i.HAL_TIM_Base_Init)
    i.HAL_TIM_Base_MspInit                   0x08001fbc   Section        0  tim.o(i.HAL_TIM_Base_MspInit)
    i.HAL_TIM_Base_Start                     0x08001fe4   Section        0  stm32f4xx_hal_tim.o(i.HAL_TIM_Base_Start)
    i.HAL_TIM_Base_Stop                      0x0800205c   Section        0  stm32f4xx_hal_tim.o(i.HAL_TIM_Base_Stop)
    i.HAL_UARTEx_RxEventCallback             0x08002082   Section        0  stm32f4xx_hal_uart.o(i.HAL_UARTEx_RxEventCallback)
    i.HAL_UART_ErrorCallback                 0x08002084   Section        0  stm32f4xx_hal_uart.o(i.HAL_UART_ErrorCallback)
    i.HAL_UART_IRQHandler                    0x08002088   Section        0  stm32f4xx_hal_uart.o(i.HAL_UART_IRQHandler)
    i.HAL_UART_Init                          0x080022f0   Section        0  stm32f4xx_hal_uart.o(i.HAL_UART_Init)
    i.HAL_UART_MspInit                       0x08002354   Section        0  usart.o(i.HAL_UART_MspInit)
    i.HAL_UART_Receive_IT                    0x08002420   Section        0  stm32f4xx_hal_uart.o(i.HAL_UART_Receive_IT)
    i.HAL_UART_RxCpltCallback                0x0800244c   Section        0  usart.o(i.HAL_UART_RxCpltCallback)
    i.HAL_UART_Transmit                      0x08002460   Section        0  stm32f4xx_hal_uart.o(i.HAL_UART_Transmit)
    i.HAL_UART_TxCpltCallback                0x08002512   Section        0  stm32f4xx_hal_uart.o(i.HAL_UART_TxCpltCallback)
    i.HardFault_Handler                      0x08002514   Section        0  stm32f4xx_it.o(i.HardFault_Handler)
    i.MX_CAN1_Init                           0x08002518   Section        0  can.o(i.MX_CAN1_Init)
    i.MX_FREERTOS_Init                       0x08002560   Section        0  freertos.o(i.MX_FREERTOS_Init)
    i.MX_GPIO_Init                           0x080025b4   Section        0  gpio.o(i.MX_GPIO_Init)
    i.MX_TIM6_Init                           0x08002704   Section        0  tim.o(i.MX_TIM6_Init)
    i.MX_UART4_Init                          0x08002748   Section        0  usart.o(i.MX_UART4_Init)
    i.MX_USART6_UART_Init                    0x08002780   Section        0  usart.o(i.MX_USART6_UART_Init)
    i.MemManage_Handler                      0x080027b8   Section        0  stm32f4xx_it.o(i.MemManage_Handler)
    i.NMI_Handler                            0x080027ba   Section        0  stm32f4xx_it.o(i.NMI_Handler)
    i.StartCanSendTask                       0x080027bc   Section        0  freertos.o(i.StartCanSendTask)
    i.StartDHT11Task                         0x080027f0   Section        0  freertos.o(i.StartDHT11Task)
    i.StartMainTask                          0x08002840   Section        0  freertos.o(i.StartMainTask)
    i.SysTick_Handler                        0x08002938   Section        0  stm32f4xx_it.o(i.SysTick_Handler)
    i.SystemClock_Config                     0x08002950   Section        0  main.o(i.SystemClock_Config)
    i.SystemInit                             0x080029e0   Section        0  system_stm32f4xx.o(i.SystemInit)
    i.TIM_Base_SetConfig                     0x080029f0   Section        0  stm32f4xx_hal_tim.o(i.TIM_Base_SetConfig)
    i.UART4_IRQHandler                       0x08002ab8   Section        0  stm32f4xx_it.o(i.UART4_IRQHandler)
    i.UART_DMAAbortOnError                   0x08002ac4   Section        0  stm32f4xx_hal_uart.o(i.UART_DMAAbortOnError)
    UART_DMAAbortOnError                     0x08002ac5   Thumb Code    16  stm32f4xx_hal_uart.o(i.UART_DMAAbortOnError)
    i.UART_EndRxTransfer                     0x08002ad4   Section        0  stm32f4xx_hal_uart.o(i.UART_EndRxTransfer)
    UART_EndRxTransfer                       0x08002ad5   Thumb Code    78  stm32f4xx_hal_uart.o(i.UART_EndRxTransfer)
    i.UART_Receive_IT                        0x08002b22   Section        0  stm32f4xx_hal_uart.o(i.UART_Receive_IT)
    UART_Receive_IT                          0x08002b23   Thumb Code   192  stm32f4xx_hal_uart.o(i.UART_Receive_IT)
    i.UART_SetConfig                         0x08002be4   Section        0  stm32f4xx_hal_uart.o(i.UART_SetConfig)
    UART_SetConfig                           0x08002be5   Thumb Code   258  stm32f4xx_hal_uart.o(i.UART_SetConfig)
    i.UART_Start_Receive_IT                  0x08002cf0   Section        0  stm32f4xx_hal_uart.o(i.UART_Start_Receive_IT)
    i.UART_WaitOnFlagUntilTimeout            0x08002d26   Section        0  stm32f4xx_hal_uart.o(i.UART_WaitOnFlagUntilTimeout)
    UART_WaitOnFlagUntilTimeout              0x08002d27   Thumb Code   120  stm32f4xx_hal_uart.o(i.UART_WaitOnFlagUntilTimeout)
    i.USART6_IRQHandler                      0x08002da0   Section        0  stm32f4xx_it.o(i.USART6_IRQHandler)
    i.UsageFault_Handler                     0x08002dac   Section        0  stm32f4xx_it.o(i.UsageFault_Handler)
    i.Wifi_Interrupt                         0x08002db0   Section        0  esp8266_ap.o(i.Wifi_Interrupt)
    i.Wifi_Reset                             0x08002e30   Section        0  esp8266_ap.o(i.Wifi_Reset)
    i.Wifi_SendCmd                           0x08002ed4   Section        0  esp8266_ap.o(i.Wifi_SendCmd)
    i.Wifi_SendData                          0x08002f78   Section        0  esp8266_ap.o(i.Wifi_SendData)
    i.__0printf                              0x08002f98   Section        0  printfa.o(i.__0printf)
    i.__0sprintf                             0x08002fb8   Section        0  printfa.o(i.__0sprintf)
    i.__NVIC_SetPriority                     0x08002fe0   Section        0  stm32f4xx_hal_cortex.o(i.__NVIC_SetPriority)
    __NVIC_SetPriority                       0x08002fe1   Thumb Code    32  stm32f4xx_hal_cortex.o(i.__NVIC_SetPriority)
    i.__scatterload_copy                     0x08003000   Section       14  handlers.o(i.__scatterload_copy)
    i.__scatterload_null                     0x0800300e   Section        2  handlers.o(i.__scatterload_null)
    i.__scatterload_zeroinit                 0x08003010   Section       14  handlers.o(i.__scatterload_zeroinit)
    i._fp_digits                             0x08003020   Section        0  printfa.o(i._fp_digits)
    _fp_digits                               0x08003021   Thumb Code   366  printfa.o(i._fp_digits)
    i._printf_core                           0x080031a4   Section        0  printfa.o(i._printf_core)
    _printf_core                             0x080031a5   Thumb Code  1744  printfa.o(i._printf_core)
    i._printf_post_padding                   0x08003880   Section        0  printfa.o(i._printf_post_padding)
    _printf_post_padding                     0x08003881   Thumb Code    36  printfa.o(i._printf_post_padding)
    i._printf_pre_padding                    0x080038a4   Section        0  printfa.o(i._printf_pre_padding)
    _printf_pre_padding                      0x080038a5   Thumb Code    46  printfa.o(i._printf_pre_padding)
    i._sputc                                 0x080038d2   Section        0  printfa.o(i._sputc)
    _sputc                                   0x080038d3   Thumb Code    10  printfa.o(i._sputc)
    i.can1_config                            0x080038dc   Section        0  can.o(i.can1_config)
    i.delay_us                               0x08003918   Section        0  delay.o(i.delay_us)
    i.fputc                                  0x08003948   Section        0  usart.o(i.fputc)
    i.get_canMessage                         0x08003964   Section        0  can.o(i.get_canMessage)
    i.inHandlerMode                          0x08003984   Section        0  cmsis_os.o(i.inHandlerMode)
    inHandlerMode                            0x08003985   Thumb Code    12  cmsis_os.o(i.inHandlerMode)
    i.main                                   0x08003990   Section        0  main.o(i.main)
    i.makeFreeRtosPriority                   0x080039c2   Section        0  cmsis_os.o(i.makeFreeRtosPriority)
    makeFreeRtosPriority                     0x080039c3   Thumb Code    12  cmsis_os.o(i.makeFreeRtosPriority)
    i.osDelay                                0x080039ce   Section        0  cmsis_os.o(i.osDelay)
    i.osKernelStart                          0x080039dc   Section        0  cmsis_os.o(i.osKernelStart)
    i.osThreadCreate                         0x080039e6   Section        0  cmsis_os.o(i.osThreadCreate)
    i.osThreadResume                         0x08003a3c   Section        0  cmsis_os.o(i.osThreadResume)
    i.osThreadSuspend                        0x08003a70   Section        0  cmsis_os.o(i.osThreadSuspend)
    i.prvAddCurrentTaskToDelayedList         0x08003a7c   Section        0  tasks.o(i.prvAddCurrentTaskToDelayedList)
    prvAddCurrentTaskToDelayedList           0x08003a7d   Thumb Code   102  tasks.o(i.prvAddCurrentTaskToDelayedList)
    i.prvAddNewTaskToReadyList               0x08003aec   Section        0  tasks.o(i.prvAddNewTaskToReadyList)
    prvAddNewTaskToReadyList                 0x08003aed   Thumb Code   194  tasks.o(i.prvAddNewTaskToReadyList)
    i.prvDeleteTCB                           0x08003bbc   Section        0  tasks.o(i.prvDeleteTCB)
    prvDeleteTCB                             0x08003bbd   Thumb Code    52  tasks.o(i.prvDeleteTCB)
    i.prvHeapInit                            0x08003bf0   Section        0  heap_4.o(i.prvHeapInit)
    prvHeapInit                              0x08003bf1   Thumb Code    66  heap_4.o(i.prvHeapInit)
    i.prvIdleTask                            0x08003c3c   Section        0  tasks.o(i.prvIdleTask)
    prvIdleTask                              0x08003c3d   Thumb Code    82  tasks.o(i.prvIdleTask)
    i.prvInitialiseNewTask                   0x08003c9c   Section        0  tasks.o(i.prvInitialiseNewTask)
    prvInitialiseNewTask                     0x08003c9d   Thumb Code   152  tasks.o(i.prvInitialiseNewTask)
    i.prvInsertBlockIntoFreeList             0x08003d34   Section        0  heap_4.o(i.prvInsertBlockIntoFreeList)
    prvInsertBlockIntoFreeList               0x08003d35   Thumb Code    72  heap_4.o(i.prvInsertBlockIntoFreeList)
    i.prvResetNextTaskUnblockTime            0x08003d80   Section        0  tasks.o(i.prvResetNextTaskUnblockTime)
    prvResetNextTaskUnblockTime              0x08003d81   Thumb Code    26  tasks.o(i.prvResetNextTaskUnblockTime)
    i.prvTaskExitError                       0x08003da0   Section        0  port.o(i.prvTaskExitError)
    prvTaskExitError                         0x08003da1   Thumb Code    36  port.o(i.prvTaskExitError)
    i.prvTaskIsTaskSuspended                 0x08003dc8   Section        0  tasks.o(i.prvTaskIsTaskSuspended)
    prvTaskIsTaskSuspended                   0x08003dc9   Thumb Code    48  tasks.o(i.prvTaskIsTaskSuspended)
    i.pvPortMalloc                           0x08003dfc   Section        0  heap_4.o(i.pvPortMalloc)
    i.pxPortInitialiseStack                  0x08003ed8   Section        0  port.o(i.pxPortInitialiseStack)
    i.uxListRemove                           0x08003f04   Section        0  list.o(i.uxListRemove)
    i.vApplicationGetIdleTaskMemory          0x08003f2c   Section        0  freertos.o(i.vApplicationGetIdleTaskMemory)
    i.vListInitialise                        0x08003f40   Section        0  list.o(i.vListInitialise)
    i.vListInitialiseItem                    0x08003f56   Section        0  list.o(i.vListInitialiseItem)
    i.vListInsert                            0x08003f5c   Section        0  list.o(i.vListInsert)
    i.vListInsertEnd                         0x08003f8c   Section        0  list.o(i.vListInsertEnd)
    i.vPortEnterCritical                     0x08003fa4   Section        0  port.o(i.vPortEnterCritical)
    i.vPortExitCritical                      0x08003fe4   Section        0  port.o(i.vPortExitCritical)
    i.vPortFree                              0x0800400c   Section        0  heap_4.o(i.vPortFree)
    i.vPortSetupTimerInterrupt               0x08004070   Section        0  port.o(i.vPortSetupTimerInterrupt)
    i.vPortValidateInterruptPriority         0x08004094   Section        0  port.o(i.vPortValidateInterruptPriority)
    i.vTaskDelay                             0x080040e8   Section        0  tasks.o(i.vTaskDelay)
    i.vTaskResume                            0x08004134   Section        0  tasks.o(i.vTaskResume)
    i.vTaskStartScheduler                    0x080041b0   Section        0  tasks.o(i.vTaskStartScheduler)
    i.vTaskSuspend                           0x0800421c   Section        0  tasks.o(i.vTaskSuspend)
    i.vTaskSuspendAll                        0x080042d8   Section        0  tasks.o(i.vTaskSuspendAll)
    i.vTaskSwitchContext                     0x080042e8   Section        0  tasks.o(i.vTaskSwitchContext)
    i.xPortStartScheduler                    0x08004344   Section        0  port.o(i.xPortStartScheduler)
    i.xPortSysTickHandler                    0x08004438   Section        0  port.o(i.xPortSysTickHandler)
    i.xTaskCreate                            0x08004464   Section        0  tasks.o(i.xTaskCreate)
    i.xTaskCreateStatic                      0x080044be   Section        0  tasks.o(i.xTaskCreateStatic)
    i.xTaskGetSchedulerState                 0x08004514   Section        0  tasks.o(i.xTaskGetSchedulerState)
    i.xTaskIncrementTick                     0x08004530   Section        0  tasks.o(i.xTaskIncrementTick)
    i.xTaskResumeAll                         0x080045fc   Section        0  tasks.o(i.xTaskResumeAll)
    i.xTaskResumeFromISR                     0x080046c0   Section        0  tasks.o(i.xTaskResumeFromISR)
    .constdata                               0x08004748   Section       84  freertos.o(.constdata)
    .constdata                               0x0800479c   Section       16  system_stm32f4xx.o(.constdata)
    .constdata                               0x080047ac   Section        8  system_stm32f4xx.o(.constdata)
    .conststring                             0x080047b4   Section       33  freertos.o(.conststring)
    .data                                    0x20000000   Section       24  esp8266_ap.o(.data)
    .data                                    0x20000018   Section       16  freertos.o(.data)
    .data                                    0x20000028   Section        9  can.o(.data)
    .data                                    0x20000034   Section       12  stm32f4xx_hal.o(.data)
    .data                                    0x20000040   Section        4  system_stm32f4xx.o(.data)
    .data                                    0x20000044   Section       60  tasks.o(.data)
    uxDeletedTasksWaitingCleanUp             0x20000048   Data           4  tasks.o(.data)
    uxCurrentNumberOfTasks                   0x2000004c   Data           4  tasks.o(.data)
    xTickCount                               0x20000050   Data           4  tasks.o(.data)
    uxTopReadyPriority                       0x20000054   Data           4  tasks.o(.data)
    xSchedulerRunning                        0x20000058   Data           4  tasks.o(.data)
    xPendedTicks                             0x2000005c   Data           4  tasks.o(.data)
    xYieldPending                            0x20000060   Data           4  tasks.o(.data)
    xNumOfOverflows                          0x20000064   Data           4  tasks.o(.data)
    uxTaskNumber                             0x20000068   Data           4  tasks.o(.data)
    xNextTaskUnblockTime                     0x2000006c   Data           4  tasks.o(.data)
    xIdleTaskHandle                          0x20000070   Data           4  tasks.o(.data)
    uxSchedulerSuspended                     0x20000074   Data           4  tasks.o(.data)
    pxDelayedTaskList                        0x20000078   Data           4  tasks.o(.data)
    pxOverflowDelayedTaskList                0x2000007c   Data           4  tasks.o(.data)
    .data                                    0x20000080   Section       32  heap_4.o(.data)
    pxEnd                                    0x20000080   Data           4  heap_4.o(.data)
    xFreeBytesRemaining                      0x20000084   Data           4  heap_4.o(.data)
    xMinimumEverFreeBytesRemaining           0x20000088   Data           4  heap_4.o(.data)
    xNumberOfSuccessfulAllocations           0x2000008c   Data           4  heap_4.o(.data)
    xNumberOfSuccessfulFrees                 0x20000090   Data           4  heap_4.o(.data)
    xBlockAllocatedBit                       0x20000094   Data           4  heap_4.o(.data)
    xStart                                   0x20000098   Data           8  heap_4.o(.data)
    .data                                    0x200000a0   Section       12  port.o(.data)
    ucMaxSysCallPriority                     0x200000a0   Data           1  port.o(.data)
    uxCriticalNesting                        0x200000a4   Data           4  port.o(.data)
    ulMaxPRIGROUPValue                       0x200000a8   Data           4  port.o(.data)
    .data                                    0x200000ac   Section        4  stdout.o(.data)
    .bss                                     0x200000b0   Section      356  esp8266_ap.o(.bss)
    .bss                                     0x20000214   Section      740  freertos.o(.bss)
    xIdleTaskTCBBuffer                       0x200002a4   Data          84  freertos.o(.bss)
    xIdleStack                               0x200002f8   Data         512  freertos.o(.bss)
    .bss                                     0x200004f8   Section       92  can.o(.bss)
    .bss                                     0x20000554   Section       72  tim.o(.bss)
    .bss                                     0x2000059c   Section      136  usart.o(.bss)
    .bss                                     0x20000624   Section      240  tasks.o(.bss)
    pxReadyTasksLists                        0x20000624   Data         140  tasks.o(.bss)
    xDelayedTaskList1                        0x200006b0   Data          20  tasks.o(.bss)
    xDelayedTaskList2                        0x200006c4   Data          20  tasks.o(.bss)
    xPendingReadyList                        0x200006d8   Data          20  tasks.o(.bss)
    xTasksWaitingTermination                 0x200006ec   Data          20  tasks.o(.bss)
    xSuspendedTaskList                       0x20000700   Data          20  tasks.o(.bss)
    .bss                                     0x20000714   Section    15360  heap_4.o(.bss)
    ucHeap                                   0x20000714   Data       15360  heap_4.o(.bss)
    STACK                                    0x20004318   Section     1024  startup_stm32f407xx.o(STACK)

    Global Symbols

    Symbol Name                              Value     Ov Type        Size  Object(Section)

    BuildAttributes$$THM_ISAv4$E$P$D$K$B$S$7EM$VFPi3$EXTD16$VFPS$VFMA$PE$A:L22UL41UL21$X:L11$S22US41US21$IEEE1$IW$USESV6$~STKCKD$USESV7$~SHL$OSPACE$ROPI$EBA8$MICROLIB$REQ8$PRES8$EABIv2 0x00000000   Number         0  anon$$obj.o ABSOLUTE
    __ARM_use_no_argv                        0x00000000   Number         0  main.o ABSOLUTE
    _printf_a                                0x00000000   Number         0  stubs.o ABSOLUTE
    _printf_c                                0x00000000   Number         0  stubs.o ABSOLUTE
    _printf_charcount                        0x00000000   Number         0  stubs.o ABSOLUTE
    _printf_d                                0x00000000   Number         0  stubs.o ABSOLUTE
    _printf_e                                0x00000000   Number         0  stubs.o ABSOLUTE
    _printf_f                                0x00000000   Number         0  stubs.o ABSOLUTE
    _printf_flags                            0x00000000   Number         0  stubs.o ABSOLUTE
    _printf_fp_dec                           0x00000000   Number         0  stubs.o ABSOLUTE
    _printf_fp_hex                           0x00000000   Number         0  stubs.o ABSOLUTE
    _printf_g                                0x00000000   Number         0  stubs.o ABSOLUTE
    _printf_i                                0x00000000   Number         0  stubs.o ABSOLUTE
    _printf_int_dec                          0x00000000   Number         0  stubs.o ABSOLUTE
    _printf_l                                0x00000000   Number         0  stubs.o ABSOLUTE
    _printf_lc                               0x00000000   Number         0  stubs.o ABSOLUTE
    _printf_ll                               0x00000000   Number         0  stubs.o ABSOLUTE
    _printf_lld                              0x00000000   Number         0  stubs.o ABSOLUTE
    _printf_lli                              0x00000000   Number         0  stubs.o ABSOLUTE
    _printf_llo                              0x00000000   Number         0  stubs.o ABSOLUTE
    _printf_llu                              0x00000000   Number         0  stubs.o ABSOLUTE
    _printf_llx                              0x00000000   Number         0  stubs.o ABSOLUTE
    _printf_longlong_dec                     0x00000000   Number         0  stubs.o ABSOLUTE
    _printf_longlong_hex                     0x00000000   Number         0  stubs.o ABSOLUTE
    _printf_longlong_oct                     0x00000000   Number         0  stubs.o ABSOLUTE
    _printf_ls                               0x00000000   Number         0  stubs.o ABSOLUTE
    _printf_mbtowc                           0x00000000   Number         0  stubs.o ABSOLUTE
    _printf_n                                0x00000000   Number         0  stubs.o ABSOLUTE
    _printf_o                                0x00000000   Number         0  stubs.o ABSOLUTE
    _printf_p                                0x00000000   Number         0  stubs.o ABSOLUTE
    _printf_percent                          0x00000000   Number         0  stubs.o ABSOLUTE
    _printf_pre_padding                      0x00000000   Number         0  stubs.o ABSOLUTE
    _printf_return_value                     0x00000000   Number         0  stubs.o ABSOLUTE
    _printf_s                                0x00000000   Number         0  stubs.o ABSOLUTE
    _printf_sizespec                         0x00000000   Number         0  stubs.o ABSOLUTE
    _printf_str                              0x00000000   Number         0  stubs.o ABSOLUTE
    _printf_truncate_signed                  0x00000000   Number         0  stubs.o ABSOLUTE
    _printf_truncate_unsigned                0x00000000   Number         0  stubs.o ABSOLUTE
    _printf_u                                0x00000000   Number         0  stubs.o ABSOLUTE
    _printf_wc                               0x00000000   Number         0  stubs.o ABSOLUTE
    _printf_wctomb                           0x00000000   Number         0  stubs.o ABSOLUTE
    _printf_widthprec                        0x00000000   Number         0  stubs.o ABSOLUTE
    _printf_x                                0x00000000   Number         0  stubs.o ABSOLUTE
    __cpp_initialize__aeabi_                  - Undefined Weak Reference
    __cxa_finalize                            - Undefined Weak Reference
    __decompress                              - Undefined Weak Reference
    _clock_init                               - Undefined Weak Reference
    _microlib_exit                            - Undefined Weak Reference
    __Vectors_Size                           0x00000188   Number         0  startup_stm32f407xx.o ABSOLUTE
    __Vectors                                0x08000000   Data           4  startup_stm32f407xx.o(RESET)
    __Vectors_End                            0x08000188   Data           0  startup_stm32f407xx.o(RESET)
    __main                                   0x08000189   Thumb Code     0  entry.o(.ARM.Collect$$$$00000000)
    _main_stk                                0x08000189   Thumb Code     0  entry2.o(.ARM.Collect$$$$00000001)
    _main_scatterload                        0x0800018d   Thumb Code     0  entry5.o(.ARM.Collect$$$$00000004)
    __main_after_scatterload                 0x08000191   Thumb Code     0  entry5.o(.ARM.Collect$$$$00000004)
    _main_clock                              0x08000191   Thumb Code     0  entry7b.o(.ARM.Collect$$$$00000008)
    _main_cpp_init                           0x08000191   Thumb Code     0  entry8b.o(.ARM.Collect$$$$0000000A)
    _main_init                               0x08000191   Thumb Code     0  entry9a.o(.ARM.Collect$$$$0000000B)
    __rt_final_cpp                           0x08000199   Thumb Code     0  entry10a.o(.ARM.Collect$$$$0000000D)
    __rt_final_exit                          0x08000199   Thumb Code     0  entry11a.o(.ARM.Collect$$$$0000000F)
    SVC_Handler                              0x0800019d   Thumb Code    28  port.o(.emb_text)
    __asm___6_port_c_39a90d8d__prvStartFirstTask 0x080001bd   Thumb Code    36  port.o(.emb_text)
    __asm___6_port_c_39a90d8d__prvEnableVFP  0x080001e5   Thumb Code    16  port.o(.emb_text)
    PendSV_Handler                           0x080001f9   Thumb Code    88  port.o(.emb_text)
    vPortGetIPSR                             0x08000255   Thumb Code     6  port.o(.emb_text)
    Reset_Handler                            0x0800025d   Thumb Code     8  startup_stm32f407xx.o(.text)
    ADC_IRQHandler                           0x08000277   Thumb Code     0  startup_stm32f407xx.o(.text)
    CAN2_RX0_IRQHandler                      0x08000277   Thumb Code     0  startup_stm32f407xx.o(.text)
    CAN2_RX1_IRQHandler                      0x08000277   Thumb Code     0  startup_stm32f407xx.o(.text)
    CAN2_SCE_IRQHandler                      0x08000277   Thumb Code     0  startup_stm32f407xx.o(.text)
    CAN2_TX_IRQHandler                       0x08000277   Thumb Code     0  startup_stm32f407xx.o(.text)
    DCMI_IRQHandler                          0x08000277   Thumb Code     0  startup_stm32f407xx.o(.text)
    DMA1_Stream0_IRQHandler                  0x08000277   Thumb Code     0  startup_stm32f407xx.o(.text)
    DMA1_Stream1_IRQHandler                  0x08000277   Thumb Code     0  startup_stm32f407xx.o(.text)
    DMA1_Stream2_IRQHandler                  0x08000277   Thumb Code     0  startup_stm32f407xx.o(.text)
    DMA1_Stream3_IRQHandler                  0x08000277   Thumb Code     0  startup_stm32f407xx.o(.text)
    DMA1_Stream4_IRQHandler                  0x08000277   Thumb Code     0  startup_stm32f407xx.o(.text)
    DMA1_Stream5_IRQHandler                  0x08000277   Thumb Code     0  startup_stm32f407xx.o(.text)
    DMA1_Stream6_IRQHandler                  0x08000277   Thumb Code     0  startup_stm32f407xx.o(.text)
    DMA1_Stream7_IRQHandler                  0x08000277   Thumb Code     0  startup_stm32f407xx.o(.text)
    DMA2_Stream0_IRQHandler                  0x08000277   Thumb Code     0  startup_stm32f407xx.o(.text)
    DMA2_Stream1_IRQHandler                  0x08000277   Thumb Code     0  startup_stm32f407xx.o(.text)
    DMA2_Stream2_IRQHandler                  0x08000277   Thumb Code     0  startup_stm32f407xx.o(.text)
    DMA2_Stream3_IRQHandler                  0x08000277   Thumb Code     0  startup_stm32f407xx.o(.text)
    DMA2_Stream4_IRQHandler                  0x08000277   Thumb Code     0  startup_stm32f407xx.o(.text)
    DMA2_Stream5_IRQHandler                  0x08000277   Thumb Code     0  startup_stm32f407xx.o(.text)
    DMA2_Stream6_IRQHandler                  0x08000277   Thumb Code     0  startup_stm32f407xx.o(.text)
    DMA2_Stream7_IRQHandler                  0x08000277   Thumb Code     0  startup_stm32f407xx.o(.text)
    ETH_IRQHandler                           0x08000277   Thumb Code     0  startup_stm32f407xx.o(.text)
    ETH_WKUP_IRQHandler                      0x08000277   Thumb Code     0  startup_stm32f407xx.o(.text)
    EXTI0_IRQHandler                         0x08000277   Thumb Code     0  startup_stm32f407xx.o(.text)
    EXTI15_10_IRQHandler                     0x08000277   Thumb Code     0  startup_stm32f407xx.o(.text)
    EXTI1_IRQHandler                         0x08000277   Thumb Code     0  startup_stm32f407xx.o(.text)
    EXTI2_IRQHandler                         0x08000277   Thumb Code     0  startup_stm32f407xx.o(.text)
    EXTI3_IRQHandler                         0x08000277   Thumb Code     0  startup_stm32f407xx.o(.text)
    EXTI4_IRQHandler                         0x08000277   Thumb Code     0  startup_stm32f407xx.o(.text)
    FLASH_IRQHandler                         0x08000277   Thumb Code     0  startup_stm32f407xx.o(.text)
    FMC_IRQHandler                           0x08000277   Thumb Code     0  startup_stm32f407xx.o(.text)
    FPU_IRQHandler                           0x08000277   Thumb Code     0  startup_stm32f407xx.o(.text)
    HASH_RNG_IRQHandler                      0x08000277   Thumb Code     0  startup_stm32f407xx.o(.text)
    I2C1_ER_IRQHandler                       0x08000277   Thumb Code     0  startup_stm32f407xx.o(.text)
    I2C1_EV_IRQHandler                       0x08000277   Thumb Code     0  startup_stm32f407xx.o(.text)
    I2C2_ER_IRQHandler                       0x08000277   Thumb Code     0  startup_stm32f407xx.o(.text)
    I2C2_EV_IRQHandler                       0x08000277   Thumb Code     0  startup_stm32f407xx.o(.text)
    I2C3_ER_IRQHandler                       0x08000277   Thumb Code     0  startup_stm32f407xx.o(.text)
    I2C3_EV_IRQHandler                       0x08000277   Thumb Code     0  startup_stm32f407xx.o(.text)
    OTG_FS_IRQHandler                        0x08000277   Thumb Code     0  startup_stm32f407xx.o(.text)
    OTG_FS_WKUP_IRQHandler                   0x08000277   Thumb Code     0  startup_stm32f407xx.o(.text)
    OTG_HS_EP1_IN_IRQHandler                 0x08000277   Thumb Code     0  startup_stm32f407xx.o(.text)
    OTG_HS_EP1_OUT_IRQHandler                0x08000277   Thumb Code     0  startup_stm32f407xx.o(.text)
    OTG_HS_IRQHandler                        0x08000277   Thumb Code     0  startup_stm32f407xx.o(.text)
    OTG_HS_WKUP_IRQHandler                   0x08000277   Thumb Code     0  startup_stm32f407xx.o(.text)
    PVD_IRQHandler                           0x08000277   Thumb Code     0  startup_stm32f407xx.o(.text)
    RCC_IRQHandler                           0x08000277   Thumb Code     0  startup_stm32f407xx.o(.text)
    RTC_Alarm_IRQHandler                     0x08000277   Thumb Code     0  startup_stm32f407xx.o(.text)
    RTC_WKUP_IRQHandler                      0x08000277   Thumb Code     0  startup_stm32f407xx.o(.text)
    SDIO_IRQHandler                          0x08000277   Thumb Code     0  startup_stm32f407xx.o(.text)
    SPI1_IRQHandler                          0x08000277   Thumb Code     0  startup_stm32f407xx.o(.text)
    SPI2_IRQHandler                          0x08000277   Thumb Code     0  startup_stm32f407xx.o(.text)
    SPI3_IRQHandler                          0x08000277   Thumb Code     0  startup_stm32f407xx.o(.text)
    TAMP_STAMP_IRQHandler                    0x08000277   Thumb Code     0  startup_stm32f407xx.o(.text)
    TIM1_BRK_TIM9_IRQHandler                 0x08000277   Thumb Code     0  startup_stm32f407xx.o(.text)
    TIM1_CC_IRQHandler                       0x08000277   Thumb Code     0  startup_stm32f407xx.o(.text)
    TIM1_TRG_COM_TIM11_IRQHandler            0x08000277   Thumb Code     0  startup_stm32f407xx.o(.text)
    TIM1_UP_TIM10_IRQHandler                 0x08000277   Thumb Code     0  startup_stm32f407xx.o(.text)
    TIM2_IRQHandler                          0x08000277   Thumb Code     0  startup_stm32f407xx.o(.text)
    TIM3_IRQHandler                          0x08000277   Thumb Code     0  startup_stm32f407xx.o(.text)
    TIM4_IRQHandler                          0x08000277   Thumb Code     0  startup_stm32f407xx.o(.text)
    TIM5_IRQHandler                          0x08000277   Thumb Code     0  startup_stm32f407xx.o(.text)
    TIM6_DAC_IRQHandler                      0x08000277   Thumb Code     0  startup_stm32f407xx.o(.text)
    TIM7_IRQHandler                          0x08000277   Thumb Code     0  startup_stm32f407xx.o(.text)
    TIM8_BRK_TIM12_IRQHandler                0x08000277   Thumb Code     0  startup_stm32f407xx.o(.text)
    TIM8_CC_IRQHandler                       0x08000277   Thumb Code     0  startup_stm32f407xx.o(.text)
    TIM8_TRG_COM_TIM14_IRQHandler            0x08000277   Thumb Code     0  startup_stm32f407xx.o(.text)
    TIM8_UP_TIM13_IRQHandler                 0x08000277   Thumb Code     0  startup_stm32f407xx.o(.text)
    UART5_IRQHandler                         0x08000277   Thumb Code     0  startup_stm32f407xx.o(.text)
    USART1_IRQHandler                        0x08000277   Thumb Code     0  startup_stm32f407xx.o(.text)
    USART2_IRQHandler                        0x08000277   Thumb Code     0  startup_stm32f407xx.o(.text)
    USART3_IRQHandler                        0x08000277   Thumb Code     0  startup_stm32f407xx.o(.text)
    WWDG_IRQHandler                          0x08000277   Thumb Code     0  startup_stm32f407xx.o(.text)
    __aeabi_uldivmod                         0x08000281   Thumb Code    98  uldiv.o(.text)
    __aeabi_memcpy                           0x080002e3   Thumb Code    36  memcpya.o(.text)
    __aeabi_memcpy4                          0x080002e3   Thumb Code     0  memcpya.o(.text)
    __aeabi_memcpy8                          0x080002e3   Thumb Code     0  memcpya.o(.text)
    __aeabi_memset                           0x08000307   Thumb Code    14  memseta.o(.text)
    __aeabi_memset4                          0x08000307   Thumb Code     0  memseta.o(.text)
    __aeabi_memset8                          0x08000307   Thumb Code     0  memseta.o(.text)
    __aeabi_memclr                           0x08000315   Thumb Code     4  memseta.o(.text)
    __aeabi_memclr4                          0x08000315   Thumb Code     0  memseta.o(.text)
    __aeabi_memclr8                          0x08000315   Thumb Code     0  memseta.o(.text)
    memset                                   0x08000319   Thumb Code    18  memseta.o(.text)
    strstr                                   0x0800032b   Thumb Code    36  strstr.o(.text)
    strlen                                   0x0800034f   Thumb Code    14  strlen.o(.text)
    strcpy                                   0x0800035d   Thumb Code    18  strcpy.o(.text)
    __aeabi_f2d                              0x0800036f   Thumb Code    38  f2d.o(.text)
    __aeabi_uidiv                            0x08000395   Thumb Code     0  uidiv.o(.text)
    __aeabi_uidivmod                         0x08000395   Thumb Code    44  uidiv.o(.text)
    __aeabi_llsl                             0x080003c1   Thumb Code    30  llshl.o(.text)
    _ll_shift_l                              0x080003c1   Thumb Code     0  llshl.o(.text)
    __aeabi_llsr                             0x080003df   Thumb Code    32  llushr.o(.text)
    _ll_ushift_r                             0x080003df   Thumb Code     0  llushr.o(.text)
    __I$use$fp                               0x080003ff   Thumb Code     0  iusefp.o(.text)
    __aeabi_dadd                             0x080003ff   Thumb Code   322  dadd.o(.text)
    __aeabi_dsub                             0x08000541   Thumb Code     6  dadd.o(.text)
    __aeabi_drsub                            0x08000547   Thumb Code     6  dadd.o(.text)
    __aeabi_dmul                             0x0800054d   Thumb Code   228  dmul.o(.text)
    __aeabi_ddiv                             0x08000631   Thumb Code   222  ddiv.o(.text)
    __aeabi_d2ulz                            0x0800070f   Thumb Code    48  dfixul.o(.text)
    __aeabi_cdrcmple                         0x08000741   Thumb Code    48  cdrcmple.o(.text)
    __scatterload                            0x08000771   Thumb Code    28  init.o(.text)
    __scatterload_rt2                        0x08000771   Thumb Code     0  init.o(.text)
    __aeabi_lasr                             0x08000795   Thumb Code    36  llsshr.o(.text)
    _ll_sshift_r                             0x08000795   Thumb Code     0  llsshr.o(.text)
    _double_round                            0x080007b9   Thumb Code    30  depilogue.o(.text)
    _double_epilogue                         0x080007d7   Thumb Code   156  depilogue.o(.text)
    BusFault_Handler                         0x08000873   Thumb Code     2  stm32f4xx_it.o(i.BusFault_Handler)
    CAN1_RX0_IRQHandler                      0x08000875   Thumb Code     6  stm32f4xx_it.o(i.CAN1_RX0_IRQHandler)
    CAN1_RX1_IRQHandler                      0x08000881   Thumb Code     6  stm32f4xx_it.o(i.CAN1_RX1_IRQHandler)
    CAN1_SCE_IRQHandler                      0x0800088d   Thumb Code     6  stm32f4xx_it.o(i.CAN1_SCE_IRQHandler)
    CAN1_TX_IRQHandler                       0x08000899   Thumb Code     6  stm32f4xx_it.o(i.CAN1_TX_IRQHandler)
    CAN_TRANSMIT1                            0x080008a5   Thumb Code    56  can.o(i.CAN_TRANSMIT1)
    DHT11_Init                               0x080008f5   Thumb Code    38  dht11.o(i.DHT11_Init)
    DHT11_Read_TempAndHumidity               0x080009a5   Thumb Code   238  dht11.o(i.DHT11_Read_TempAndHumidity)
    DebugMon_Handler                         0x08000a9d   Thumb Code     2  stm32f4xx_it.o(i.DebugMon_Handler)
    ESP8266_Station_Config                   0x08000aa1   Thumb Code   274  esp8266_ap.o(i.ESP8266_Station_Config)
    EXTI9_5_IRQHandler                       0x08000d89   Thumb Code    34  stm32f4xx_it.o(i.EXTI9_5_IRQHandler)
    Error_Handler                            0x08000dab   Thumb Code     4  main.o(i.Error_Handler)
    HAL_CAN_ActivateNotification             0x08000daf   Thumb Code    36  stm32f4xx_hal_can.o(i.HAL_CAN_ActivateNotification)
    HAL_CAN_AddTxMessage                     0x08000dd3   Thumb Code   200  stm32f4xx_hal_can.o(i.HAL_CAN_AddTxMessage)
    HAL_CAN_ConfigFilter                     0x08000e9d   Thumb Code   262  stm32f4xx_hal_can.o(i.HAL_CAN_ConfigFilter)
    HAL_CAN_ErrorCallback                    0x08000fa9   Thumb Code     2  stm32f4xx_hal_can.o(i.HAL_CAN_ErrorCallback)
    HAL_CAN_GetRxMessage                     0x08000fab   Thumb Code   232  stm32f4xx_hal_can.o(i.HAL_CAN_GetRxMessage)
    HAL_CAN_IRQHandler                       0x08001093   Thumb Code   508  stm32f4xx_hal_can.o(i.HAL_CAN_IRQHandler)
    HAL_CAN_Init                             0x0800128f   Thumb Code   282  stm32f4xx_hal_can.o(i.HAL_CAN_Init)
    HAL_CAN_MspInit                          0x080013a9   Thumb Code   158  can.o(i.HAL_CAN_MspInit)
    HAL_CAN_RxFifo0FullCallback              0x08001455   Thumb Code     2  stm32f4xx_hal_can.o(i.HAL_CAN_RxFifo0FullCallback)
    HAL_CAN_RxFifo0MsgPendingCallback        0x08001459   Thumb Code    30  can.o(i.HAL_CAN_RxFifo0MsgPendingCallback)
    HAL_CAN_RxFifo1FullCallback              0x08001485   Thumb Code     2  stm32f4xx_hal_can.o(i.HAL_CAN_RxFifo1FullCallback)
    HAL_CAN_RxFifo1MsgPendingCallback        0x08001487   Thumb Code     2  stm32f4xx_hal_can.o(i.HAL_CAN_RxFifo1MsgPendingCallback)
    HAL_CAN_SleepCallback                    0x08001489   Thumb Code     2  stm32f4xx_hal_can.o(i.HAL_CAN_SleepCallback)
    HAL_CAN_Start                            0x0800148d   Thumb Code    88  stm32f4xx_hal_can.o(i.HAL_CAN_Start)
    HAL_CAN_TxMailbox0AbortCallback          0x080014e5   Thumb Code     2  stm32f4xx_hal_can.o(i.HAL_CAN_TxMailbox0AbortCallback)
    HAL_CAN_TxMailbox0CompleteCallback       0x080014e7   Thumb Code     2  stm32f4xx_hal_can.o(i.HAL_CAN_TxMailbox0CompleteCallback)
    HAL_CAN_TxMailbox1AbortCallback          0x080014e9   Thumb Code     2  stm32f4xx_hal_can.o(i.HAL_CAN_TxMailbox1AbortCallback)
    HAL_CAN_TxMailbox1CompleteCallback       0x080014eb   Thumb Code     2  stm32f4xx_hal_can.o(i.HAL_CAN_TxMailbox1CompleteCallback)
    HAL_CAN_TxMailbox2AbortCallback          0x080014ed   Thumb Code     2  stm32f4xx_hal_can.o(i.HAL_CAN_TxMailbox2AbortCallback)
    HAL_CAN_TxMailbox2CompleteCallback       0x080014ef   Thumb Code     2  stm32f4xx_hal_can.o(i.HAL_CAN_TxMailbox2CompleteCallback)
    HAL_CAN_WakeUpFromRxMsgCallback          0x080014f1   Thumb Code     2  stm32f4xx_hal_can.o(i.HAL_CAN_WakeUpFromRxMsgCallback)
    HAL_DMA_Abort                            0x080014f3   Thumb Code   146  stm32f4xx_hal_dma.o(i.HAL_DMA_Abort)
    HAL_DMA_Abort_IT                         0x08001585   Thumb Code    36  stm32f4xx_hal_dma.o(i.HAL_DMA_Abort_IT)
    HAL_Delay                                0x080015a9   Thumb Code    32  stm32f4xx_hal.o(i.HAL_Delay)
    HAL_GPIO_EXTI_Callback                   0x080015cd   Thumb Code    48  key.o(i.HAL_GPIO_EXTI_Callback)
    HAL_GPIO_EXTI_IRQHandler                 0x08001605   Thumb Code    18  stm32f4xx_hal_gpio.o(i.HAL_GPIO_EXTI_IRQHandler)
    HAL_GPIO_Init                            0x0800161d   Thumb Code   450  stm32f4xx_hal_gpio.o(i.HAL_GPIO_Init)
    HAL_GPIO_ReadPin                         0x0800180d   Thumb Code    10  stm32f4xx_hal_gpio.o(i.HAL_GPIO_ReadPin)
    HAL_GPIO_WritePin                        0x08001817   Thumb Code    10  stm32f4xx_hal_gpio.o(i.HAL_GPIO_WritePin)
    HAL_GetTick                              0x08001821   Thumb Code     6  stm32f4xx_hal.o(i.HAL_GetTick)
    HAL_IncTick                              0x0800182d   Thumb Code    12  stm32f4xx_hal.o(i.HAL_IncTick)
    HAL_Init                                 0x0800183d   Thumb Code    48  stm32f4xx_hal.o(i.HAL_Init)
    HAL_InitTick                             0x08001871   Thumb Code    54  stm32f4xx_hal.o(i.HAL_InitTick)
    HAL_MspInit                              0x080018b1   Thumb Code    52  stm32f4xx_hal_msp.o(i.HAL_MspInit)
    HAL_NVIC_EnableIRQ                       0x080018e9   Thumb Code    26  stm32f4xx_hal_cortex.o(i.HAL_NVIC_EnableIRQ)
    HAL_NVIC_SetPriority                     0x08001905   Thumb Code    60  stm32f4xx_hal_cortex.o(i.HAL_NVIC_SetPriority)
    HAL_NVIC_SetPriorityGrouping             0x08001945   Thumb Code    26  stm32f4xx_hal_cortex.o(i.HAL_NVIC_SetPriorityGrouping)
    HAL_RCC_ClockConfig                      0x08001969   Thumb Code   288  stm32f4xx_hal_rcc.o(i.HAL_RCC_ClockConfig)
    HAL_RCC_GetPCLK1Freq                     0x08001a9d   Thumb Code    20  stm32f4xx_hal_rcc.o(i.HAL_RCC_GetPCLK1Freq)
    HAL_RCC_GetPCLK2Freq                     0x08001abd   Thumb Code    20  stm32f4xx_hal_rcc.o(i.HAL_RCC_GetPCLK2Freq)
    HAL_RCC_GetSysClockFreq                  0x08001add   Thumb Code    88  stm32f4xx_hal_rcc.o(i.HAL_RCC_GetSysClockFreq)
    HAL_RCC_OscConfig                        0x08001b3d   Thumb Code   856  stm32f4xx_hal_rcc.o(i.HAL_RCC_OscConfig)
    HAL_SYSTICK_Config                       0x08001ea9   Thumb Code    40  stm32f4xx_hal_cortex.o(i.HAL_SYSTICK_Config)
    HAL_TIMEx_MasterConfigSynchronization    0x08001ed1   Thumb Code   116  stm32f4xx_hal_tim_ex.o(i.HAL_TIMEx_MasterConfigSynchronization)
    HAL_TIM_Base_Init                        0x08001f61   Thumb Code    90  stm32f4xx_hal_tim.o(i.HAL_TIM_Base_Init)
    HAL_TIM_Base_MspInit                     0x08001fbd   Thumb Code    30  tim.o(i.HAL_TIM_Base_MspInit)
    HAL_TIM_Base_Start                       0x08001fe5   Thumb Code    90  stm32f4xx_hal_tim.o(i.HAL_TIM_Base_Start)
    HAL_TIM_Base_Stop                        0x0800205d   Thumb Code    38  stm32f4xx_hal_tim.o(i.HAL_TIM_Base_Stop)
    HAL_UARTEx_RxEventCallback               0x08002083   Thumb Code     2  stm32f4xx_hal_uart.o(i.HAL_UARTEx_RxEventCallback)
    HAL_UART_ErrorCallback                   0x08002085   Thumb Code     2  stm32f4xx_hal_uart.o(i.HAL_UART_ErrorCallback)
    HAL_UART_IRQHandler                      0x08002089   Thumb Code   610  stm32f4xx_hal_uart.o(i.HAL_UART_IRQHandler)
    HAL_UART_Init                            0x080022f1   Thumb Code    98  stm32f4xx_hal_uart.o(i.HAL_UART_Init)
    HAL_UART_MspInit                         0x08002355   Thumb Code   182  usart.o(i.HAL_UART_MspInit)
    HAL_UART_Receive_IT                      0x08002421   Thumb Code    42  stm32f4xx_hal_uart.o(i.HAL_UART_Receive_IT)
    HAL_UART_RxCpltCallback                  0x0800244d   Thumb Code    14  usart.o(i.HAL_UART_RxCpltCallback)
    HAL_UART_Transmit                        0x08002461   Thumb Code   178  stm32f4xx_hal_uart.o(i.HAL_UART_Transmit)
    HAL_UART_TxCpltCallback                  0x08002513   Thumb Code     2  stm32f4xx_hal_uart.o(i.HAL_UART_TxCpltCallback)
    HardFault_Handler                        0x08002515   Thumb Code     2  stm32f4xx_it.o(i.HardFault_Handler)
    MX_CAN1_Init                             0x08002519   Thumb Code    64  can.o(i.MX_CAN1_Init)
    MX_FREERTOS_Init                         0x08002561   Thumb Code    74  freertos.o(i.MX_FREERTOS_Init)
    MX_GPIO_Init                             0x080025b5   Thumb Code   314  gpio.o(i.MX_GPIO_Init)
    MX_TIM6_Init                             0x08002705   Thumb Code    60  tim.o(i.MX_TIM6_Init)
    MX_UART4_Init                            0x08002749   Thumb Code    48  usart.o(i.MX_UART4_Init)
    MX_USART6_UART_Init                      0x08002781   Thumb Code    48  usart.o(i.MX_USART6_UART_Init)
    MemManage_Handler                        0x080027b9   Thumb Code     2  stm32f4xx_it.o(i.MemManage_Handler)
    NMI_Handler                              0x080027bb   Thumb Code     2  stm32f4xx_it.o(i.NMI_Handler)
    StartCanSendTask                         0x080027bd   Thumb Code    26  freertos.o(i.StartCanSendTask)
    StartDHT11Task                           0x080027f1   Thumb Code    62  freertos.o(i.StartDHT11Task)
    StartMainTask                            0x08002841   Thumb Code   140  freertos.o(i.StartMainTask)
    SysTick_Handler                          0x08002939   Thumb Code    24  stm32f4xx_it.o(i.SysTick_Handler)
    SystemClock_Config                       0x08002951   Thumb Code   134  main.o(i.SystemClock_Config)
    SystemInit                               0x080029e1   Thumb Code    12  system_stm32f4xx.o(i.SystemInit)
    TIM_Base_SetConfig                       0x080029f1   Thumb Code   156  stm32f4xx_hal_tim.o(i.TIM_Base_SetConfig)
    UART4_IRQHandler                         0x08002ab9   Thumb Code     6  stm32f4xx_it.o(i.UART4_IRQHandler)
    UART_Start_Receive_IT                    0x08002cf1   Thumb Code    54  stm32f4xx_hal_uart.o(i.UART_Start_Receive_IT)
    USART6_IRQHandler                        0x08002da1   Thumb Code     6  stm32f4xx_it.o(i.USART6_IRQHandler)
    UsageFault_Handler                       0x08002dad   Thumb Code     2  stm32f4xx_it.o(i.UsageFault_Handler)
    Wifi_Interrupt                           0x08002db1   Thumb Code   106  esp8266_ap.o(i.Wifi_Interrupt)
    Wifi_Reset                               0x08002e31   Thumb Code   102  esp8266_ap.o(i.Wifi_Reset)
    Wifi_SendCmd                             0x08002ed5   Thumb Code   106  esp8266_ap.o(i.Wifi_SendCmd)
    Wifi_SendData                            0x08002f79   Thumb Code    26  esp8266_ap.o(i.Wifi_SendData)
    __0printf                                0x08002f99   Thumb Code    22  printfa.o(i.__0printf)
    __1printf                                0x08002f99   Thumb Code     0  printfa.o(i.__0printf)
    __2printf                                0x08002f99   Thumb Code     0  printfa.o(i.__0printf)
    __c89printf                              0x08002f99   Thumb Code     0  printfa.o(i.__0printf)
    printf                                   0x08002f99   Thumb Code     0  printfa.o(i.__0printf)
    __0sprintf                               0x08002fb9   Thumb Code    34  printfa.o(i.__0sprintf)
    __1sprintf                               0x08002fb9   Thumb Code     0  printfa.o(i.__0sprintf)
    __2sprintf                               0x08002fb9   Thumb Code     0  printfa.o(i.__0sprintf)
    __c89sprintf                             0x08002fb9   Thumb Code     0  printfa.o(i.__0sprintf)
    sprintf                                  0x08002fb9   Thumb Code     0  printfa.o(i.__0sprintf)
    __scatterload_copy                       0x08003001   Thumb Code    14  handlers.o(i.__scatterload_copy)
    __scatterload_null                       0x0800300f   Thumb Code     2  handlers.o(i.__scatterload_null)
    __scatterload_zeroinit                   0x08003011   Thumb Code    14  handlers.o(i.__scatterload_zeroinit)
    can1_config                              0x080038dd   Thumb Code    56  can.o(i.can1_config)
    delay_us                                 0x08003919   Thumb Code    44  delay.o(i.delay_us)
    fputc                                    0x08003949   Thumb Code    24  usart.o(i.fputc)
    get_canMessage                           0x08003965   Thumb Code    26  can.o(i.get_canMessage)
    main                                     0x08003991   Thumb Code    50  main.o(i.main)
    osDelay                                  0x080039cf   Thumb Code    14  cmsis_os.o(i.osDelay)
    osKernelStart                            0x080039dd   Thumb Code    10  cmsis_os.o(i.osKernelStart)
    osThreadCreate                           0x080039e7   Thumb Code    84  cmsis_os.o(i.osThreadCreate)
    osThreadResume                           0x08003a3d   Thumb Code    46  cmsis_os.o(i.osThreadResume)
    osThreadSuspend                          0x08003a71   Thumb Code    10  cmsis_os.o(i.osThreadSuspend)
    pvPortMalloc                             0x08003dfd   Thumb Code   216  heap_4.o(i.pvPortMalloc)
    pxPortInitialiseStack                    0x08003ed9   Thumb Code    40  port.o(i.pxPortInitialiseStack)
    uxListRemove                             0x08003f05   Thumb Code    38  list.o(i.uxListRemove)
    vApplicationGetIdleTaskMemory            0x08003f2d   Thumb Code    16  freertos.o(i.vApplicationGetIdleTaskMemory)
    vListInitialise                          0x08003f41   Thumb Code    22  list.o(i.vListInitialise)
    vListInitialiseItem                      0x08003f57   Thumb Code     6  list.o(i.vListInitialiseItem)
    vListInsert                              0x08003f5d   Thumb Code    48  list.o(i.vListInsert)
    vListInsertEnd                           0x08003f8d   Thumb Code    24  list.o(i.vListInsertEnd)
    vPortEnterCritical                       0x08003fa5   Thumb Code    54  port.o(i.vPortEnterCritical)
    vPortExitCritical                        0x08003fe5   Thumb Code    34  port.o(i.vPortExitCritical)
    vPortFree                                0x0800400d   Thumb Code    94  heap_4.o(i.vPortFree)
    vPortSetupTimerInterrupt                 0x08004071   Thumb Code    32  port.o(i.vPortSetupTimerInterrupt)
    vPortValidateInterruptPriority           0x08004095   Thumb Code    74  port.o(i.vPortValidateInterruptPriority)
    vTaskDelay                               0x080040e9   Thumb Code    66  tasks.o(i.vTaskDelay)
    vTaskResume                              0x08004135   Thumb Code   112  tasks.o(i.vTaskResume)
    vTaskStartScheduler                      0x080041b1   Thumb Code    90  tasks.o(i.vTaskStartScheduler)
    vTaskSuspend                             0x0800421d   Thumb Code   174  tasks.o(i.vTaskSuspend)
    vTaskSuspendAll                          0x080042d9   Thumb Code    10  tasks.o(i.vTaskSuspendAll)
    vTaskSwitchContext                       0x080042e9   Thumb Code    82  tasks.o(i.vTaskSwitchContext)
    xPortStartScheduler                      0x08004345   Thumb Code   222  port.o(i.xPortStartScheduler)
    xPortSysTickHandler                      0x08004439   Thumb Code    38  port.o(i.xPortSysTickHandler)
    xTaskCreate                              0x08004465   Thumb Code    90  tasks.o(i.xTaskCreate)
    xTaskCreateStatic                        0x080044bf   Thumb Code    86  tasks.o(i.xTaskCreateStatic)
    xTaskGetSchedulerState                   0x08004515   Thumb Code    22  tasks.o(i.xTaskGetSchedulerState)
    xTaskIncrementTick                       0x08004531   Thumb Code   194  tasks.o(i.xTaskIncrementTick)
    xTaskResumeAll                           0x080045fd   Thumb Code   182  tasks.o(i.xTaskResumeAll)
    xTaskResumeFromISR                       0x080046c1   Thumb Code   128  tasks.o(i.xTaskResumeFromISR)
    AHBPrescTable                            0x0800479c   Data          16  system_stm32f4xx.o(.constdata)
    APBPrescTable                            0x080047ac   Data           8  system_stm32f4xx.o(.constdata)
    Region$$Table$$Base                      0x080047d8   Number         0  anon$$obj.o(Region$$Table)
    Region$$Table$$Limit                     0x080047f8   Number         0  anon$$obj.o(Region$$Table)
    esp8266_step                             0x20000000   Data           1  esp8266_ap.o(.data)
    rx_temp                                  0x20000001   Data           1  esp8266_ap.o(.data)
    wifi_count                               0x20000002   Data           2  esp8266_ap.o(.data)
    AP_NAME                                  0x20000004   Data           9  esp8266_ap.o(.data)
    AP_MI                                    0x2000000d   Data          11  esp8266_ap.o(.data)
    cansend_flag                             0x20000018   Data           4  freertos.o(.data)
    DHT11TaskHandle                          0x2000001c   Data           4  freertos.o(.data)
    MainTaskHandle                           0x20000020   Data           4  freertos.o(.data)
    CanSendTaskHandle                        0x20000024   Data           4  freertos.o(.data)
    can_flag                                 0x20000028   Data           1  can.o(.data)
    can_recvmsg1                             0x20000029   Data           8  can.o(.data)
    uwTickFreq                               0x20000034   Data           1  stm32f4xx_hal.o(.data)
    uwTickPrio                               0x20000038   Data           4  stm32f4xx_hal.o(.data)
    uwTick                                   0x2000003c   Data           4  stm32f4xx_hal.o(.data)
    SystemCoreClock                          0x20000040   Data           4  system_stm32f4xx.o(.data)
    pxCurrentTCB                             0x20000044   Data           4  tasks.o(.data)
    __stdout                                 0x200000ac   Data           4  stdout.o(.data)
    server                                   0x200000b0   Data         100  esp8266_ap.o(.bss)
    wifi_rxbuf                               0x20000114   Data         256  esp8266_ap.o(.bss)
    DHT11_buffer                             0x20000214   Data         128  freertos.o(.bss)
    DHT11_Data                               0x20000294   Data          16  freertos.o(.bss)
    TxMessage1                               0x200004f8   Data          24  can.o(.bss)
    RxMessage1                               0x20000510   Data          28  can.o(.bss)
    hcan1                                    0x2000052c   Data          40  can.o(.bss)
    htim6                                    0x20000554   Data          72  tim.o(.bss)
    huart4                                   0x2000059c   Data          68  usart.o(.bss)
    huart6                                   0x200005e0   Data          68  usart.o(.bss)
    __initial_sp                             0x20004718   Data           0  startup_stm32f407xx.o(STACK)



==============================================================================

Memory Map of the image

  Image Entry point : 0x08000189

  Load Region LR_IROM1 (Base: 0x08000000, Size: 0x000048a8, Max: 0x00100000, ABSOLUTE)

    Execution Region ER_IROM1 (Exec base: 0x08000000, Load base: 0x08000000, Size: 0x000047f8, Max: 0x00100000, ABSOLUTE)

    Exec Addr    Load Addr    Size         Type   Attr      Idx    E Section Name        Object

    0x08000000   0x08000000   0x00000188   Data   RO            3    RESET               startup_stm32f407xx.o
    0x08000188   0x08000188   0x00000000   Code   RO         4814  * .ARM.Collect$$$$00000000  mc_w.l(entry.o)
    0x08000188   0x08000188   0x00000004   Code   RO         5096    .ARM.Collect$$$$00000001  mc_w.l(entry2.o)
    0x0800018c   0x0800018c   0x00000004   Code   RO         5099    .ARM.Collect$$$$00000004  mc_w.l(entry5.o)
    0x08000190   0x08000190   0x00000000   Code   RO         5101    .ARM.Collect$$$$00000008  mc_w.l(entry7b.o)
    0x08000190   0x08000190   0x00000000   Code   RO         5103    .ARM.Collect$$$$0000000A  mc_w.l(entry8b.o)
    0x08000190   0x08000190   0x00000008   Code   RO         5104    .ARM.Collect$$$$0000000B  mc_w.l(entry9a.o)
    0x08000198   0x08000198   0x00000000   Code   RO         5106    .ARM.Collect$$$$0000000D  mc_w.l(entry10a.o)
    0x08000198   0x08000198   0x00000000   Code   RO         5108    .ARM.Collect$$$$0000000F  mc_w.l(entry11a.o)
    0x08000198   0x08000198   0x00000004   Code   RO         5097    .ARM.Collect$$$$00002712  mc_w.l(entry2.o)
    0x0800019c   0x0800019c   0x000000be   Code   RO         4737    .emb_text           port.o
    0x0800025a   0x0800025a   0x00000002   PAD
    0x0800025c   0x0800025c   0x00000024   Code   RO            4    .text               startup_stm32f407xx.o
    0x08000280   0x08000280   0x00000062   Code   RO         4817    .text               mc_w.l(uldiv.o)
    0x080002e2   0x080002e2   0x00000024   Code   RO         4819    .text               mc_w.l(memcpya.o)
    0x08000306   0x08000306   0x00000024   Code   RO         4823    .text               mc_w.l(memseta.o)
    0x0800032a   0x0800032a   0x00000024   Code   RO         4825    .text               mc_w.l(strstr.o)
    0x0800034e   0x0800034e   0x0000000e   Code   RO         4827    .text               mc_w.l(strlen.o)
    0x0800035c   0x0800035c   0x00000012   Code   RO         4829    .text               mc_w.l(strcpy.o)
    0x0800036e   0x0800036e   0x00000026   Code   RO         5094    .text               mf_w.l(f2d.o)
    0x08000394   0x08000394   0x0000002c   Code   RO         5111    .text               mc_w.l(uidiv.o)
    0x080003c0   0x080003c0   0x0000001e   Code   RO         5113    .text               mc_w.l(llshl.o)
    0x080003de   0x080003de   0x00000020   Code   RO         5115    .text               mc_w.l(llushr.o)
    0x080003fe   0x080003fe   0x00000000   Code   RO         5117    .text               mc_w.l(iusefp.o)
    0x080003fe   0x080003fe   0x0000014e   Code   RO         5118    .text               mf_w.l(dadd.o)
    0x0800054c   0x0800054c   0x000000e4   Code   RO         5120    .text               mf_w.l(dmul.o)
    0x08000630   0x08000630   0x000000de   Code   RO         5122    .text               mf_w.l(ddiv.o)
    0x0800070e   0x0800070e   0x00000030   Code   RO         5124    .text               mf_w.l(dfixul.o)
    0x0800073e   0x0800073e   0x00000002   PAD
    0x08000740   0x08000740   0x00000030   Code   RO         5126    .text               mf_w.l(cdrcmple.o)
    0x08000770   0x08000770   0x00000024   Code   RO         5128    .text               mc_w.l(init.o)
    0x08000794   0x08000794   0x00000024   Code   RO         5130    .text               mc_w.l(llsshr.o)
    0x080007b8   0x080007b8   0x000000ba   Code   RO         5132    .text               mf_w.l(depilogue.o)
    0x08000872   0x08000872   0x00000002   Code   RO          656    i.BusFault_Handler  stm32f4xx_it.o
    0x08000874   0x08000874   0x0000000c   Code   RO          657    i.CAN1_RX0_IRQHandler  stm32f4xx_it.o
    0x08000880   0x08000880   0x0000000c   Code   RO          658    i.CAN1_RX1_IRQHandler  stm32f4xx_it.o
    0x0800088c   0x0800088c   0x0000000c   Code   RO          659    i.CAN1_SCE_IRQHandler  stm32f4xx_it.o
    0x08000898   0x08000898   0x0000000c   Code   RO          660    i.CAN1_TX_IRQHandler  stm32f4xx_it.o
    0x080008a4   0x080008a4   0x00000050   Code   RO          487    i.CAN_TRANSMIT1     can.o
    0x080008f4   0x080008f4   0x00000030   Code   RO           13    i.DHT11_Init        dht11.o
    0x08000924   0x08000924   0x00000020   Code   RO           14    i.DHT11_Mode_Out_PP  dht11.o
    0x08000944   0x08000944   0x00000060   Code   RO           15    i.DHT11_ReadByte    dht11.o
    0x080009a4   0x080009a4   0x000000f8   Code   RO           16    i.DHT11_Read_TempAndHumidity  dht11.o
    0x08000a9c   0x08000a9c   0x00000002   Code   RO          661    i.DebugMon_Handler  stm32f4xx_it.o
    0x08000a9e   0x08000a9e   0x00000002   PAD
    0x08000aa0   0x08000aa0   0x000002e8   Code   RO          163    i.ESP8266_Station_Config  esp8266_ap.o
    0x08000d88   0x08000d88   0x00000022   Code   RO          662    i.EXTI9_5_IRQHandler  stm32f4xx_it.o
    0x08000daa   0x08000daa   0x00000004   Code   RO          351    i.Error_Handler     main.o
    0x08000dae   0x08000dae   0x00000024   Code   RO          787    i.HAL_CAN_ActivateNotification  stm32f4xx_hal_can.o
    0x08000dd2   0x08000dd2   0x000000c8   Code   RO          788    i.HAL_CAN_AddTxMessage  stm32f4xx_hal_can.o
    0x08000e9a   0x08000e9a   0x00000002   PAD
    0x08000e9c   0x08000e9c   0x0000010c   Code   RO          789    i.HAL_CAN_ConfigFilter  stm32f4xx_hal_can.o
    0x08000fa8   0x08000fa8   0x00000002   Code   RO          792    i.HAL_CAN_ErrorCallback  stm32f4xx_hal_can.o
    0x08000faa   0x08000faa   0x000000e8   Code   RO          795    i.HAL_CAN_GetRxMessage  stm32f4xx_hal_can.o
    0x08001092   0x08001092   0x000001fc   Code   RO          799    i.HAL_CAN_IRQHandler  stm32f4xx_hal_can.o
    0x0800128e   0x0800128e   0x0000011a   Code   RO          800    i.HAL_CAN_Init      stm32f4xx_hal_can.o
    0x080013a8   0x080013a8   0x000000ac   Code   RO          489    i.HAL_CAN_MspInit   can.o
    0x08001454   0x08001454   0x00000002   Code   RO          807    i.HAL_CAN_RxFifo0FullCallback  stm32f4xx_hal_can.o
    0x08001456   0x08001456   0x00000002   PAD
    0x08001458   0x08001458   0x0000002c   Code   RO          490    i.HAL_CAN_RxFifo0MsgPendingCallback  can.o
    0x08001484   0x08001484   0x00000002   Code   RO          809    i.HAL_CAN_RxFifo1FullCallback  stm32f4xx_hal_can.o
    0x08001486   0x08001486   0x00000002   Code   RO          810    i.HAL_CAN_RxFifo1MsgPendingCallback  stm32f4xx_hal_can.o
    0x08001488   0x08001488   0x00000002   Code   RO          811    i.HAL_CAN_SleepCallback  stm32f4xx_hal_can.o
    0x0800148a   0x0800148a   0x00000002   PAD
    0x0800148c   0x0800148c   0x00000058   Code   RO          812    i.HAL_CAN_Start     stm32f4xx_hal_can.o
    0x080014e4   0x080014e4   0x00000002   Code   RO          814    i.HAL_CAN_TxMailbox0AbortCallback  stm32f4xx_hal_can.o
    0x080014e6   0x080014e6   0x00000002   Code   RO          815    i.HAL_CAN_TxMailbox0CompleteCallback  stm32f4xx_hal_can.o
    0x080014e8   0x080014e8   0x00000002   Code   RO          816    i.HAL_CAN_TxMailbox1AbortCallback  stm32f4xx_hal_can.o
    0x080014ea   0x080014ea   0x00000002   Code   RO          817    i.HAL_CAN_TxMailbox1CompleteCallback  stm32f4xx_hal_can.o
    0x080014ec   0x080014ec   0x00000002   Code   RO          818    i.HAL_CAN_TxMailbox2AbortCallback  stm32f4xx_hal_can.o
    0x080014ee   0x080014ee   0x00000002   Code   RO          819    i.HAL_CAN_TxMailbox2CompleteCallback  stm32f4xx_hal_can.o
    0x080014f0   0x080014f0   0x00000002   Code   RO          821    i.HAL_CAN_WakeUpFromRxMsgCallback  stm32f4xx_hal_can.o
    0x080014f2   0x080014f2   0x00000092   Code   RO         1482    i.HAL_DMA_Abort     stm32f4xx_hal_dma.o
    0x08001584   0x08001584   0x00000024   Code   RO         1483    i.HAL_DMA_Abort_IT  stm32f4xx_hal_dma.o
    0x080015a8   0x080015a8   0x00000024   Code   RO         1901    i.HAL_Delay         stm32f4xx_hal.o
    0x080015cc   0x080015cc   0x00000038   Code   RO          272    i.HAL_GPIO_EXTI_Callback  key.o
    0x08001604   0x08001604   0x00000018   Code   RO         1374    i.HAL_GPIO_EXTI_IRQHandler  stm32f4xx_hal_gpio.o
    0x0800161c   0x0800161c   0x000001f0   Code   RO         1375    i.HAL_GPIO_Init     stm32f4xx_hal_gpio.o
    0x0800180c   0x0800180c   0x0000000a   Code   RO         1377    i.HAL_GPIO_ReadPin  stm32f4xx_hal_gpio.o
    0x08001816   0x08001816   0x0000000a   Code   RO         1379    i.HAL_GPIO_WritePin  stm32f4xx_hal_gpio.o
    0x08001820   0x08001820   0x0000000c   Code   RO         1907    i.HAL_GetTick       stm32f4xx_hal.o
    0x0800182c   0x0800182c   0x00000010   Code   RO         1913    i.HAL_IncTick       stm32f4xx_hal.o
    0x0800183c   0x0800183c   0x00000034   Code   RO         1914    i.HAL_Init          stm32f4xx_hal.o
    0x08001870   0x08001870   0x00000040   Code   RO         1915    i.HAL_InitTick      stm32f4xx_hal.o
    0x080018b0   0x080018b0   0x00000038   Code   RO          762    i.HAL_MspInit       stm32f4xx_hal_msp.o
    0x080018e8   0x080018e8   0x0000001a   Code   RO         1764    i.HAL_NVIC_EnableIRQ  stm32f4xx_hal_cortex.o
    0x08001902   0x08001902   0x00000002   PAD
    0x08001904   0x08001904   0x00000040   Code   RO         1770    i.HAL_NVIC_SetPriority  stm32f4xx_hal_cortex.o
    0x08001944   0x08001944   0x00000024   Code   RO         1771    i.HAL_NVIC_SetPriorityGrouping  stm32f4xx_hal_cortex.o
    0x08001968   0x08001968   0x00000134   Code   RO         1021    i.HAL_RCC_ClockConfig  stm32f4xx_hal_rcc.o
    0x08001a9c   0x08001a9c   0x00000020   Code   RO         1028    i.HAL_RCC_GetPCLK1Freq  stm32f4xx_hal_rcc.o
    0x08001abc   0x08001abc   0x00000020   Code   RO         1029    i.HAL_RCC_GetPCLK2Freq  stm32f4xx_hal_rcc.o
    0x08001adc   0x08001adc   0x00000060   Code   RO         1030    i.HAL_RCC_GetSysClockFreq  stm32f4xx_hal_rcc.o
    0x08001b3c   0x08001b3c   0x0000036c   Code   RO         1033    i.HAL_RCC_OscConfig  stm32f4xx_hal_rcc.o
    0x08001ea8   0x08001ea8   0x00000028   Code   RO         1775    i.HAL_SYSTICK_Config  stm32f4xx_hal_cortex.o
    0x08001ed0   0x08001ed0   0x00000090   Code   RO         2877    i.HAL_TIMEx_MasterConfigSynchronization  stm32f4xx_hal_tim_ex.o
    0x08001f60   0x08001f60   0x0000005a   Code   RO         2154    i.HAL_TIM_Base_Init  stm32f4xx_hal_tim.o
    0x08001fba   0x08001fba   0x00000002   PAD
    0x08001fbc   0x08001fbc   0x00000028   Code   RO          555    i.HAL_TIM_Base_MspInit  tim.o
    0x08001fe4   0x08001fe4   0x00000078   Code   RO         2157    i.HAL_TIM_Base_Start  stm32f4xx_hal_tim.o
    0x0800205c   0x0800205c   0x00000026   Code   RO         2160    i.HAL_TIM_Base_Stop  stm32f4xx_hal_tim.o
    0x08002082   0x08002082   0x00000002   Code   RO         3136    i.HAL_UARTEx_RxEventCallback  stm32f4xx_hal_uart.o
    0x08002084   0x08002084   0x00000002   Code   RO         3150    i.HAL_UART_ErrorCallback  stm32f4xx_hal_uart.o
    0x08002086   0x08002086   0x00000002   PAD
    0x08002088   0x08002088   0x00000268   Code   RO         3153    i.HAL_UART_IRQHandler  stm32f4xx_hal_uart.o
    0x080022f0   0x080022f0   0x00000062   Code   RO         3154    i.HAL_UART_Init     stm32f4xx_hal_uart.o
    0x08002352   0x08002352   0x00000002   PAD
    0x08002354   0x08002354   0x000000cc   Code   RO          597    i.HAL_UART_MspInit  usart.o
    0x08002420   0x08002420   0x0000002a   Code   RO         3159    i.HAL_UART_Receive_IT  stm32f4xx_hal_uart.o
    0x0800244a   0x0800244a   0x00000002   PAD
    0x0800244c   0x0800244c   0x00000014   Code   RO          598    i.HAL_UART_RxCpltCallback  usart.o
    0x08002460   0x08002460   0x000000b2   Code   RO         3162    i.HAL_UART_Transmit  stm32f4xx_hal_uart.o
    0x08002512   0x08002512   0x00000002   Code   RO         3165    i.HAL_UART_TxCpltCallback  stm32f4xx_hal_uart.o
    0x08002514   0x08002514   0x00000002   Code   RO          663    i.HardFault_Handler  stm32f4xx_it.o
    0x08002516   0x08002516   0x00000002   PAD
    0x08002518   0x08002518   0x00000048   Code   RO          491    i.MX_CAN1_Init      can.o
    0x08002560   0x08002560   0x00000054   Code   RO          421    i.MX_FREERTOS_Init  freertos.o
    0x080025b4   0x080025b4   0x00000150   Code   RO          397    i.MX_GPIO_Init      gpio.o
    0x08002704   0x08002704   0x00000044   Code   RO          556    i.MX_TIM6_Init      tim.o
    0x08002748   0x08002748   0x00000038   Code   RO          599    i.MX_UART4_Init     usart.o
    0x08002780   0x08002780   0x00000038   Code   RO          600    i.MX_USART6_UART_Init  usart.o
    0x080027b8   0x080027b8   0x00000002   Code   RO          664    i.MemManage_Handler  stm32f4xx_it.o
    0x080027ba   0x080027ba   0x00000002   Code   RO          665    i.NMI_Handler       stm32f4xx_it.o
    0x080027bc   0x080027bc   0x00000034   Code   RO          422    i.StartCanSendTask  freertos.o
    0x080027f0   0x080027f0   0x00000050   Code   RO          423    i.StartDHT11Task    freertos.o
    0x08002840   0x08002840   0x000000f8   Code   RO          424    i.StartMainTask     freertos.o
    0x08002938   0x08002938   0x00000018   Code   RO          666    i.SysTick_Handler   stm32f4xx_it.o
    0x08002950   0x08002950   0x00000090   Code   RO          352    i.SystemClock_Config  main.o
    0x080029e0   0x080029e0   0x00000010   Code   RO         3483    i.SystemInit        system_stm32f4xx.o
    0x080029f0   0x080029f0   0x000000c8   Code   RO         2247    i.TIM_Base_SetConfig  stm32f4xx_hal_tim.o
    0x08002ab8   0x08002ab8   0x0000000c   Code   RO          667    i.UART4_IRQHandler  stm32f4xx_it.o
    0x08002ac4   0x08002ac4   0x00000010   Code   RO         3167    i.UART_DMAAbortOnError  stm32f4xx_hal_uart.o
    0x08002ad4   0x08002ad4   0x0000004e   Code   RO         3177    i.UART_EndRxTransfer  stm32f4xx_hal_uart.o
    0x08002b22   0x08002b22   0x000000c0   Code   RO         3179    i.UART_Receive_IT   stm32f4xx_hal_uart.o
    0x08002be2   0x08002be2   0x00000002   PAD
    0x08002be4   0x08002be4   0x0000010c   Code   RO         3180    i.UART_SetConfig    stm32f4xx_hal_uart.o
    0x08002cf0   0x08002cf0   0x00000036   Code   RO         3182    i.UART_Start_Receive_IT  stm32f4xx_hal_uart.o
    0x08002d26   0x08002d26   0x00000078   Code   RO         3183    i.UART_WaitOnFlagUntilTimeout  stm32f4xx_hal_uart.o
    0x08002d9e   0x08002d9e   0x00000002   PAD
    0x08002da0   0x08002da0   0x0000000c   Code   RO          668    i.USART6_IRQHandler  stm32f4xx_it.o
    0x08002dac   0x08002dac   0x00000002   Code   RO          669    i.UsageFault_Handler  stm32f4xx_it.o
    0x08002dae   0x08002dae   0x00000002   PAD
    0x08002db0   0x08002db0   0x00000080   Code   RO          164    i.Wifi_Interrupt    esp8266_ap.o
    0x08002e30   0x08002e30   0x000000a4   Code   RO          165    i.Wifi_Reset        esp8266_ap.o
    0x08002ed4   0x08002ed4   0x000000a4   Code   RO          166    i.Wifi_SendCmd      esp8266_ap.o
    0x08002f78   0x08002f78   0x00000020   Code   RO          167    i.Wifi_SendData     esp8266_ap.o
    0x08002f98   0x08002f98   0x00000020   Code   RO         5066    i.__0printf         mc_w.l(printfa.o)
    0x08002fb8   0x08002fb8   0x00000028   Code   RO         5068    i.__0sprintf        mc_w.l(printfa.o)
    0x08002fe0   0x08002fe0   0x00000020   Code   RO         1777    i.__NVIC_SetPriority  stm32f4xx_hal_cortex.o
    0x08003000   0x08003000   0x0000000e   Code   RO         5136    i.__scatterload_copy  mc_w.l(handlers.o)
    0x0800300e   0x0800300e   0x00000002   Code   RO         5137    i.__scatterload_null  mc_w.l(handlers.o)
    0x08003010   0x08003010   0x0000000e   Code   RO         5138    i.__scatterload_zeroinit  mc_w.l(handlers.o)
    0x0800301e   0x0800301e   0x00000002   PAD
    0x08003020   0x08003020   0x00000184   Code   RO         5073    i._fp_digits        mc_w.l(printfa.o)
    0x080031a4   0x080031a4   0x000006dc   Code   RO         5074    i._printf_core      mc_w.l(printfa.o)
    0x08003880   0x08003880   0x00000024   Code   RO         5075    i._printf_post_padding  mc_w.l(printfa.o)
    0x080038a4   0x080038a4   0x0000002e   Code   RO         5076    i._printf_pre_padding  mc_w.l(printfa.o)
    0x080038d2   0x080038d2   0x0000000a   Code   RO         5078    i._sputc            mc_w.l(printfa.o)
    0x080038dc   0x080038dc   0x0000003c   Code   RO          492    i.can1_config       can.o
    0x08003918   0x08003918   0x00000030   Code   RO          319    i.delay_us          delay.o
    0x08003948   0x08003948   0x0000001c   Code   RO          601    i.fputc             usart.o
    0x08003964   0x08003964   0x00000020   Code   RO          493    i.get_canMessage    can.o
    0x08003984   0x08003984   0x0000000c   Code   RO         4301    i.inHandlerMode     cmsis_os.o
    0x08003990   0x08003990   0x00000032   Code   RO          353    i.main              main.o
    0x080039c2   0x080039c2   0x0000000c   Code   RO         4303    i.makeFreeRtosPriority  cmsis_os.o
    0x080039ce   0x080039ce   0x0000000e   Code   RO         4305    i.osDelay           cmsis_os.o
    0x080039dc   0x080039dc   0x0000000a   Code   RO         4308    i.osKernelStart     cmsis_os.o
    0x080039e6   0x080039e6   0x00000054   Code   RO         4342    i.osThreadCreate    cmsis_os.o
    0x08003a3a   0x08003a3a   0x00000002   PAD
    0x08003a3c   0x08003a3c   0x00000034   Code   RO         4346    i.osThreadResume    cmsis_os.o
    0x08003a70   0x08003a70   0x0000000a   Code   RO         4349    i.osThreadSuspend   cmsis_os.o
    0x08003a7a   0x08003a7a   0x00000002   PAD
    0x08003a7c   0x08003a7c   0x00000070   Code   RO         3985    i.prvAddCurrentTaskToDelayedList  tasks.o
    0x08003aec   0x08003aec   0x000000d0   Code   RO         3986    i.prvAddNewTaskToReadyList  tasks.o
    0x08003bbc   0x08003bbc   0x00000034   Code   RO         3987    i.prvDeleteTCB      tasks.o
    0x08003bf0   0x08003bf0   0x0000004c   Code   RO         4670    i.prvHeapInit       heap_4.o
    0x08003c3c   0x08003c3c   0x00000060   Code   RO         3988    i.prvIdleTask       tasks.o
    0x08003c9c   0x08003c9c   0x00000098   Code   RO         3989    i.prvInitialiseNewTask  tasks.o
    0x08003d34   0x08003d34   0x0000004c   Code   RO         4671    i.prvInsertBlockIntoFreeList  heap_4.o
    0x08003d80   0x08003d80   0x00000020   Code   RO         3990    i.prvResetNextTaskUnblockTime  tasks.o
    0x08003da0   0x08003da0   0x00000028   Code   RO         4738    i.prvTaskExitError  port.o
    0x08003dc8   0x08003dc8   0x00000034   Code   RO         3991    i.prvTaskIsTaskSuspended  tasks.o
    0x08003dfc   0x08003dfc   0x000000dc   Code   RO         4672    i.pvPortMalloc      heap_4.o
    0x08003ed8   0x08003ed8   0x0000002c   Code   RO         4739    i.pxPortInitialiseStack  port.o
    0x08003f04   0x08003f04   0x00000026   Code   RO         3621    i.uxListRemove      list.o
    0x08003f2a   0x08003f2a   0x00000002   PAD
    0x08003f2c   0x08003f2c   0x00000014   Code   RO          425    i.vApplicationGetIdleTaskMemory  freertos.o
    0x08003f40   0x08003f40   0x00000016   Code   RO         3622    i.vListInitialise   list.o
    0x08003f56   0x08003f56   0x00000006   Code   RO         3623    i.vListInitialiseItem  list.o
    0x08003f5c   0x08003f5c   0x00000030   Code   RO         3624    i.vListInsert       list.o
    0x08003f8c   0x08003f8c   0x00000018   Code   RO         3625    i.vListInsertEnd    list.o
    0x08003fa4   0x08003fa4   0x00000040   Code   RO         4741    i.vPortEnterCritical  port.o
    0x08003fe4   0x08003fe4   0x00000028   Code   RO         4742    i.vPortExitCritical  port.o
    0x0800400c   0x0800400c   0x00000064   Code   RO         4673    i.vPortFree         heap_4.o
    0x08004070   0x08004070   0x00000024   Code   RO         4743    i.vPortSetupTimerInterrupt  port.o
    0x08004094   0x08004094   0x00000054   Code   RO         4744    i.vPortValidateInterruptPriority  port.o
    0x080040e8   0x080040e8   0x0000004c   Code   RO         3999    i.vTaskDelay        tasks.o
    0x08004134   0x08004134   0x0000007c   Code   RO         4010    i.vTaskResume       tasks.o
    0x080041b0   0x080041b0   0x0000006c   Code   RO         4012    i.vTaskStartScheduler  tasks.o
    0x0800421c   0x0800421c   0x000000bc   Code   RO         4013    i.vTaskSuspend      tasks.o
    0x080042d8   0x080042d8   0x00000010   Code   RO         4014    i.vTaskSuspendAll   tasks.o
    0x080042e8   0x080042e8   0x0000005c   Code   RO         4015    i.vTaskSwitchContext  tasks.o
    0x08004344   0x08004344   0x000000f4   Code   RO         4745    i.xPortStartScheduler  port.o
    0x08004438   0x08004438   0x0000002c   Code   RO         4746    i.xPortSysTickHandler  port.o
    0x08004464   0x08004464   0x0000005a   Code   RO         4018    i.xTaskCreate       tasks.o
    0x080044be   0x080044be   0x00000056   Code   RO         4019    i.xTaskCreateStatic  tasks.o
    0x08004514   0x08004514   0x0000001c   Code   RO         4023    i.xTaskGetSchedulerState  tasks.o
    0x08004530   0x08004530   0x000000cc   Code   RO         4026    i.xTaskIncrementTick  tasks.o
    0x080045fc   0x080045fc   0x000000c4   Code   RO         4032    i.xTaskResumeAll    tasks.o
    0x080046c0   0x080046c0   0x00000088   Code   RO         4033    i.xTaskResumeFromISR  tasks.o
    0x08004748   0x08004748   0x00000054   Data   RO          427    .constdata          freertos.o
    0x0800479c   0x0800479c   0x00000010   Data   RO         3484    .constdata          system_stm32f4xx.o
    0x080047ac   0x080047ac   0x00000008   Data   RO         3485    .constdata          system_stm32f4xx.o
    0x080047b4   0x080047b4   0x00000021   Data   RO          428    .conststring        freertos.o
    0x080047d5   0x080047d5   0x00000003   PAD
    0x080047d8   0x080047d8   0x00000020   Data   RO         5134    Region$$Table       anon$$obj.o


    Execution Region RW_IRAM2 (Exec base: 0x10000000, Load base: 0x080048a8, Size: 0x00000000, Max: 0x00010000, ABSOLUTE)

    **** No section assigned to this execution region ****


    Execution Region RW_IRAM1 (Exec base: 0x20000000, Load base: 0x080047f8, Size: 0x00004718, Max: 0x00020000, ABSOLUTE)

    Exec Addr    Load Addr    Size         Type   Attr      Idx    E Section Name        Object

    0x20000000   0x080047f8   0x00000018   Data   RW          169    .data               esp8266_ap.o
    0x20000018   0x08004810   0x00000010   Data   RW          429    .data               freertos.o
    0x20000028   0x08004820   0x00000009   Data   RW          495    .data               can.o
    0x20000031   0x08004829   0x00000003   PAD
    0x20000034   0x0800482c   0x0000000c   Data   RW         1921    .data               stm32f4xx_hal.o
    0x20000040   0x08004838   0x00000004   Data   RW         3486    .data               system_stm32f4xx.o
    0x20000044   0x0800483c   0x0000003c   Data   RW         4035    .data               tasks.o
    0x20000080   0x08004878   0x00000020   Data   RW         4679    .data               heap_4.o
    0x200000a0   0x08004898   0x0000000c   Data   RW         4747    .data               port.o
    0x200000ac   0x080048a4   0x00000004   Data   RW         5110    .data               mc_w.l(stdout.o)
    0x200000b0        -       0x00000164   Zero   RW          168    .bss                esp8266_ap.o
    0x20000214        -       0x000002e4   Zero   RW          426    .bss                freertos.o
    0x200004f8        -       0x0000005c   Zero   RW          494    .bss                can.o
    0x20000554        -       0x00000048   Zero   RW          557    .bss                tim.o
    0x2000059c        -       0x00000088   Zero   RW          602    .bss                usart.o
    0x20000624        -       0x000000f0   Zero   RW         4034    .bss                tasks.o
    0x20000714        -       0x00003c00   Zero   RW         4678    .bss                heap_4.o
    0x20004314   0x080048a8   0x00000004   PAD
    0x20004318        -       0x00000400   Zero   RW            1    STACK               startup_stm32f407xx.o


==============================================================================

Image component sizes


      Code (inc. data)   RO Data    RW Data    ZI Data      Debug   Object Name

       460         70          0          9         92       4364   can.o
       194          6          0          0          0      30336   cmsis_os.o
        48          4          0          0          0        571   delay.o
       424         30          0          0          0     704618   dht11.o
      1232        618          0         24        356      37202   esp8266_ap.o
         0          0          0          0          0      16924   event_groups.o
       484        166        117         16        740       4359   freertos.o
       336         22          0          0          0       1159   gpio.o
       472         24          0         32      15360       7483   heap_4.o
        56          8          0          0          0        593   key.o
       138          0          0          0          0       3606   list.o
       198         10          0          0          0       6712   main.o
       786         82          0         12          0      11977   port.o
        36          8        392          0       1024        844   startup_stm32f407xx.o
       180         28          0         12          0       9485   stm32f4xx_hal.o
      1638          6          0          0          0      14463   stm32f4xx_hal_can.o
       198         14          0          0          0      34007   stm32f4xx_hal_cortex.o
       182          0          0          0          0       2127   stm32f4xx_hal_dma.o
       540         52          0          0          0       3530   stm32f4xx_hal_gpio.o
        56          4          0          0          0        886   stm32f4xx_hal_msp.o
      1344         72          0          0          0       5300   stm32f4xx_hal_rcc.o
       448         74          0          0          0       4276   stm32f4xx_hal_tim.o
       144         28          0          0          0       1364   stm32f4xx_hal_tim_ex.o
      1668         16          0          0          0      11484   stm32f4xx_hal_uart.o
       142         36          0          0          0       6806   stm32f4xx_it.o
         0          0          0          0          0        392   stream_buffer.o
        16          4         24          4          0       1159   system_stm32f4xx.o
      2048        156          0         60        240      24101   tasks.o
       108         18          0          0         72       1606   tim.o
       364         48          0          0        136       3627   usart.o

    ----------------------------------------------------------------------
     13974       1604        568        172      18024     955361   Object Totals
         0          0         32          0          0          0   (incl. Generated)
        34          0          3          3          4          0   (incl. Padding)

    ----------------------------------------------------------------------

      Code (inc. data)   RO Data    RW Data    ZI Data      Debug   Library Member Name

         0          0          0          0          0          0   entry.o
         0          0          0          0          0          0   entry10a.o
         0          0          0          0          0          0   entry11a.o
         8          4          0          0          0          0   entry2.o
         4          0          0          0          0          0   entry5.o
         0          0          0          0          0          0   entry7b.o
         0          0          0          0          0          0   entry8b.o
         8          4          0          0          0          0   entry9a.o
        30          0          0          0          0          0   handlers.o
        36          8          0          0          0         68   init.o
         0          0          0          0          0          0   iusefp.o
        30          0          0          0          0         68   llshl.o
        36          0          0          0          0         68   llsshr.o
        32          0          0          0          0         68   llushr.o
        36          0          0          0          0         68   memcpya.o
        36          0          0          0          0        108   memseta.o
      2308         96          0          0          0        604   printfa.o
         0          0          0          4          0          0   stdout.o
        18          0          0          0          0         68   strcpy.o
        14          0          0          0          0         68   strlen.o
        36          0          0          0          0         80   strstr.o
        44          0          0          0          0         80   uidiv.o
        98          0          0          0          0         92   uldiv.o
        48          0          0          0          0         68   cdrcmple.o
       334          0          0          0          0        148   dadd.o
       222          0          0          0          0        100   ddiv.o
       186          0          0          0          0        176   depilogue.o
        48          0          0          0          0         68   dfixul.o
       228          0          0          0          0         96   dmul.o
        38          0          0          0          0         68   f2d.o

    ----------------------------------------------------------------------
      3882        112          0          4          0       2164   Library Totals
         4          0          0          0          0          0   (incl. Padding)

    ----------------------------------------------------------------------

      Code (inc. data)   RO Data    RW Data    ZI Data      Debug   Library Name

      2774        112          0          4          0       1440   mc_w.l
      1104          0          0          0          0        724   mf_w.l

    ----------------------------------------------------------------------
      3882        112          0          4          0       2164   Library Totals

    ----------------------------------------------------------------------

==============================================================================


      Code (inc. data)   RO Data    RW Data    ZI Data      Debug   

     17856       1716        568        176      18024     942185   Grand Totals
     17856       1716        568        176      18024     942185   ELF Image Totals
     17856       1716        568        176          0          0   ROM Totals

==============================================================================

    Total RO  Size (Code + RO Data)                18424 (  17.99kB)
    Total RW  Size (RW Data + ZI Data)             18200 (  17.77kB)
    Total ROM Size (Code + RO Data + RW Data)      18600 (  18.16kB)

==============================================================================

