Component: ARM Compiler 5.06 update 6 (build 750) Tool: armlink [4d35ed]

==============================================================================

Section Cross References

    startup_stm32f103xe.o(STACK) refers (Special) to heapauxi.o(.text) for __use_two_region_memory
    startup_stm32f103xe.o(HEAP) refers (Special) to heapauxi.o(.text) for __use_two_region_memory
    startup_stm32f103xe.o(RESET) refers (Special) to heapauxi.o(.text) for __use_two_region_memory
    startup_stm32f103xe.o(RESET) refers to startup_stm32f103xe.o(STACK) for __initial_sp
    startup_stm32f103xe.o(RESET) refers to startup_stm32f103xe.o(.text) for Reset_Handler
    startup_stm32f103xe.o(RESET) refers to stm32f1xx_it.o(i.NMI_Handler) for NMI_Handler
    startup_stm32f103xe.o(RESET) refers to stm32f1xx_it.o(i.HardFault_Handler) for HardFault_Handler
    startup_stm32f103xe.o(RESET) refers to stm32f1xx_it.o(i.MemManage_Handler) for MemManage_Handler
    startup_stm32f103xe.o(RESET) refers to stm32f1xx_it.o(i.BusFault_Handler) for BusFault_Handler
    startup_stm32f103xe.o(RESET) refers to stm32f1xx_it.o(i.UsageFault_Handler) for UsageFault_Handler
    startup_stm32f103xe.o(RESET) refers to stm32f1xx_it.o(i.SVC_Handler) for SVC_Handler
    startup_stm32f103xe.o(RESET) refers to stm32f1xx_it.o(i.DebugMon_Handler) for DebugMon_Handler
    startup_stm32f103xe.o(RESET) refers to stm32f1xx_it.o(i.PendSV_Handler) for PendSV_Handler
    startup_stm32f103xe.o(RESET) refers to stm32f1xx_it.o(i.SysTick_Handler) for SysTick_Handler
    startup_stm32f103xe.o(RESET) refers to stm32f1xx_it.o(i.ADC1_2_IRQHandler) for ADC1_2_IRQHandler
    startup_stm32f103xe.o(RESET) refers to stm32f1xx_it.o(i.USART1_IRQHandler) for USART1_IRQHandler
    startup_stm32f103xe.o(.text) refers (Special) to heapauxi.o(.text) for __use_two_region_memory
    startup_stm32f103xe.o(.text) refers to system_stm32f1xx.o(i.SystemInit) for SystemInit
    startup_stm32f103xe.o(.text) refers to __main.o(!!!main) for __main
    startup_stm32f103xe.o(.text) refers to startup_stm32f103xe.o(HEAP) for Heap_Mem
    startup_stm32f103xe.o(.text) refers to startup_stm32f103xe.o(STACK) for Stack_Mem
    main.o(i.SystemClock_Config) refers to rt_memclr_w.o(.text) for __aeabi_memclr4
    main.o(i.SystemClock_Config) refers to stm32f1xx_hal_rcc.o(i.HAL_RCC_OscConfig) for HAL_RCC_OscConfig
    main.o(i.SystemClock_Config) refers to stm32f1xx_hal_rcc.o(i.HAL_RCC_ClockConfig) for HAL_RCC_ClockConfig
    main.o(i.SystemClock_Config) refers to stm32f1xx_hal_rcc_ex.o(i.HAL_RCCEx_PeriphCLKConfig) for HAL_RCCEx_PeriphCLKConfig
    main.o(i.main) refers to _scanf_int.o(.text) for _scanf_int
    main.o(i.main) refers to _printf_percent.o(.ARM.Collect$$_printf_percent$$00000000) for _printf_percent
    main.o(i.main) refers to _printf_d.o(.ARM.Collect$$_printf_percent$$00000009) for _printf_d
    main.o(i.main) refers to _printf_dec.o(.text) for _printf_int_dec
    main.o(i.main) refers to stm32f1xx_hal.o(i.HAL_Init) for HAL_Init
    main.o(i.main) refers to main.o(i.SystemClock_Config) for SystemClock_Config
    main.o(i.main) refers to gpio.o(i.MX_GPIO_Init) for MX_GPIO_Init
    main.o(i.main) refers to usart.o(i.MX_USART1_UART_Init) for MX_USART1_UART_Init
    main.o(i.main) refers to adc.o(i.MX_ADC1_Init) for MX_ADC1_Init
    main.o(i.main) refers to noretval__2printf.o(.text) for __2printf
    main.o(i.main) refers to stm32f1xx_hal_gpio.o(i.HAL_GPIO_WritePin) for HAL_GPIO_WritePin
    main.o(i.main) refers to __0scanf.o(.text) for __0scanf
    main.o(i.main) refers to stm32f1xx_hal.o(i.HAL_Delay) for HAL_Delay
    gpio.o(i.MX_GPIO_Init) refers to stm32f1xx_hal_gpio.o(i.HAL_GPIO_WritePin) for HAL_GPIO_WritePin
    gpio.o(i.MX_GPIO_Init) refers to stm32f1xx_hal_gpio.o(i.HAL_GPIO_Init) for HAL_GPIO_Init
    adc.o(i.HAL_ADC_MspDeInit) refers to stm32f1xx_hal_gpio.o(i.HAL_GPIO_DeInit) for HAL_GPIO_DeInit
    adc.o(i.HAL_ADC_MspDeInit) refers to stm32f1xx_hal_cortex.o(i.HAL_NVIC_DisableIRQ) for HAL_NVIC_DisableIRQ
    adc.o(i.HAL_ADC_MspInit) refers to stm32f1xx_hal_gpio.o(i.HAL_GPIO_Init) for HAL_GPIO_Init
    adc.o(i.HAL_ADC_MspInit) refers to stm32f1xx_hal_cortex.o(i.HAL_NVIC_SetPriority) for HAL_NVIC_SetPriority
    adc.o(i.HAL_ADC_MspInit) refers to stm32f1xx_hal_cortex.o(i.HAL_NVIC_EnableIRQ) for HAL_NVIC_EnableIRQ
    adc.o(i.MX_ADC1_Init) refers to stm32f1xx_hal_adc.o(i.HAL_ADC_Init) for HAL_ADC_Init
    adc.o(i.MX_ADC1_Init) refers to main.o(i.Error_Handler) for Error_Handler
    adc.o(i.MX_ADC1_Init) refers to stm32f1xx_hal_adc.o(i.HAL_ADC_ConfigChannel) for HAL_ADC_ConfigChannel
    adc.o(i.MX_ADC1_Init) refers to adc.o(.bss) for .bss
    usart.o(i.HAL_UART_MspDeInit) refers to stm32f1xx_hal_gpio.o(i.HAL_GPIO_DeInit) for HAL_GPIO_DeInit
    usart.o(i.HAL_UART_MspDeInit) refers to stm32f1xx_hal_cortex.o(i.HAL_NVIC_DisableIRQ) for HAL_NVIC_DisableIRQ
    usart.o(i.HAL_UART_MspInit) refers to stm32f1xx_hal_gpio.o(i.HAL_GPIO_Init) for HAL_GPIO_Init
[...]
    ../clib/scanf.c                          0x00000000   Number         0  _scanf_int.o ABSOLUTE
    ../clib/scanf.c                          0x00000000   Number         0  __0scanf.o ABSOLUTE
    ../clib/scanf.c                          0x00000000   Number         0  _scanf.o ABSOLUTE
    ../clib/scanf.c                          0x00000000   Number         0  scanf_char.o ABSOLUTE
    ../clib/scanf.c                          0x00000000   Number         0  scanf_char_file.o ABSOLUTE
    ../clib/signal.c                         0x00000000   Number         0  defsig_segv_inner.o ABSOLUTE
    ../clib/signal.c                         0x00000000   Number         0  defsig_cppl_inner.o ABSOLUTE
    ../clib/signal.c                         0x00000000   Number         0  defsig_rtred_outer.o ABSOLUTE
    ../clib/signal.c                         0x00000000   Number         0  defsig_rtmem_inner.o ABSOLUTE
    ../clib/signal.c                         0x00000000   Number         0  defsig_stak_inner.o ABSOLUTE
    ../clib/signal.c                         0x00000000   Number         0  defsig_fpe_inner.o ABSOLUTE
    ../clib/signal.c                         0x00000000   Number         0  defsig_rtmem_formal.o ABSOLUTE
    ../clib/signal.c                         0x00000000   Number         0  defsig_rtmem_outer.o ABSOLUTE
    ../clib/signal.c                         0x00000000   Number         0  defsig_rtred_inner.o ABSOLUTE
    ../clib/signal.c                         0x00000000   Number         0  defsig_pvfn_inner.o ABSOLUTE
    ../clib/signal.c                         0x00000000   Number         0  defsig_abrt_inner.o ABSOLUTE
    ../clib/signal.c                         0x00000000   Number         0  defsig_rtred_formal.o ABSOLUTE
    ../clib/signal.c                         0x00000000   Number         0  defsig_other.o ABSOLUTE
    ../clib/signal.c                         0x00000000   Number         0  defsig_general.o ABSOLUTE
    ../clib/signal.c                         0x00000000   Number         0  __raise.o ABSOLUTE
    ../clib/signal.c                         0x00000000   Number         0  defsig_exit.o ABSOLUTE
    ../clib/signal.s                         0x00000000   Number         0  defsig.o ABSOLUTE
    ../clib/stdio.c                          0x00000000   Number         0  setvbuf_locked.o ABSOLUTE
    ../clib/stdio.c                          0x00000000   Number         0  fopen_locked.o ABSOLUTE
    ../clib/stdio.c                          0x00000000   Number         0  backspace.o ABSOLUTE
    ../clib/stdio.c                          0x00000000   Number         0  fseek.o ABSOLUTE
    ../clib/stdio.c                          0x00000000   Number         0  stdio.o ABSOLUTE
    ../clib/stdio.c                          0x00000000   Number         0  stdio_streams.o ABSOLUTE
    ../clib/stdio.c                          0x00000000   Number         0  ftell.o ABSOLUTE
    ../clib/stdio.c                          0x00000000   Number         0  ferror.o ABSOLUTE
    ../clib/stdio.c                          0x00000000   Number         0  initio.o ABSOLUTE
    ../clib/stdio.c                          0x00000000   Number         0  backspace_locked.o ABSOLUTE
    ../clib/stdio.c                          0x00000000   Number         0  ferror_locked.o ABSOLUTE
    ../clib/stdio.c                          0x00000000   Number         0  initio_locked.o ABSOLUTE
    ../clib/stdio.c                          0x00000000   Number         0  setvbuf.o ABSOLUTE
    ../clib/stdio.c                          0x00000000   Number         0  ungetc.o ABSOLUTE
    ../clib/stdio.c                          0x00000000   Number         0  streamlock.o ABSOLUTE
    ../clib/stdio.c                          0x00000000   Number         0  fopen.o ABSOLUTE
    ../clib/stdio.c                          0x00000000   Number         0  fclose.o ABSOLUTE
    ../clib/stdlib.c                         0x00000000   Number         0  exit.o ABSOLUTE
    ../clib/string.c                         0x00000000   Number         0  strlen.o ABSOLUTE
    ../fplib/fpinit.s                        0x00000000   Number         0  fpinit.o ABSOLUTE
    ..\Core\Src\adc.c                        0x00000000   Number         0  adc.o ABSOLUTE
    ..\Core\Src\gpio.c                       0x00000000   Number         0  gpio.o ABSOLUTE
    ..\Core\Src\main.c                       0x00000000   Number         0  main.o ABSOLUTE
    ..\Core\Src\stm32f1xx_hal_msp.c          0x00000000   Number         0  stm32f1xx_hal_msp.o ABSOLUTE
    ..\Core\Src\stm32f1xx_it.c               0x00000000   Number         0  stm32f1xx_it.o ABSOLUTE
    ..\Core\Src\system_stm32f1xx.c           0x00000000   Number         0  system_stm32f1xx.o ABSOLUTE
    ..\Core\Src\usart.c                      0x00000000   Number         0  usart.o ABSOLUTE
    ..\Drivers\STM32F1xx_HAL_Driver\Src\stm32f1xx_hal.c 0x00000000   Number         0  stm32f1xx_hal.o ABSOLUTE
    ..\Drivers\STM32F1xx_HAL_Driver\Src\stm32f1xx_hal_adc.c 0x00000000   Number         0  stm32f1xx_hal_adc.o ABSOLUTE
    ..\Drivers\STM32F1xx_HAL_Driver\Src\stm32f1xx_hal_adc_ex.c 0x00000000   Number         0  stm32f1xx_hal_adc_ex.o ABSOLUTE
    ..\Drivers\STM32F1xx_HAL_Driver\Src\stm32f1xx_hal_cortex.c 0x00000000   Number         0  stm32f1xx_hal_cortex.o ABSOLUTE
    ..\Drivers\STM32F1xx_HAL_Driver\Src\stm32f1xx_hal_dma.c 0x00000000   Number         0  stm32f1xx_hal_dma.o ABSOLUTE
    ..\Drivers\STM32F1xx_HAL_Driver\Src\stm32f1xx_hal_exti.c 0x00000000   Number         0  stm32f1xx_hal_exti.o ABSOLUTE
    ..\Drivers\STM32F1xx_HAL_Driver\Src\stm32f1xx_hal_flash.c 0x00000000   Number         0  stm32f1xx_hal_flash.o ABSOLUTE
    ..\Drivers\STM32F1xx_HAL_Driver\Src\stm32f1xx_hal_flash_ex.c 0x00000000   Number         0  stm32f1xx_hal_flash_ex.o ABSOLUTE
    ..\Drivers\STM32F1xx_HAL_Driver\Src\stm32f1xx_hal_gpio.c 0x00000000   Number         0  stm32f1xx_hal_gpio.o ABSOLUTE
    ..\Drivers\STM32F1xx_HAL_Driver\Src\stm32f1xx_hal_gpio_ex.c 0x00000000   Number         0  stm32f1xx_hal_gpio_ex.o ABSOLUTE
    ..\Drivers\STM32F1xx_HAL_Driver\Src\stm32f1xx_hal_pwr.c 0x00000000   Number         0  stm32f1xx_hal_pwr.o ABSOLUTE
    ..\Drivers\STM32F1xx_HAL_Driver\Src\stm32f1xx_hal_rcc.c 0x00000000   Number         0  stm32f1xx_hal_rcc.o ABSOLUTE
    ..\Drivers\STM32F1xx_HAL_Driver\Src\stm32f1xx_hal_rcc_ex.c 0x00000000   Number         0  stm32f1xx_hal_rcc_ex.o ABSOLUTE
    ..\Drivers\STM32F1xx_HAL_Driver\Src\stm32f1xx_hal_tim.c 0x00000000   Number         0  stm32f1xx_hal_tim.o ABSOLUTE
    ..\Drivers\STM32F1xx_HAL_Driver\Src\stm32f1xx_hal_tim_ex.c 0x00000000   Number         0  stm32f1xx_hal_tim_ex.o ABSOLUTE
    ..\Drivers\STM32F1xx_HAL_Driver\Src\stm32f1xx_hal_uart.c 0x00000000   Number         0  stm32f1xx_hal_uart.o ABSOLUTE
    dc.s                                     0x00000000   Number         0  dc.o ABSOLUTE
    startup_stm32f103xe.s                    0x00000000   Number         0  startup_stm32f103xe.o ABSOLUTE
    RESET                                    0x08000000   Section      304  startup_stm32f103xe.o(RESET)
    !!!main                                  0x08000130   Section        8  __main.o(!!!main)
    !!!scatter                               0x08000138   Section       52  __scatter.o(!!!scatter)
    !!handler_copy                           0x0800016c   Section       26  __scatter_copy.o(!!handler_copy)
    !!handler_zi                             0x08000188   Section       28  __scatter_zi.o(!!handler_zi)
    .ARM.Collect$$_printf_percent$$00000000  0x080001a4   Section        0  _printf_percent.o(.ARM.Collect$$_printf_percent$$00000000)
    .ARM.Collect$$_printf_percent$$00000009  0x080001a4   Section        6  _printf_d.o(.ARM.Collect$$_printf_percent$$00000009)
    .ARM.Collect$$_printf_percent$$00000017  0x080001aa   Section        4  _printf_percent_end.o(.ARM.Collect$$_printf_percent$$00000017)
    .ARM.Collect$$libinit$$00000000          0x080001ae   Section        2  libinit.o(.ARM.Collect$$libinit$$00000000)
    .ARM.Collect$$libinit$$00000002          0x080001b0   Section        0  libinit2.o(.ARM.Collect$$libinit$$00000002)
    .ARM.Collect$$libinit$$00000004          0x080001b0   Section        0  libinit2.o(.ARM.Collect$$libinit$$00000004)
    .ARM.Collect$$libinit$$00000005          0x080001b0   Section        8  libinit2.o(.ARM.Collect$$libinit$$00000005)
    .ARM.Collect$$libinit$$0000000A          0x080001b8   Section        0  libinit2.o(.ARM.Collect$$libinit$$0000000A)
    .ARM.Collect$$libinit$$0000000C          0x080001b8   Section        0  libinit2.o(.ARM.Collect$$libinit$$0000000C)
    .ARM.Collect$$libinit$$0000000E          0x080001b8   Section        0  libinit2.o(.ARM.Collect$$libinit$$0000000E)
    .ARM.Collect$$libinit$$0000000F          0x080001b8   Section        6  libinit2.o(.ARM.Collect$$libinit$$0000000F)
    .ARM.Collect$$libinit$$00000011          0x080001be   Section        0  libinit2.o(.ARM.Collect$$libinit$$00000011)
    .ARM.Collect$$libinit$$00000012          0x080001be   Section       12  libinit2.o(.ARM.Collect$$libinit$$00000012)
    .ARM.Collect$$libinit$$00000013          0x080001ca   Section        0  libinit2.o(.ARM.Collect$$libinit$$00000013)
    .ARM.Collect$$libinit$$00000015          0x080001ca   Section        0  libinit2.o(.ARM.Collect$$libinit$$00000015)
    .ARM.Collect$$libinit$$00000017          0x080001ca   Section        0  libinit2.o(.ARM.Collect$$libinit$$00000017)
    .ARM.Collect$$libinit$$00000019          0x080001ca   Section        0  libinit2.o(.ARM.Collect$$libinit$$00000019)
    .ARM.Collect$$libinit$$0000001B          0x080001ca   Section        0  libinit2.o(.ARM.Collect$$libinit$$0000001B)
    .ARM.Collect$$libinit$$0000001D          0x080001ca   Section        0  libinit2.o(.ARM.Collect$$libinit$$0000001D)
    .ARM.Collect$$libinit$$0000001F          0x080001ca   Section        0  libinit2.o(.ARM.Collect$$libinit$$0000001F)
    .ARM.Collect$$libinit$$00000021          0x080001ca   Section        0  libinit2.o(.ARM.Collect$$libinit$$00000021)
    .ARM.Collect$$libinit$$00000023          0x080001ca   Section        0  libinit2.o(.ARM.Collect$$libinit$$00000023)
    .ARM.Collect$$libinit$$00000024          0x080001ca   Section        4  libinit2.o(.ARM.Collect$$libinit$$00000024)
    .ARM.Collect$$libinit$$00000025          0x080001ce   Section        0  libinit2.o(.ARM.Collect$$libinit$$00000025)
    .ARM.Collect$$libinit$$0000002C          0x080001ce   Section        0  libinit2.o(.ARM.Collect$$libinit$$0000002C)
    .ARM.Collect$$libinit$$0000002E          0x080001ce   Section        0  libinit2.o(.ARM.Collect$$libinit$$0000002E)
    .ARM.Collect$$libinit$$00000030          0x080001ce   Section        0  libinit2.o(.ARM.Collect$$libinit$$00000030)
    .ARM.Collect$$libinit$$00000032          0x080001ce   Section        0  libinit2.o(.ARM.Collect$$libinit$$00000032)
    .ARM.Collect$$libinit$$00000033          0x080001ce   Section        2  libinit2.o(.ARM.Collect$$libinit$$00000033)
    .ARM.Collect$$libshutdown$$00000000      0x080001d0   Section        2  libshutdown.o(.ARM.Collect$$libshutdown$$00000000)
    .ARM.Collect$$libshutdown$$00000002      0x080001d2   Section        0  libshutdown2.o(.ARM.Collect$$libshutdown$$00000002)
    .ARM.Collect$$libshutdown$$00000003      0x080001d2   Section        4  libshutdown2.o(.ARM.Collect$$libshutdown$$00000003)
    .ARM.Collect$$libshutdown$$00000004      0x080001d6   Section        0  libshutdown2.o(.ARM.Collect$$libshutdown$$00000004)
    .ARM.Collect$$libshutdown$$00000007      0x080001d6   Section        0  libshutdown2.o(.ARM.Collect$$libshutdown$$00000007)
    .ARM.Collect$$libshutdown$$0000000A      0x080001d6   Section        0  libshutdown2.o(.ARM.Collect$$libshutdown$$0000000A)
    .ARM.Collect$$libshutdown$$0000000C      0x080001d6   Section        0  libshutdown2.o(.ARM.Collect$$libshutdown$$0000000C)
    .ARM.Collect$$libshutdown$$0000000F      0x080001d6   Section        0  libshutdown2.o(.ARM.Collect$$libshutdown$$0000000F)
    .ARM.Collect$$libshutdown$$00000010      0x080001d6   Section        2  libshutdown2.o(.ARM.Collect$$libshutdown$$00000010)
    .ARM.Collect$$rtentry$$00000000          0x080001d8   Section        0  __rtentry.o(.ARM.Collect$$rtentry$$00000000)
    .ARM.Collect$$rtentry$$00000002          0x080001d8   Section        0  __rtentry2.o(.ARM.Collect$$rtentry$$00000002)
    .ARM.Collect$$rtentry$$00000004          0x080001d8   Section        6  __rtentry4.o(.ARM.Collect$$rtentry$$00000004)
    .ARM.Collect$$rtentry$$00000009          0x080001de   Section        0  __rtentry2.o(.ARM.Collect$$rtentry$$00000009)
    .ARM.Collect$$rtentry$$0000000A          0x080001de   Section        4  __rtentry2.o(.ARM.Collect$$rtentry$$0000000A)
    .ARM.Collect$$rtentry$$0000000C          0x080001e2   Section        0  __rtentry2.o(.ARM.Collect$$rtentry$$0000000C)
    .ARM.Collect$$rtentry$$0000000D          0x080001e2   Section        8  __rtentry2.o(.ARM.Collect$$rtentry$$0000000D)
    .ARM.Collect$$rtexit$$00000000           0x080001ea   Section        2  rtexit.o(.ARM.Collect$$rtexit$$00000000)
    .ARM.Collect$$rtexit$$00000002           0x080001ec   Section        0  rtexit2.o(.ARM.Collect$$rtexit$$00000002)
    .ARM.Collect$$rtexit$$00000003           0x080001ec   Section        4  rtexit2.o(.ARM.Collect$$rtexit$$00000003)
    .ARM.Collect$$rtexit$$00000004           0x080001f0   Section        6  rtexit2.o(.ARM.Collect$$rtexit$$00000004)
    .emb_text                                0x080001f8   Section        0  maybetermalloc1.o(.emb_text)
    .text                                    0x080001f8   Section       64  startup_stm32f103xe.o(.text)
    .text                                    0x08000238   Section        0  noretval__2printf.o(.text)
    .text                                    0x08000250   Section        0  __printf.o(.text)
    .text                                    0x080002b8   Section        0  _printf_dec.o(.text)
    .text                                    0x08000330   Section        0  __0scanf.o(.text)
    .text                                    0x08000350   Section        0  _scanf_int.o(.text)
    .text                                    0x0800049c   Section       78  rt_memclr_w.o(.text)
    .text                                    0x080004ea   Section        0  heapauxi.o(.text)
    .text                                    0x080004f0   Section        0  _printf_intcommon.o(.text)
    .text                                    0x080005a4   Section        0  _printf_char_file.o(.text)
    .text                                    0x080005c8   Section        0  _chval.o(.text)
    .text                                    0x080005e4   Section        0  scanf_char_file.o(.text)
    .text                                    0x080005fc   Section        0  _printf_char_common.o(.text)
    _printf_input_char                       0x080005fd   Thumb Code    10  _printf_char_common.o(.text)
    .text                                    0x0800062c   Section        0  scanf_char.o(.text)
    _scanf_char_input                        0x0800062d   Thumb Code    12  scanf_char.o(.text)
    .text                                    0x08000658   Section        0  backspace.o(.text)
    .text                                    0x080006a0   Section        0  ferror.o(.text)
    .text                                    0x080006a8   Section        0  initio.o(.text)
    .text                                    0x080007e0   Section        0  sys_io.o(.text)
    .text                                    0x08000846   Section       74  sys_stackheap_outer.o(.text)
    .text                                    0x08000890   Section        0  h1_free.o(.text)
    .text                                    0x080008de   Section        0  isspace.o(.text)
    .text                                    0x080008f0   Section        0  _scanf.o(.text)
    .text                                    0x08000c64   Section        0  setvbuf.o(.text)
    .text                                    0x08000cac   Section        0  ungetc.o(.text)
    .text                                    0x08000cf4   Section        0  fopen.o(.text)
    _freopen_locked                          0x08000cf5   Thumb Code     0  fopen.o(.text)
    .text                                    0x08000de0   Section        0  fclose.o(.text)
    .text                                    0x08000e2c   Section        0  exit.o(.text)
    .text                                    0x08000e3e   Section        0  defsig_rtred_outer.o(.text)
    .text                                    0x08000e4c   Section        8  libspace.o(.text)
    .text                                    0x08000e54   Section        2  use_no_semi.o(.text)
    .text                                    0x08000e56   Section        0  indicate_semi.o(.text)
    .text                                    0x08000e58   Section       16  rt_ctype_table.o(.text)
    .text                                    0x08000e68   Section        8  rt_heap_descriptor_intlibspace.o(.text)
    .text                                    0x08000e70   Section        0  hguard.o(.text)
    .text                                    0x08000e74   Section        0  init_alloc.o(.text)
    .text                                    0x08000efe   Section        0  h1_alloc.o(.text)
    .text                                    0x08000f5c   Section        0  fseek.o(.text)
    .text                                    0x08001054   Section        0  stdio.o(.text)
    .text                                    0x08001144   Section        0  defsig_exit.o(.text)
    .text                                    0x08001150   Section        0  defsig_rtred_inner.o(.text)
    .text                                    0x08001184   Section        0  strlen.o(.text)
    .text                                    0x080011c4   Section        0  sys_exit.o(.text)
    .text                                    0x080011d0   Section        8  rt_locale_intlibspace.o(.text)
    .text                                    0x080011d8   Section        0  h1_init.o(.text)
    .text                                    0x080011e6   Section        0  h1_extend.o(.text)
    .text                                    0x0800121a   Section        0  ftell.o(.text)
    .text                                    0x0800125c   Section        0  defsig_general.o(.text)
    .text                                    0x0800128e   Section        0  defsig_rtmem_outer.o(.text)
    .text                                    0x0800129c   Section        0  sys_wrch.o(.text)
    .text                                    0x080012ac   Section        8  rt_errno_addr_intlibspace.o(.text)
    .text                                    0x080012b4   Section        0  defsig_rtmem_inner.o(.text)
    .text                                    0x08001304   Section      128  strcmpv7m.o(.text)
    i.ADC1_2_IRQHandler                      0x08001384   Section        0  stm32f1xx_it.o(i.ADC1_2_IRQHandler)
    i.ADC_ConversionStop_Disable             0x08001390   Section        0  stm32f1xx_hal_adc.o(i.ADC_ConversionStop_Disable)
    i.BusFault_Handler                       0x080013e6   Section        0  stm32f1xx_it.o(i.BusFault_Handler)
    i.DebugMon_Handler                       0x080013e8   Section        0  stm32f1xx_it.o(i.DebugMon_Handler)
    i.Error_Handler                          0x080013ea   Section        0  main.o(i.Error_Handler)
    i.HAL_ADCEx_InjectedConvCpltCallback     0x080013ee   Section        0  stm32f1xx_hal_adc_ex.o(i.HAL_ADCEx_InjectedConvCpltCallback)
    i.HAL_ADC_ConfigChannel                  0x080013f0   Section        0  stm32f1xx_hal_adc.o(i.HAL_ADC_ConfigChannel)
    i.HAL_ADC_ConvCpltCallback               0x080014ec   Section        0  stm32f1xx_hal_adc.o(i.HAL_ADC_ConvCpltCallback)
    i.HAL_ADC_IRQHandler                     0x080014ee   Section        0  stm32f1xx_hal_adc.o(i.HAL_ADC_IRQHandler)
    i.HAL_ADC_Init                           0x080015d4   Section        0  stm32f1xx_hal_adc.o(i.HAL_ADC_Init)
    i.HAL_ADC_LevelOutOfWindowCallback       0x080016f4   Section        0  stm32f1xx_hal_adc.o(i.HAL_ADC_LevelOutOfWindowCallback)
    i.HAL_ADC_MspInit                        0x080016f8   Section        0  adc.o(i.HAL_ADC_MspInit)
    i.HAL_DMA_Abort                          0x08001760   Section        0  stm32f1xx_hal_dma.o(i.HAL_DMA_Abort)
    i.HAL_DMA_Abort_IT                       0x080017a8   Section        0  stm32f1xx_hal_dma.o(i.HAL_DMA_Abort_IT)
    i.HAL_Delay                              0x080018d8   Section        0  stm32f1xx_hal.o(i.HAL_Delay)
    i.HAL_GPIO_Init                          0x080018fc   Section        0  stm32f1xx_hal_gpio.o(i.HAL_GPIO_Init)
    i.HAL_GPIO_WritePin                      0x08001af4   Section        0  stm32f1xx_hal_gpio.o(i.HAL_GPIO_WritePin)
    i.HAL_GetTick                            0x08001b00   Section        0  stm32f1xx_hal.o(i.HAL_GetTick)
    i.HAL_IncTick                            0x08001b0c   Section        0  stm32f1xx_hal.o(i.HAL_IncTick)
    i.HAL_Init                               0x08001b1c   Section        0  stm32f1xx_hal.o(i.HAL_Init)
    i.HAL_InitTick                           0x08001b40   Section        0  stm32f1xx_hal.o(i.HAL_InitTick)
    i.HAL_MspInit                            0x08001b80   Section        0  stm32f1xx_hal_msp.o(i.HAL_MspInit)
    i.HAL_NVIC_EnableIRQ                     0x08001bbc   Section        0  stm32f1xx_hal_cortex.o(i.HAL_NVIC_EnableIRQ)
    i.HAL_NVIC_SetPriority                   0x08001bd8   Section        0  stm32f1xx_hal_cortex.o(i.HAL_NVIC_SetPriority)
    i.HAL_NVIC_SetPriorityGrouping           0x08001c18   Section        0  stm32f1xx_hal_cortex.o(i.HAL_NVIC_SetPriorityGrouping)
    i.HAL_RCCEx_PeriphCLKConfig              0x08001c3c   Section        0  stm32f1xx_hal_rcc_ex.o(i.HAL_RCCEx_PeriphCLKConfig)
    i.HAL_RCC_ClockConfig                    0x08001d28   Section        0  stm32f1xx_hal_rcc.o(i.HAL_RCC_ClockConfig)
    i.HAL_RCC_GetPCLK1Freq                   0x08001e54   Section        0  stm32f1xx_hal_rcc.o(i.HAL_RCC_GetPCLK1Freq)
    i.HAL_RCC_GetPCLK2Freq                   0x08001e74   Section        0  stm32f1xx_hal_rcc.o(i.HAL_RCC_GetPCLK2Freq)
    i.HAL_RCC_GetSysClockFreq                0x08001e94   Section        0  stm32f1xx_hal_rcc.o(i.HAL_RCC_GetSysClockFreq)
    i.HAL_RCC_OscConfig                      0x08001f00   Section        0  stm32f1xx_hal_rcc.o(i.HAL_RCC_OscConfig)
    i.HAL_SYSTICK_Config                     0x08002220   Section        0  stm32f1xx_hal_cortex.o(i.HAL_SYSTICK_Config)
    i.HAL_UARTEx_RxEventCallback             0x08002248   Section        0  stm32f1xx_hal_uart.o(i.HAL_UARTEx_RxEventCallback)
    i.HAL_UART_ErrorCallback                 0x0800224a   Section        0  stm32f1xx_hal_uart.o(i.HAL_UART_ErrorCallback)
    i.HAL_UART_IRQHandler                    0x0800224c   Section        0  stm32f1xx_hal_uart.o(i.HAL_UART_IRQHandler)
    i.HAL_UART_Init                          0x08002458   Section        0  stm32f1xx_hal_uart.o(i.HAL_UART_Init)
    i.HAL_UART_MspInit                       0x080024bc   Section        0  usart.o(i.HAL_UART_MspInit)
    i.HAL_UART_Receive                       0x0800253c   Section        0  stm32f1xx_hal_uart.o(i.HAL_UART_Receive)
    i.HAL_UART_RxCpltCallback                0x080025fc   Section        0  stm32f1xx_hal_uart.o(i.HAL_UART_RxCpltCallback)
    i.HAL_UART_Transmit                      0x08002600   Section        0  stm32f1xx_hal_uart.o(i.HAL_UART_Transmit)
    i.HAL_UART_TxCpltCallback                0x080026b2   Section        0  stm32f1xx_hal_uart.o(i.HAL_UART_TxCpltCallback)
    i.HardFault_Handler                      0x080026b4   Section        0  stm32f1xx_it.o(i.HardFault_Handler)
    i.MX_ADC1_Init                           0x080026b8   Section        0  adc.o(i.MX_ADC1_Init)
    i.MX_GPIO_Init                           0x08002708   Section        0  gpio.o(i.MX_GPIO_Init)
    i.MX_USART1_UART_Init                    0x08002788   Section        0  usart.o(i.MX_USART1_UART_Init)
    i.MemManage_Handler                      0x080027c0   Section        0  stm32f1xx_it.o(i.MemManage_Handler)
    i.NMI_Handler                            0x080027c2   Section        0  stm32f1xx_it.o(i.NMI_Handler)
    i.PendSV_Handler                         0x080027c4   Section        0  stm32f1xx_it.o(i.PendSV_Handler)
    i.SVC_Handler                            0x080027c6   Section        0  stm32f1xx_it.o(i.SVC_Handler)
    i.SysTick_Handler                        0x080027c8   Section        0  stm32f1xx_it.o(i.SysTick_Handler)
    i.SystemClock_Config                     0x080027cc   Section        0  main.o(i.SystemClock_Config)
    i.SystemInit                             0x08002844   Section        0  system_stm32f1xx.o(i.SystemInit)
    i.UART_DMAAbortOnError                   0x08002846   Section        0  stm32f1xx_hal_uart.o(i.UART_DMAAbortOnError)
    UART_DMAAbortOnError                     0x08002847   Thumb Code    16  stm32f1xx_hal_uart.o(i.UART_DMAAbortOnError)
    i.UART_EndRxTransfer                     0x08002856   Section        0  stm32f1xx_hal_uart.o(i.UART_EndRxTransfer)
    UART_EndRxTransfer                       0x08002857   Thumb Code    48  stm32f1xx_hal_uart.o(i.UART_EndRxTransfer)
    i.UART_Receive_IT                        0x08002886   Section        0  stm32f1xx_hal_uart.o(i.UART_Receive_IT)
    UART_Receive_IT                          0x08002887   Thumb Code   182  stm32f1xx_hal_uart.o(i.UART_Receive_IT)
    i.UART_SetConfig                         0x0800293c   Section        0  stm32f1xx_hal_uart.o(i.UART_SetConfig)
    UART_SetConfig                           0x0800293d   Thumb Code   178  stm32f1xx_hal_uart.o(i.UART_SetConfig)
    i.UART_WaitOnFlagUntilTimeout            0x080029f4   Section        0  stm32f1xx_hal_uart.o(i.UART_WaitOnFlagUntilTimeout)
    UART_WaitOnFlagUntilTimeout              0x080029f5   Thumb Code   100  stm32f1xx_hal_uart.o(i.UART_WaitOnFlagUntilTimeout)
    i.USART1_IRQHandler                      0x08002a58   Section        0  stm32f1xx_it.o(i.USART1_IRQHandler)
    i.UsageFault_Handler                     0x08002a64   Section        0  stm32f1xx_it.o(i.UsageFault_Handler)
    i.__NVIC_SetPriority                     0x08002a66   Section        0  stm32f1xx_hal_cortex.o(i.__NVIC_SetPriority)
    __NVIC_SetPriority                       0x08002a67   Thumb Code    32  stm32f1xx_hal_cortex.o(i.__NVIC_SetPriority)
    i.fgetc                                  0x08002a88   Section        0  usart.o(i.fgetc)
    i.fputc                                  0x08002aa8   Section        0  usart.o(i.fputc)
    i.main                                   0x08002ac8   Section        0  main.o(i.main)
    locale$$code                             0x08002cc4   Section       44  lc_ctype_c.o(locale$$code)
    .constdata                               0x08002cf0   Section       16  system_stm32f1xx.o(.constdata)
    .constdata                               0x08002d00   Section        8  system_stm32f1xx.o(.constdata)
    .constdata                               0x08002d08   Section        4  sys_io.o(.constdata)
    .constdata                               0x08002d0c   Section        4  sys_io.o(.constdata)
    .constdata                               0x08002d10   Section        4  sys_io.o(.constdata)
    locale$$data                             0x08002d34   Section      272  lc_ctype_c.o(locale$$data)
    __lcctype_c_name                         0x08002d38   Data           2  lc_ctype_c.o(locale$$data)
    __lcctype_c_start                        0x08002d40   Data           0  lc_ctype_c.o(locale$$data)
    __lcctype_c_end                          0x08002e44   Data           0  lc_ctype_c.o(locale$$data)
    .data                                    0x20000000   Section       12  stm32f1xx_hal.o(.data)
    .data                                    0x2000000c   Section        4  system_stm32f1xx.o(.data)
    .data                                    0x20000010   Section        4  stdio_streams.o(.data)
    .data                                    0x20000014   Section        4  stdio_streams.o(.data)
    .data                                    0x20000018   Section        4  stdio_streams.o(.data)
    .bss                                     0x2000001c   Section       48  adc.o(.bss)
    .bss                                     0x2000004c   Section       68  usart.o(.bss)
    .bss                                     0x20000090   Section       84  stdio_streams.o(.bss)
    .bss                                     0x200000e4   Section       84  stdio_streams.o(.bss)
    .bss                                     0x20000138   Section       84  stdio_streams.o(.bss)
    .bss                                     0x2000018c   Section       96  libspace.o(.bss)
    HEAP                                     0x200001f0   Section      512  startup_stm32f103xe.o(HEAP)
    Heap_Mem                                 0x200001f0   Data         512  startup_stm32f103xe.o(HEAP)
    STACK                                    0x200003f0   Section     1024  startup_stm32f103xe.o(STACK)
    Stack_Mem                                0x200003f0   Data        1024  startup_stm32f103xe.o(STACK)
    __initial_sp                             0x200007f0   Data           0  startup_stm32f103xe.o(STACK)

    Global Symbols

    Symbol Name                              Value     Ov Type        Size  Object(Section)

    BuildAttributes$$THM_ISAv4$P$D$K$B$S$PE$A:L22UL41UL21$X:L11$S22US41US21$IEEE1$IW$USESV6$~STKCKD$USESV7$~SHL$OTIME$ROPI$EBA8$UX$STANDARDLIB$REQ8$PRES8$EABIv2 0x00000000   Number         0  anon$$obj.o ABSOLUTE
    __ARM_use_no_argv                        0x00000000   Number         0  main.o ABSOLUTE
    __ARM_exceptions_init                     - Undefined Weak Reference
    __alloca_initialize                       - Undefined Weak Reference
    __arm_preinit_                            - Undefined Weak Reference
    __cpp_initialize__aeabi_                  - Undefined Weak Reference
    __cxa_finalize                            - Undefined Weak Reference
    __sigvec_lookup                           - Undefined Weak Reference
    __user_heap_extent                        - Undefined Weak Reference
    _atexit_init                              - Undefined Weak Reference
    _call_atexit_fns                          - Undefined Weak Reference
    _clock_init                               - Undefined Weak Reference
    _fp_trap_init                             - Undefined Weak Reference
    _fp_trap_shutdown                         - Undefined Weak Reference
    _get_lc_collate                           - Undefined Weak Reference
    _get_lc_monetary                          - Undefined Weak Reference
    _get_lc_numeric                           - Undefined Weak Reference
    _get_lc_time                              - Undefined Weak Reference
    _getenv_init                              - Undefined Weak Reference
    _handle_redirection                       - Undefined Weak Reference
    _mutex_acquire                            - Undefined Weak Reference
    _mutex_free                               - Undefined Weak Reference
    _mutex_release                            - Undefined Weak Reference
    _printf_post_padding                      - Undefined Weak Reference
    _printf_pre_padding                       - Undefined Weak Reference
    _printf_truncate_signed                   - Undefined Weak Reference
    _printf_truncate_unsigned                 - Undefined Weak Reference
    _rand_init                                - Undefined Weak Reference
    _scanf_longlong                           - Undefined Weak Reference
    _scanf_mbtowc                             - Undefined Weak Reference
    _scanf_real                               - Undefined Weak Reference
    _scanf_string                             - Undefined Weak Reference
    _scanf_wctomb                             - Undefined Weak Reference
    _scanf_wstring                            - Undefined Weak Reference
    _signal_finish                            - Undefined Weak Reference
    _signal_init                              - Undefined Weak Reference
    __Vectors_Size                           0x00000130   Number         0  startup_stm32f103xe.o ABSOLUTE
    __Vectors                                0x08000000   Data           4  startup_stm32f103xe.o(RESET)
    __Vectors_End                            0x08000130   Data           0  startup_stm32f103xe.o(RESET)
    __main                                   0x08000131   Thumb Code     8  __main.o(!!!main)
    __scatterload                            0x08000139   Thumb Code     0  __scatter.o(!!!scatter)
    __scatterload_rt2                        0x08000139   Thumb Code    44  __scatter.o(!!!scatter)
    __scatterload_rt2_thumb_only             0x08000139   Thumb Code     0  __scatter.o(!!!scatter)
    __scatterload_null                       0x08000147   Thumb Code     0  __scatter.o(!!!scatter)
    __scatterload_copy                       0x0800016d   Thumb Code    26  __scatter_copy.o(!!handler_copy)
    __scatterload_zeroinit                   0x08000189   Thumb Code    28  __scatter_zi.o(!!handler_zi)
    _printf_d                                0x080001a5   Thumb Code     0  _printf_d.o(.ARM.Collect$$_printf_percent$$00000009)
    _printf_percent                          0x080001a5   Thumb Code     0  _printf_percent.o(.ARM.Collect$$_printf_percent$$00000000)
    _printf_percent_end                      0x080001ab   Thumb Code     0  _printf_percent_end.o(.ARM.Collect$$_printf_percent$$00000017)
    __rt_lib_init                            0x080001af   Thumb Code     0  libinit.o(.ARM.Collect$$libinit$$00000000)
    __rt_lib_init_fp_1                       0x080001b1   Thumb Code     0  libinit2.o(.ARM.Collect$$libinit$$00000002)
    __rt_lib_init_heap_2                     0x080001b1   Thumb Code     0  libinit2.o(.ARM.Collect$$libinit$$00000005)
    __rt_lib_init_preinit_1                  0x080001b1   Thumb Code     0  libinit2.o(.ARM.Collect$$libinit$$00000004)
    __rt_lib_init_heap_1                     0x080001b9   Thumb Code     0  libinit2.o(.ARM.Collect$$libinit$$0000000A)
    __rt_lib_init_lc_common                  0x080001b9   Thumb Code     0  libinit2.o(.ARM.Collect$$libinit$$0000000F)
    __rt_lib_init_rand_1                     0x080001b9   Thumb Code     0  libinit2.o(.ARM.Collect$$libinit$$0000000E)
    __rt_lib_init_user_alloc_1               0x080001b9   Thumb Code     0  libinit2.o(.ARM.Collect$$libinit$$0000000C)
    __rt_lib_init_lc_collate_1               0x080001bf   Thumb Code     0  libinit2.o(.ARM.Collect$$libinit$$00000011)
    __rt_lib_init_lc_ctype_2                 0x080001bf   Thumb Code     0  libinit2.o(.ARM.Collect$$libinit$$00000012)
    __rt_lib_init_atexit_1                   0x080001cb   Thumb Code     0  libinit2.o(.ARM.Collect$$libinit$$0000001B)
    __rt_lib_init_clock_1                    0x080001cb   Thumb Code     0  libinit2.o(.ARM.Collect$$libinit$$00000021)
    __rt_lib_init_fp_trap_1                  0x080001cb   Thumb Code     0  libinit2.o(.ARM.Collect$$libinit$$0000001F)
    __rt_lib_init_getenv_1                   0x080001cb   Thumb Code     0  libinit2.o(.ARM.Collect$$libinit$$00000023)
    __rt_lib_init_lc_ctype_1                 0x080001cb   Thumb Code     0  libinit2.o(.ARM.Collect$$libinit$$00000013)
    __rt_lib_init_lc_monetary_1              0x080001cb   Thumb Code     0  libinit2.o(.ARM.Collect$$libinit$$00000015)
    __rt_lib_init_lc_numeric_1               0x080001cb   Thumb Code     0  libinit2.o(.ARM.Collect$$libinit$$00000017)
    __rt_lib_init_lc_time_1                  0x080001cb   Thumb Code     0  libinit2.o(.ARM.Collect$$libinit$$00000019)
    __rt_lib_init_signal_1                   0x080001cb   Thumb Code     0  libinit2.o(.ARM.Collect$$libinit$$0000001D)
    __rt_lib_init_stdio_2                    0x080001cb   Thumb Code     0  libinit2.o(.ARM.Collect$$libinit$$00000024)
    __rt_lib_init_alloca_1                   0x080001cf   Thumb Code     0  libinit2.o(.ARM.Collect$$libinit$$0000002E)
    __rt_lib_init_argv_1                     0x080001cf   Thumb Code     0  libinit2.o(.ARM.Collect$$libinit$$0000002C)
    __rt_lib_init_cpp_1                      0x080001cf   Thumb Code     0  libinit2.o(.ARM.Collect$$libinit$$00000032)
    __rt_lib_init_exceptions_1               0x080001cf   Thumb Code     0  libinit2.o(.ARM.Collect$$libinit$$00000030)
    __rt_lib_init_return                     0x080001cf   Thumb Code     0  libinit2.o(.ARM.Collect$$libinit$$00000033)
    __rt_lib_init_stdio_1                    0x080001cf   Thumb Code     0  libinit2.o(.ARM.Collect$$libinit$$00000025)
    __rt_lib_shutdown                        0x080001d1   Thumb Code     0  libshutdown.o(.ARM.Collect$$libshutdown$$00000000)
    __rt_lib_shutdown_cpp_1                  0x080001d3   Thumb Code     0  libshutdown2.o(.ARM.Collect$$libshutdown$$00000002)
    __rt_lib_shutdown_stdio_2                0x080001d3   Thumb Code     0  libshutdown2.o(.ARM.Collect$$libshutdown$$00000003)
    __rt_lib_shutdown_fp_trap_1              0x080001d7   Thumb Code     0  libshutdown2.o(.ARM.Collect$$libshutdown$$00000007)
    __rt_lib_shutdown_heap_1                 0x080001d7   Thumb Code     0  libshutdown2.o(.ARM.Collect$$libshutdown$$0000000F)
    __rt_lib_shutdown_return                 0x080001d7   Thumb Code     0  libshutdown2.o(.ARM.Collect$$libshutdown$$00000010)
    __rt_lib_shutdown_signal_1               0x080001d7   Thumb Code     0  libshutdown2.o(.ARM.Collect$$libshutdown$$0000000A)
    __rt_lib_shutdown_stdio_1                0x080001d7   Thumb Code     0  libshutdown2.o(.ARM.Collect$$libshutdown$$00000004)
    __rt_lib_shutdown_user_alloc_1           0x080001d7   Thumb Code     0  libshutdown2.o(.ARM.Collect$$libshutdown$$0000000C)
    __rt_entry                               0x080001d9   Thumb Code     0  __rtentry.o(.ARM.Collect$$rtentry$$00000000)
    __rt_entry_presh_1                       0x080001d9   Thumb Code     0  __rtentry2.o(.ARM.Collect$$rtentry$$00000002)
    __rt_entry_sh                            0x080001d9   Thumb Code     0  __rtentry4.o(.ARM.Collect$$rtentry$$00000004)
    __rt_entry_li                            0x080001df   Thumb Code     0  __rtentry2.o(.ARM.Collect$$rtentry$$0000000A)
    __rt_entry_postsh_1                      0x080001df   Thumb Code     0  __rtentry2.o(.ARM.Collect$$rtentry$$00000009)
    __rt_entry_main                          0x080001e3   Thumb Code     0  __rtentry2.o(.ARM.Collect$$rtentry$$0000000D)
    __rt_entry_postli_1                      0x080001e3   Thumb Code     0  __rtentry2.o(.ARM.Collect$$rtentry$$0000000C)
    __rt_exit                                0x080001eb   Thumb Code     0  rtexit.o(.ARM.Collect$$rtexit$$00000000)
    __rt_exit_ls                             0x080001ed   Thumb Code     0  rtexit2.o(.ARM.Collect$$rtexit$$00000003)
    __rt_exit_prels_1                        0x080001ed   Thumb Code     0  rtexit2.o(.ARM.Collect$$rtexit$$00000002)
    __rt_exit_exit                           0x080001f1   Thumb Code     0  rtexit2.o(.ARM.Collect$$rtexit$$00000004)
    Reset_Handler                            0x080001f9   Thumb Code     8  startup_stm32f103xe.o(.text)
    _maybe_terminate_alloc                   0x080001f9   Thumb Code     0  maybetermalloc1.o(.emb_text)
    ADC3_IRQHandler                          0x08000213   Thumb Code     0  startup_stm32f103xe.o(.text)
    CAN1_RX1_IRQHandler                      0x08000213   Thumb Code     0  startup_stm32f103xe.o(.text)
    CAN1_SCE_IRQHandler                      0x08000213   Thumb Code     0  startup_stm32f103xe.o(.text)
    DMA1_Channel1_IRQHandler                 0x08000213   Thumb Code     0  startup_stm32f103xe.o(.text)
    DMA1_Channel2_IRQHandler                 0x08000213   Thumb Code     0  startup_stm32f103xe.o(.text)
    DMA1_Channel3_IRQHandler                 0x08000213   Thumb Code     0  startup_stm32f103xe.o(.text)
    DMA1_Channel4_IRQHandler                 0x08000213   Thumb Code     0  startup_stm32f103xe.o(.text)
    DMA1_Channel5_IRQHandler                 0x08000213   Thumb Code     0  startup_stm32f103xe.o(.text)
    DMA1_Channel6_IRQHandler                 0x08000213   Thumb Code     0  startup_stm32f103xe.o(.text)
    DMA1_Channel7_IRQHandler                 0x08000213   Thumb Code     0  startup_stm32f103xe.o(.text)
    DMA2_Channel1_IRQHandler                 0x08000213   Thumb Code     0  startup_stm32f103xe.o(.text)
    DMA2_Channel2_IRQHandler                 0x08000213   Thumb Code     0  startup_stm32f103xe.o(.text)
    DMA2_Channel3_IRQHandler                 0x08000213   Thumb Code     0  startup_stm32f103xe.o(.text)
    DMA2_Channel4_5_IRQHandler               0x08000213   Thumb Code     0  startup_stm32f103xe.o(.text)
    EXTI0_IRQHandler                         0x08000213   Thumb Code     0  startup_stm32f103xe.o(.text)
    EXTI15_10_IRQHandler                     0x08000213   Thumb Code     0  startup_stm32f103xe.o(.text)
    EXTI1_IRQHandler                         0x08000213   Thumb Code     0  startup_stm32f103xe.o(.text)
    EXTI2_IRQHandler                         0x08000213   Thumb Code     0  startup_stm32f103xe.o(.text)
    EXTI3_IRQHandler                         0x08000213   Thumb Code     0  startup_stm32f103xe.o(.text)
    EXTI4_IRQHandler                         0x08000213   Thumb Code     0  startup_stm32f103xe.o(.text)
    EXTI9_5_IRQHandler                       0x08000213   Thumb Code     0  startup_stm32f103xe.o(.text)
    FLASH_IRQHandler                         0x08000213   Thumb Code     0  startup_stm32f103xe.o(.text)
    FSMC_IRQHandler                          0x08000213   Thumb Code     0  startup_stm32f103xe.o(.text)
    I2C1_ER_IRQHandler                       0x08000213   Thumb Code     0  startup_stm32f103xe.o(.text)
    I2C1_EV_IRQHandler                       0x08000213   Thumb Code     0  startup_stm32f103xe.o(.text)
    I2C2_ER_IRQHandler                       0x08000213   Thumb Code     0  startup_stm32f103xe.o(.text)
    I2C2_EV_IRQHandler                       0x08000213   Thumb Code     0  startup_stm32f103xe.o(.text)
    PVD_IRQHandler                           0x08000213   Thumb Code     0  startup_stm32f103xe.o(.text)
    RCC_IRQHandler                           0x08000213   Thumb Code     0  startup_stm32f103xe.o(.text)
    RTC_Alarm_IRQHandler                     0x08000213   Thumb Code     0  startup_stm32f103xe.o(.text)
    RTC_IRQHandler                           0x08000213   Thumb Code     0  startup_stm32f103xe.o(.text)
    SDIO_IRQHandler                          0x08000213   Thumb Code     0  startup_stm32f103xe.o(.text)
    SPI1_IRQHandler                          0x08000213   Thumb Code     0  startup_stm32f103xe.o(.text)
    SPI2_IRQHandler                          0x08000213   Thumb Code     0  startup_stm32f103xe.o(.text)
    SPI3_IRQHandler                          0x08000213   Thumb Code     0  startup_stm32f103xe.o(.text)
    TAMPER_IRQHandler                        0x08000213   Thumb Code     0  startup_stm32f103xe.o(.text)
    TIM1_BRK_IRQHandler                      0x08000213   Thumb Code     0  startup_stm32f103xe.o(.text)
    TIM1_CC_IRQHandler                       0x08000213   Thumb Code     0  startup_stm32f103xe.o(.text)
    TIM1_TRG_COM_IRQHandler                  0x08000213   Thumb Code     0  startup_stm32f103xe.o(.text)
    TIM1_UP_IRQHandler                       0x08000213   Thumb Code     0  startup_stm32f103xe.o(.text)
    TIM2_IRQHandler                          0x08000213   Thumb Code     0  startup_stm32f103xe.o(.text)
    TIM3_IRQHandler                          0x08000213   Thumb Code     0  startup_stm32f103xe.o(.text)
    TIM4_IRQHandler                          0x08000213   Thumb Code     0  startup_stm32f103xe.o(.text)
    TIM5_IRQHandler                          0x08000213   Thumb Code     0  startup_stm32f103xe.o(.text)
    TIM6_IRQHandler                          0x08000213   Thumb Code     0  startup_stm32f103xe.o(.text)
    TIM7_IRQHandler                          0x08000213   Thumb Code     0  startup_stm32f103xe.o(.text)
    TIM8_BRK_IRQHandler                      0x08000213   Thumb Code     0  startup_stm32f103xe.o(.text)
    TIM8_CC_IRQHandler                       0x08000213   Thumb Code     0  startup_stm32f103xe.o(.text)
    TIM8_TRG_COM_IRQHandler                  0x08000213   Thumb Code     0  startup_stm32f103xe.o(.text)
    TIM8_UP_IRQHandler                       0x08000213   Thumb Code     0  startup_stm32f103xe.o(.text)
    UART4_IRQHandler                         0x08000213   Thumb Code     0  startup_stm32f103xe.o(.text)
    UART5_IRQHandler                         0x08000213   Thumb Code     0  startup_stm32f103xe.o(.text)
    USART2_IRQHandler                        0x08000213   Thumb Code     0  startup_stm32f103xe.o(.text)
    USART3_IRQHandler                        0x08000213   Thumb Code     0  startup_stm32f103xe.o(.text)
    USBWakeUp_IRQHandler                     0x08000213   Thumb Code     0  startup_stm32f103xe.o(.text)
    USB_HP_CAN1_TX_IRQHandler                0x08000213   Thumb Code     0  startup_stm32f103xe.o(.text)
    USB_LP_CAN1_RX0_IRQHandler               0x08000213   Thumb Code     0  startup_stm32f103xe.o(.text)
    WWDG_IRQHandler                          0x08000213   Thumb Code     0  startup_stm32f103xe.o(.text)
    __user_initial_stackheap                 0x08000215   Thumb Code     0  startup_stm32f103xe.o(.text)
    __2printf                                0x08000239   Thumb Code    20  noretval__2printf.o(.text)
    __printf                                 0x08000251   Thumb Code   104  __printf.o(.text)
    _printf_int_dec                          0x080002b9   Thumb Code   104  _printf_dec.o(.text)
    __0scanf                                 0x08000331   Thumb Code    26  __0scanf.o(.text)
    _scanf_int                               0x08000351   Thumb Code   332  _scanf_int.o(.text)
    __aeabi_memclr4                          0x0800049d   Thumb Code     0  rt_memclr_w.o(.text)
    __aeabi_memclr8                          0x0800049d   Thumb Code     0  rt_memclr_w.o(.text)
    __rt_memclr_w                            0x0800049d   Thumb Code    78  rt_memclr_w.o(.text)
    _memset_w                                0x080004a1   Thumb Code     0  rt_memclr_w.o(.text)
    __use_two_region_memory                  0x080004eb   Thumb Code     2  heapauxi.o(.text)
    __rt_heap_escrow                         0x080004ed   Thumb Code     2  heapauxi.o(.text)
    __rt_heap_expand                         0x080004ef   Thumb Code     2  heapauxi.o(.text)
    _printf_int_common                       0x080004f1   Thumb Code   178  _printf_intcommon.o(.text)
    _printf_char_file                        0x080005a5   Thumb Code    32  _printf_char_file.o(.text)
    _chval                                   0x080005c9   Thumb Code    28  _chval.o(.text)
    __vfscanf_char_file                      0x080005e5   Thumb Code    16  scanf_char_file.o(.text)
    _printf_char_common                      0x08000607   Thumb Code    32  _printf_char_common.o(.text)
    __vfscanf_char                           0x08000639   Thumb Code    24  scanf_char.o(.text)
    ___backspace$unlocked                    0x08000659   Thumb Code     2  backspace.o(.text)
    __backspace                              0x0800065b   Thumb Code    70  backspace.o(.text)
    ferror                                   0x080006a1   Thumb Code     8  ferror.o(.text)
    _initio                                  0x080006a9   Thumb Code   210  initio.o(.text)
    _terminateio                             0x0800077b   Thumb Code    56  initio.o(.text)
    _sys_open                                0x080007e1   Thumb Code    20  sys_io.o(.text)
    _sys_close                               0x080007f5   Thumb Code    12  sys_io.o(.text)
    _sys_write                               0x08000801   Thumb Code    16  sys_io.o(.text)
    _sys_read                                0x08000811   Thumb Code    14  sys_io.o(.text)
    _sys_istty                               0x0800081f   Thumb Code    12  sys_io.o(.text)
    _sys_seek                                0x0800082b   Thumb Code    14  sys_io.o(.text)
    _sys_ensure                              0x08000839   Thumb Code     2  sys_io.o(.text)
    _sys_flen                                0x0800083b   Thumb Code    12  sys_io.o(.text)
    __user_setup_stackheap                   0x08000847   Thumb Code    74  sys_stackheap_outer.o(.text)
    free                                     0x08000891   Thumb Code    78  h1_free.o(.text)
    isspace                                  0x080008df   Thumb Code    18  isspace.o(.text)
    __vfscanf                                0x080008f1   Thumb Code   878  _scanf.o(.text)
    setvbuf                                  0x08000c65   Thumb Code    70  setvbuf.o(.text)
    _ungetc_internal                         0x08000cad   Thumb Code    60  ungetc.o(.text)
    ungetc                                   0x08000cad   Thumb Code     0  ungetc.o(.text)
    freopen                                  0x08000cf5   Thumb Code   158  fopen.o(.text)
    fopen                                    0x08000d93   Thumb Code    74  fopen.o(.text)
    _fclose_internal                         0x08000de1   Thumb Code    76  fclose.o(.text)
    fclose                                   0x08000de1   Thumb Code     0  fclose.o(.text)
    exit                                     0x08000e2d   Thumb Code    18  exit.o(.text)
    __rt_SIGRTRED                            0x08000e3f   Thumb Code    14  defsig_rtred_outer.o(.text)
    __user_libspace                          0x08000e4d   Thumb Code     8  libspace.o(.text)
    __user_perproc_libspace                  0x08000e4d   Thumb Code     0  libspace.o(.text)
    __user_perthread_libspace                0x08000e4d   Thumb Code     0  libspace.o(.text)
    __I$use$semihosting                      0x08000e55   Thumb Code     0  use_no_semi.o(.text)
    __use_no_semihosting_swi                 0x08000e55   Thumb Code     2  use_no_semi.o(.text)
    __semihosting_library_function           0x08000e57   Thumb Code     0  indicate_semi.o(.text)
    __rt_ctype_table                         0x08000e59   Thumb Code    16  rt_ctype_table.o(.text)
    __rt_heap_descriptor                     0x08000e69   Thumb Code     8  rt_heap_descriptor_intlibspace.o(.text)
    __use_no_heap                            0x08000e71   Thumb Code     2  hguard.o(.text)
    __heap$guard                             0x08000e73   Thumb Code     2  hguard.o(.text)
    _terminate_user_alloc                    0x08000e75   Thumb Code     2  init_alloc.o(.text)
    _init_user_alloc                         0x08000e77   Thumb Code     2  init_alloc.o(.text)
    __Heap_Full                              0x08000e79   Thumb Code    34  init_alloc.o(.text)
    __Heap_Broken                            0x08000e9b   Thumb Code     6  init_alloc.o(.text)
    _init_alloc                              0x08000ea1   Thumb Code    94  init_alloc.o(.text)
    malloc                                   0x08000eff   Thumb Code    94  h1_alloc.o(.text)
    _fseek                                   0x08000f5d   Thumb Code   242  fseek.o(.text)
    fseek                                    0x08000f5d   Thumb Code     0  fseek.o(.text)
    _seterr                                  0x08001055   Thumb Code    20  stdio.o(.text)
    _writebuf                                0x08001069   Thumb Code    84  stdio.o(.text)
    _fflush                                  0x080010bd   Thumb Code    70  stdio.o(.text)
    _deferredlazyseek                        0x08001103   Thumb Code    60  stdio.o(.text)
    __sig_exit                               0x08001145   Thumb Code    10  defsig_exit.o(.text)
    __rt_SIGRTRED_inner                      0x08001151   Thumb Code    14  defsig_rtred_inner.o(.text)
    strlen                                   0x08001185   Thumb Code    62  strlen.o(.text)
    _sys_exit                                0x080011c5   Thumb Code     8  sys_exit.o(.text)
    __rt_locale                              0x080011d1   Thumb Code     8  rt_locale_intlibspace.o(.text)
    __Heap_Initialize                        0x080011d9   Thumb Code    10  h1_init.o(.text)
    __Heap_DescSize                          0x080011e3   Thumb Code     4  h1_init.o(.text)
    __Heap_ProvideMemory                     0x080011e7   Thumb Code    52  h1_extend.o(.text)
    _ftell_internal                          0x0800121b   Thumb Code    66  ftell.o(.text)
    ftell                                    0x0800121b   Thumb Code     0  ftell.o(.text)
    __default_signal_display                 0x0800125d   Thumb Code    50  defsig_general.o(.text)
    __rt_SIGRTMEM                            0x0800128f   Thumb Code    14  defsig_rtmem_outer.o(.text)
    _ttywrch                                 0x0800129d   Thumb Code    14  sys_wrch.o(.text)
    __aeabi_errno_addr                       0x080012ad   Thumb Code     8  rt_errno_addr_intlibspace.o(.text)
    __errno$intlibspace                      0x080012ad   Thumb Code     0  rt_errno_addr_intlibspace.o(.text)
    __rt_errno_addr$intlibspace              0x080012ad   Thumb Code     0  rt_errno_addr_intlibspace.o(.text)
    __rt_SIGRTMEM_inner                      0x080012b5   Thumb Code    22  defsig_rtmem_inner.o(.text)
    strcmp                                   0x08001305   Thumb Code   128  strcmpv7m.o(.text)
    ADC1_2_IRQHandler                        0x08001385   Thumb Code     6  stm32f1xx_it.o(i.ADC1_2_IRQHandler)
    ADC_ConversionStop_Disable               0x08001391   Thumb Code    86  stm32f1xx_hal_adc.o(i.ADC_ConversionStop_Disable)
    BusFault_Handler                         0x080013e7   Thumb Code     2  stm32f1xx_it.o(i.BusFault_Handler)
    DebugMon_Handler                         0x080013e9   Thumb Code     2  stm32f1xx_it.o(i.DebugMon_Handler)
    Error_Handler                            0x080013eb   Thumb Code     4  main.o(i.Error_Handler)
    HAL_ADCEx_InjectedConvCpltCallback       0x080013ef   Thumb Code     2  stm32f1xx_hal_adc_ex.o(i.HAL_ADCEx_InjectedConvCpltCallback)
    HAL_ADC_ConfigChannel                    0x080013f1   Thumb Code   240  stm32f1xx_hal_adc.o(i.HAL_ADC_ConfigChannel)
    HAL_ADC_ConvCpltCallback                 0x080014ed   Thumb Code     2  stm32f1xx_hal_adc.o(i.HAL_ADC_ConvCpltCallback)
    HAL_ADC_IRQHandler                       0x080014ef   Thumb Code   230  stm32f1xx_hal_adc.o(i.HAL_ADC_IRQHandler)
    HAL_ADC_Init                             0x080015d5   Thumb Code   272  stm32f1xx_hal_adc.o(i.HAL_ADC_Init)
    HAL_ADC_LevelOutOfWindowCallback         0x080016f5   Thumb Code     2  stm32f1xx_hal_adc.o(i.HAL_ADC_LevelOutOfWindowCallback)
    HAL_ADC_MspInit                          0x080016f9   Thumb Code    92  adc.o(i.HAL_ADC_MspInit)
    HAL_DMA_Abort                            0x08001761   Thumb Code    70  stm32f1xx_hal_dma.o(i.HAL_DMA_Abort)
    HAL_DMA_Abort_IT                         0x080017a9   Thumb Code   296  stm32f1xx_hal_dma.o(i.HAL_DMA_Abort_IT)
    HAL_Delay                                0x080018d9   Thumb Code    32  stm32f1xx_hal.o(i.HAL_Delay)
    HAL_GPIO_Init                            0x080018fd   Thumb Code   462  stm32f1xx_hal_gpio.o(i.HAL_GPIO_Init)
    HAL_GPIO_WritePin                        0x08001af5   Thumb Code    10  stm32f1xx_hal_gpio.o(i.HAL_GPIO_WritePin)
    HAL_GetTick                              0x08001b01   Thumb Code     6  stm32f1xx_hal.o(i.HAL_GetTick)
    HAL_IncTick                              0x08001b0d   Thumb Code    12  stm32f1xx_hal.o(i.HAL_IncTick)
    HAL_Init                                 0x08001b1d   Thumb Code    32  stm32f1xx_hal.o(i.HAL_Init)
    HAL_InitTick                             0x08001b41   Thumb Code    54  stm32f1xx_hal.o(i.HAL_InitTick)
    HAL_MspInit                              0x08001b81   Thumb Code    52  stm32f1xx_hal_msp.o(i.HAL_MspInit)
    HAL_NVIC_EnableIRQ                       0x08001bbd   Thumb Code    26  stm32f1xx_hal_cortex.o(i.HAL_NVIC_EnableIRQ)
    HAL_NVIC_SetPriority                     0x08001bd9   Thumb Code    60  stm32f1xx_hal_cortex.o(i.HAL_NVIC_SetPriority)
    HAL_NVIC_SetPriorityGrouping             0x08001c19   Thumb Code    26  stm32f1xx_hal_cortex.o(i.HAL_NVIC_SetPriorityGrouping)
    HAL_RCCEx_PeriphCLKConfig                0x08001c3d   Thumb Code   224  stm32f1xx_hal_rcc_ex.o(i.HAL_RCCEx_PeriphCLKConfig)
    HAL_RCC_ClockConfig                      0x08001d29   Thumb Code   280  stm32f1xx_hal_rcc.o(i.HAL_RCC_ClockConfig)
    HAL_RCC_GetPCLK1Freq                     0x08001e55   Thumb Code    20  stm32f1xx_hal_rcc.o(i.HAL_RCC_GetPCLK1Freq)
    HAL_RCC_GetPCLK2Freq                     0x08001e75   Thumb Code    20  stm32f1xx_hal_rcc.o(i.HAL_RCC_GetPCLK2Freq)
    HAL_RCC_GetSysClockFreq                  0x08001e95   Thumb Code    74  stm32f1xx_hal_rcc.o(i.HAL_RCC_GetSysClockFreq)
    HAL_RCC_OscConfig                        0x08001f01   Thumb Code   778  stm32f1xx_hal_rcc.o(i.HAL_RCC_OscConfig)
    HAL_SYSTICK_Config                       0x08002221   Thumb Code    40  stm32f1xx_hal_cortex.o(i.HAL_SYSTICK_Config)
    HAL_UARTEx_RxEventCallback               0x08002249   Thumb Code     2  stm32f1xx_hal_uart.o(i.HAL_UARTEx_RxEventCallback)
    HAL_UART_ErrorCallback                   0x0800224b   Thumb Code     2  stm32f1xx_hal_uart.o(i.HAL_UART_ErrorCallback)
    HAL_UART_IRQHandler                      0x0800224d   Thumb Code   520  stm32f1xx_hal_uart.o(i.HAL_UART_IRQHandler)
    HAL_UART_Init                            0x08002459   Thumb Code    98  stm32f1xx_hal_uart.o(i.HAL_UART_Init)
    HAL_UART_MspInit                         0x080024bd   Thumb Code   116  usart.o(i.HAL_UART_MspInit)
    HAL_UART_Receive                         0x0800253d   Thumb Code   192  stm32f1xx_hal_uart.o(i.HAL_UART_Receive)
    HAL_UART_RxCpltCallback                  0x080025fd   Thumb Code     2  stm32f1xx_hal_uart.o(i.HAL_UART_RxCpltCallback)
    HAL_UART_Transmit                        0x08002601   Thumb Code   178  stm32f1xx_hal_uart.o(i.HAL_UART_Transmit)
    HAL_UART_TxCpltCallback                  0x080026b3   Thumb Code     2  stm32f1xx_hal_uart.o(i.HAL_UART_TxCpltCallback)
    HardFault_Handler                        0x080026b5   Thumb Code     2  stm32f1xx_it.o(i.HardFault_Handler)
    MX_ADC1_Init                             0x080026b9   Thumb Code    70  adc.o(i.MX_ADC1_Init)
    MX_GPIO_Init                             0x08002709   Thumb Code   118  gpio.o(i.MX_GPIO_Init)
    MX_USART1_UART_Init                      0x08002789   Thumb Code    48  usart.o(i.MX_USART1_UART_Init)
    MemManage_Handler                        0x080027c1   Thumb Code     2  stm32f1xx_it.o(i.MemManage_Handler)
    NMI_Handler                              0x080027c3   Thumb Code     2  stm32f1xx_it.o(i.NMI_Handler)
    PendSV_Handler                           0x080027c5   Thumb Code     2  stm32f1xx_it.o(i.PendSV_Handler)
    SVC_Handler                              0x080027c7   Thumb Code     2  stm32f1xx_it.o(i.SVC_Handler)
    SysTick_Handler                          0x080027c9   Thumb Code     4  stm32f1xx_it.o(i.SysTick_Handler)
    SystemClock_Config                       0x080027cd   Thumb Code   120  main.o(i.SystemClock_Config)
    SystemInit                               0x08002845   Thumb Code     2  system_stm32f1xx.o(i.SystemInit)
    USART1_IRQHandler                        0x08002a59   Thumb Code     6  stm32f1xx_it.o(i.USART1_IRQHandler)
    UsageFault_Handler                       0x08002a65   Thumb Code     2  stm32f1xx_it.o(i.UsageFault_Handler)
    fgetc                                    0x08002a89   Thumb Code    28  usart.o(i.fgetc)
    fputc                                    0x08002aa9   Thumb Code    26  usart.o(i.fputc)
    main                                     0x08002ac9   Thumb Code   278  main.o(i.main)
    _get_lc_ctype                            0x08002cc5   Thumb Code    44  lc_ctype_c.o(locale$$code)
    AHBPrescTable                            0x08002cf0   Data          16  system_stm32f1xx.o(.constdata)
    APBPrescTable                            0x08002d00   Data           8  system_stm32f1xx.o(.constdata)
    __stdin_name                             0x08002d08   Data           4  sys_io.o(.constdata)
    __stdout_name                            0x08002d0c   Data           4  sys_io.o(.constdata)
    __stderr_name                            0x08002d10   Data           4  sys_io.o(.constdata)
    Region$$Table$$Base                      0x08002d14   Number         0  anon$$obj.o(Region$$Table)
    Region$$Table$$Limit                     0x08002d34   Number         0  anon$$obj.o(Region$$Table)
    __ctype                                  0x08002d41   Data           0  lc_ctype_c.o(locale$$data)
    uwTickFreq                               0x20000000   Data           1  stm32f1xx_hal.o(.data)
    uwTickPrio                               0x20000004   Data           4  stm32f1xx_hal.o(.data)
    uwTick                                   0x20000008   Data           4  stm32f1xx_hal.o(.data)
    SystemCoreClock                          0x2000000c   Data           4  system_stm32f1xx.o(.data)
    __aeabi_stdin                            0x20000010   Data           4  stdio_streams.o(.data)
    __aeabi_stdout                           0x20000014   Data           4  stdio_streams.o(.data)
    __aeabi_stderr                           0x20000018   Data           4  stdio_streams.o(.data)
    hadc1                                    0x2000001c   Data          48  adc.o(.bss)
    huart1                                   0x2000004c   Data          68  usart.o(.bss)
    __stdin                                  0x20000090   Data          84  stdio_streams.o(.bss)
    __stdout                                 0x200000e4   Data          84  stdio_streams.o(.bss)
    __stderr                                 0x20000138   Data          84  stdio_streams.o(.bss)
    __libspace_start                         0x2000018c   Data          96  libspace.o(.bss)
    __temporary_stack_top$libspace           0x200001ec   Data           0  libspace.o(.bss)



==============================================================================

Memory Map of the image

  Image Entry point : 0x08000131

  Load Region LR_IROM1 (Base: 0x08000000, Size: 0x00002e60, Max: 0x00040000, ABSOLUTE)

    Execution Region ER_IROM1 (Exec base: 0x08000000, Load base: 0x08000000, Size: 0x00002e44, Max: 0x00040000, ABSOLUTE)

    Exec Addr    Load Addr    Size         Type   Attr      Idx    E Section Name        Object

    0x08000000   0x08000000   0x00000130   Data   RO            3    RESET               startup_stm32f103xe.o
    0x08000130   0x08000130   0x00000008   Code   RO         2141  * !!!main             c_w.l(__main.o)
    0x08000138   0x08000138   0x00000034   Code   RO         2490    !!!scatter          c_w.l(__scatter.o)
    0x0800016c   0x0800016c   0x0000001a   Code   RO         2492    !!handler_copy      c_w.l(__scatter_copy.o)
    0x08000186   0x08000186   0x00000002   PAD
    0x08000188   0x08000188   0x0000001c   Code   RO         2494    !!handler_zi        c_w.l(__scatter_zi.o)
    0x080001a4   0x080001a4   0x00000000   Code   RO         2132    .ARM.Collect$$_printf_percent$$00000000  c_w.l(_printf_percent.o)
    0x080001a4   0x080001a4   0x00000006   Code   RO         2131    .ARM.Collect$$_printf_percent$$00000009  c_w.l(_printf_d.o)
    0x080001aa   0x080001aa   0x00000004   Code   RO         2148    .ARM.Collect$$_printf_percent$$00000017  c_w.l(_printf_percent_end.o)
    0x080001ae   0x080001ae   0x00000002   Code   RO         2285    .ARM.Collect$$libinit$$00000000  c_w.l(libinit.o)
    0x080001b0   0x080001b0   0x00000000   Code   RO         2287    .ARM.Collect$$libinit$$00000002  c_w.l(libinit2.o)
    0x080001b0   0x080001b0   0x00000000   Code   RO         2289    .ARM.Collect$$libinit$$00000004  c_w.l(libinit2.o)
    0x080001b0   0x080001b0   0x00000008   Code   RO         2290    .ARM.Collect$$libinit$$00000005  c_w.l(libinit2.o)
    0x080001b8   0x080001b8   0x00000000   Code   RO         2292    .ARM.Collect$$libinit$$0000000A  c_w.l(libinit2.o)
    0x080001b8   0x080001b8   0x00000000   Code   RO         2294    .ARM.Collect$$libinit$$0000000C  c_w.l(libinit2.o)
    0x080001b8   0x080001b8   0x00000000   Code   RO         2296    .ARM.Collect$$libinit$$0000000E  c_w.l(libinit2.o)
    0x080001b8   0x080001b8   0x00000006   Code   RO         2297    .ARM.Collect$$libinit$$0000000F  c_w.l(libinit2.o)
    0x080001be   0x080001be   0x00000000   Code   RO         2299    .ARM.Collect$$libinit$$00000011  c_w.l(libinit2.o)
    0x080001be   0x080001be   0x0000000c   Code   RO         2300    .ARM.Collect$$libinit$$00000012  c_w.l(libinit2.o)
    0x080001ca   0x080001ca   0x00000000   Code   RO         2301    .ARM.Collect$$libinit$$00000013  c_w.l(libinit2.o)
    0x080001ca   0x080001ca   0x00000000   Code   RO         2303    .ARM.Collect$$libinit$$00000015  c_w.l(libinit2.o)
    0x080001ca   0x080001ca   0x00000000   Code   RO         2305    .ARM.Collect$$libinit$$00000017  c_w.l(libinit2.o)
    0x080001ca   0x080001ca   0x00000000   Code   RO         2307    .ARM.Collect$$libinit$$00000019  c_w.l(libinit2.o)
    0x080001ca   0x080001ca   0x00000000   Code   RO         2309    .ARM.Collect$$libinit$$0000001B  c_w.l(libinit2.o)
    0x080001ca   0x080001ca   0x00000000   Code   RO         2311    .ARM.Collect$$libinit$$0000001D  c_w.l(libinit2.o)
    0x080001ca   0x080001ca   0x00000000   Code   RO         2313    .ARM.Collect$$libinit$$0000001F  c_w.l(libinit2.o)
    0x080001ca   0x080001ca   0x00000000   Code   RO         2315    .ARM.Collect$$libinit$$00000021  c_w.l(libinit2.o)
    0x080001ca   0x080001ca   0x00000000   Code   RO         2317    .ARM.Collect$$libinit$$00000023  c_w.l(libinit2.o)
    0x080001ca   0x080001ca   0x00000004   Code   RO         2318    .ARM.Collect$$libinit$$00000024  c_w.l(libinit2.o)
    0x080001ce   0x080001ce   0x00000000   Code   RO         2319    .ARM.Collect$$libinit$$00000025  c_w.l(libinit2.o)
    0x080001ce   0x080001ce   0x00000000   Code   RO         2323    .ARM.Collect$$libinit$$0000002C  c_w.l(libinit2.o)
    0x080001ce   0x080001ce   0x00000000   Code   RO         2325    .ARM.Collect$$libinit$$0000002E  c_w.l(libinit2.o)
    0x080001ce   0x080001ce   0x00000000   Code   RO         2327    .ARM.Collect$$libinit$$00000030  c_w.l(libinit2.o)
    0x080001ce   0x080001ce   0x00000000   Code   RO         2329    .ARM.Collect$$libinit$$00000032  c_w.l(libinit2.o)
    0x080001ce   0x080001ce   0x00000002   Code   RO         2330    .ARM.Collect$$libinit$$00000033  c_w.l(libinit2.o)
    0x080001d0   0x080001d0   0x00000002   Code   RO         2469    .ARM.Collect$$libshutdown$$00000000  c_w.l(libshutdown.o)
    0x080001d2   0x080001d2   0x00000000   Code   RO         2332    .ARM.Collect$$libshutdown$$00000002  c_w.l(libshutdown2.o)
    0x080001d2   0x080001d2   0x00000004   Code   RO         2333    .ARM.Collect$$libshutdown$$00000003  c_w.l(libshutdown2.o)
    0x080001d6   0x080001d6   0x00000000   Code   RO         2334    .ARM.Collect$$libshutdown$$00000004  c_w.l(libshutdown2.o)
    0x080001d6   0x080001d6   0x00000000   Code   RO         2337    .ARM.Collect$$libshutdown$$00000007  c_w.l(libshutdown2.o)
    0x080001d6   0x080001d6   0x00000000   Code   RO         2340    .ARM.Collect$$libshutdown$$0000000A  c_w.l(libshutdown2.o)
    0x080001d6   0x080001d6   0x00000000   Code   RO         2342    .ARM.Collect$$libshutdown$$0000000C  c_w.l(libshutdown2.o)
    0x080001d6   0x080001d6   0x00000000   Code   RO         2345    .ARM.Collect$$libshutdown$$0000000F  c_w.l(libshutdown2.o)
    0x080001d6   0x080001d6   0x00000002   Code   RO         2346    .ARM.Collect$$libshutdown$$00000010  c_w.l(libshutdown2.o)
    0x080001d8   0x080001d8   0x00000000   Code   RO         2143    .ARM.Collect$$rtentry$$00000000  c_w.l(__rtentry.o)
    0x080001d8   0x080001d8   0x00000000   Code   RO         2160    .ARM.Collect$$rtentry$$00000002  c_w.l(__rtentry2.o)
    0x080001d8   0x080001d8   0x00000006   Code   RO         2172    .ARM.Collect$$rtentry$$00000004  c_w.l(__rtentry4.o)
    0x080001de   0x080001de   0x00000000   Code   RO         2162    .ARM.Collect$$rtentry$$00000009  c_w.l(__rtentry2.o)
    0x080001de   0x080001de   0x00000004   Code   RO         2163    .ARM.Collect$$rtentry$$0000000A  c_w.l(__rtentry2.o)
    0x080001e2   0x080001e2   0x00000000   Code   RO         2165    .ARM.Collect$$rtentry$$0000000C  c_w.l(__rtentry2.o)
    0x080001e2   0x080001e2   0x00000008   Code   RO         2166    .ARM.Collect$$rtentry$$0000000D  c_w.l(__rtentry2.o)
    0x080001ea   0x080001ea   0x00000002   Code   RO         2353    .ARM.Collect$$rtexit$$00000000  c_w.l(rtexit.o)
    0x080001ec   0x080001ec   0x00000000   Code   RO         2405    .ARM.Collect$$rtexit$$00000002  c_w.l(rtexit2.o)
    0x080001ec   0x080001ec   0x00000004   Code   RO         2406    .ARM.Collect$$rtexit$$00000003  c_w.l(rtexit2.o)
    0x080001f0   0x080001f0   0x00000006   Code   RO         2407    .ARM.Collect$$rtexit$$00000004  c_w.l(rtexit2.o)
    0x080001f6   0x080001f6   0x00000002   PAD
    0x080001f8   0x080001f8   0x00000000   Code   RO         2416    .emb_text           c_w.l(maybetermalloc1.o)
    0x080001f8   0x080001f8   0x00000040   Code   RO            4    .text               startup_stm32f103xe.o
    0x08000238   0x08000238   0x00000018   Code   RO         2105    .text               c_w.l(noretval__2printf.o)
    0x08000250   0x08000250   0x00000068   Code   RO         2107    .text               c_w.l(__printf.o)
    0x080002b8   0x080002b8   0x00000078   Code   RO         2109    .text               c_w.l(_printf_dec.o)
    0x08000330   0x08000330   0x00000020   Code   RO         2133    .text               c_w.l(__0scanf.o)
    0x08000350   0x08000350   0x0000014c   Code   RO         2135    .text               c_w.l(_scanf_int.o)
    0x0800049c   0x0800049c   0x0000004e   Code   RO         2137    .text               c_w.l(rt_memclr_w.o)
    0x080004ea   0x080004ea   0x00000006   Code   RO         2139    .text               c_w.l(heapauxi.o)
    0x080004f0   0x080004f0   0x000000b2   Code   RO         2144    .text               c_w.l(_printf_intcommon.o)
    0x080005a2   0x080005a2   0x00000002   PAD
    0x080005a4   0x080005a4   0x00000024   Code   RO         2146    .text               c_w.l(_printf_char_file.o)
    0x080005c8   0x080005c8   0x0000001c   Code   RO         2149    .text               c_w.l(_chval.o)
    0x080005e4   0x080005e4   0x00000018   Code   RO         2151    .text               c_w.l(scanf_char_file.o)
    0x080005fc   0x080005fc   0x00000030   Code   RO         2174    .text               c_w.l(_printf_char_common.o)
    0x0800062c   0x0800062c   0x0000002c   Code   RO         2176    .text               c_w.l(scanf_char.o)
    0x08000658   0x08000658   0x00000048   Code   RO         2178    .text               c_w.l(backspace.o)
    0x080006a0   0x080006a0   0x00000008   Code   RO         2180    .text               c_w.l(ferror.o)
    0x080006a8   0x080006a8   0x00000138   Code   RO         2182    .text               c_w.l(initio.o)
    0x080007e0   0x080007e0   0x00000066   Code   RO         2190    .text               c_w.l(sys_io.o)
    0x08000846   0x08000846   0x0000004a   Code   RO         2197    .text               c_w.l(sys_stackheap_outer.o)
    0x08000890   0x08000890   0x0000004e   Code   RO         2201    .text               c_w.l(h1_free.o)
    0x080008de   0x080008de   0x00000012   Code   RO         2255    .text               c_w.l(isspace.o)
    0x080008f0   0x080008f0   0x00000374   Code   RO         2259    .text               c_w.l(_scanf.o)
    0x08000c64   0x08000c64   0x00000046   Code   RO         2261    .text               c_w.l(setvbuf.o)
    0x08000caa   0x08000caa   0x00000002   PAD
    0x08000cac   0x08000cac   0x00000048   Code   RO         2263    .text               c_w.l(ungetc.o)
    0x08000cf4   0x08000cf4   0x000000ec   Code   RO         2266    .text               c_w.l(fopen.o)
    0x08000de0   0x08000de0   0x0000004c   Code   RO         2268    .text               c_w.l(fclose.o)
    0x08000e2c   0x08000e2c   0x00000012   Code   RO         2274    .text               c_w.l(exit.o)
    0x08000e3e   0x08000e3e   0x0000000e   Code   RO         2276    .text               c_w.l(defsig_rtred_outer.o)
    0x08000e4c   0x08000e4c   0x00000008   Code   RO         2347    .text               c_w.l(libspace.o)
    0x08000e54   0x08000e54   0x00000002   Code   RO         2350    .text               c_w.l(use_no_semi.o)
    0x08000e56   0x08000e56   0x00000000   Code   RO         2352    .text               c_w.l(indicate_semi.o)
    0x08000e56   0x08000e56   0x00000002   PAD
    0x08000e58   0x08000e58   0x00000010   Code   RO         2355    .text               c_w.l(rt_ctype_table.o)
    0x08000e68   0x08000e68   0x00000008   Code   RO         2362    .text               c_w.l(rt_heap_descriptor_intlibspace.o)
    0x08000e70   0x08000e70   0x00000004   Code   RO         2364    .text               c_w.l(hguard.o)
    0x08000e74   0x08000e74   0x0000008a   Code   RO         2366    .text               c_w.l(init_alloc.o)
    0x08000efe   0x08000efe   0x0000005e   Code   RO         2372    .text               c_w.l(h1_alloc.o)
    0x08000f5c   0x08000f5c   0x000000f8   Code   RO         2386    .text               c_w.l(fseek.o)
    0x08001054   0x08001054   0x000000f0   Code   RO         2388    .text               c_w.l(stdio.o)
    0x08001144   0x08001144   0x0000000a   Code   RO         2390    .text               c_w.l(defsig_exit.o)
    0x0800114e   0x0800114e   0x00000002   PAD
    0x08001150   0x08001150   0x00000034   Code   RO         2392    .text               c_w.l(defsig_rtred_inner.o)
    0x08001184   0x08001184   0x0000003e   Code   RO         2394    .text               c_w.l(strlen.o)
    0x080011c2   0x080011c2   0x00000002   PAD
    0x080011c4   0x080011c4   0x0000000c   Code   RO         2402    .text               c_w.l(sys_exit.o)
    0x080011d0   0x080011d0   0x00000008   Code   RO         2414    .text               c_w.l(rt_locale_intlibspace.o)
    0x080011d8   0x080011d8   0x0000000e   Code   RO         2418    .text               c_w.l(h1_init.o)
    0x080011e6   0x080011e6   0x00000034   Code   RO         2420    .text               c_w.l(h1_extend.o)
    0x0800121a   0x0800121a   0x00000042   Code   RO         2426    .text               c_w.l(ftell.o)
    0x0800125c   0x0800125c   0x00000032   Code   RO         2433    .text               c_w.l(defsig_general.o)
    0x0800128e   0x0800128e   0x0000000e   Code   RO         2435    .text               c_w.l(defsig_rtmem_outer.o)
    0x0800129c   0x0800129c   0x0000000e   Code   RO         2448    .text               c_w.l(sys_wrch.o)
    0x080012aa   0x080012aa   0x00000002   PAD
    0x080012ac   0x080012ac   0x00000008   Code   RO         2455    .text               c_w.l(rt_errno_addr_intlibspace.o)
    0x080012b4   0x080012b4   0x00000050   Code   RO         2461    .text               c_w.l(defsig_rtmem_inner.o)
    0x08001304   0x08001304   0x00000080   Code   RO         2465    .text               c_w.l(strcmpv7m.o)
    0x08001384   0x08001384   0x0000000c   Code   RO          272    i.ADC1_2_IRQHandler  stm32f1xx_it.o
    0x08001390   0x08001390   0x00000056   Code   RO          420    i.ADC_ConversionStop_Disable  stm32f1xx_hal_adc.o
    0x080013e6   0x080013e6   0x00000002   Code   RO          273    i.BusFault_Handler  stm32f1xx_it.o
    0x080013e8   0x080013e8   0x00000002   Code   RO          274    i.DebugMon_Handler  stm32f1xx_it.o
    0x080013ea   0x080013ea   0x00000004   Code   RO           13    i.Error_Handler     main.o
    0x080013ee   0x080013ee   0x00000002   Code   RO          602    i.HAL_ADCEx_InjectedConvCpltCallback  stm32f1xx_hal_adc_ex.o
    0x080013f0   0x080013f0   0x000000fc   Code   RO          426    i.HAL_ADC_ConfigChannel  stm32f1xx_hal_adc.o
    0x080014ec   0x080014ec   0x00000002   Code   RO          427    i.HAL_ADC_ConvCpltCallback  stm32f1xx_hal_adc.o
    0x080014ee   0x080014ee   0x000000e6   Code   RO          434    i.HAL_ADC_IRQHandler  stm32f1xx_hal_adc.o
    0x080015d4   0x080015d4   0x00000120   Code   RO          435    i.HAL_ADC_Init      stm32f1xx_hal_adc.o
    0x080016f4   0x080016f4   0x00000002   Code   RO          436    i.HAL_ADC_LevelOutOfWindowCallback  stm32f1xx_hal_adc.o
    0x080016f6   0x080016f6   0x00000002   PAD
    0x080016f8   0x080016f8   0x00000068   Code   RO          177    i.HAL_ADC_MspInit   adc.o
    0x08001760   0x08001760   0x00000046   Code   RO         1075    i.HAL_DMA_Abort     stm32f1xx_hal_dma.o
    0x080017a6   0x080017a6   0x00000002   PAD
    0x080017a8   0x080017a8   0x00000130   Code   RO         1076    i.HAL_DMA_Abort_IT  stm32f1xx_hal_dma.o
    0x080018d8   0x080018d8   0x00000024   Code   RO          703    i.HAL_Delay         stm32f1xx_hal.o
    0x080018fc   0x080018fc   0x000001f8   Code   RO         1011    i.HAL_GPIO_Init     stm32f1xx_hal_gpio.o
    0x08001af4   0x08001af4   0x0000000a   Code   RO         1015    i.HAL_GPIO_WritePin  stm32f1xx_hal_gpio.o
    0x08001afe   0x08001afe   0x00000002   PAD
    0x08001b00   0x08001b00   0x0000000c   Code   RO          707    i.HAL_GetTick       stm32f1xx_hal.o
    0x08001b0c   0x08001b0c   0x00000010   Code   RO          713    i.HAL_IncTick       stm32f1xx_hal.o
    0x08001b1c   0x08001b1c   0x00000024   Code   RO          714    i.HAL_Init          stm32f1xx_hal.o
    0x08001b40   0x08001b40   0x00000040   Code   RO          715    i.HAL_InitTick      stm32f1xx_hal.o
    0x08001b80   0x08001b80   0x0000003c   Code   RO          360    i.HAL_MspInit       stm32f1xx_hal_msp.o
    0x08001bbc   0x08001bbc   0x0000001a   Code   RO         1171    i.HAL_NVIC_EnableIRQ  stm32f1xx_hal_cortex.o
    0x08001bd6   0x08001bd6   0x00000002   PAD
    0x08001bd8   0x08001bd8   0x00000040   Code   RO         1177    i.HAL_NVIC_SetPriority  stm32f1xx_hal_cortex.o
    0x08001c18   0x08001c18   0x00000024   Code   RO         1178    i.HAL_NVIC_SetPriorityGrouping  stm32f1xx_hal_cortex.o
    0x08001c3c   0x08001c3c   0x000000ec   Code   RO          974    i.HAL_RCCEx_PeriphCLKConfig  stm32f1xx_hal_rcc_ex.o
    0x08001d28   0x08001d28   0x0000012c   Code   RO          871    i.HAL_RCC_ClockConfig  stm32f1xx_hal_rcc.o
    0x08001e54   0x08001e54   0x00000020   Code   RO          878    i.HAL_RCC_GetPCLK1Freq  stm32f1xx_hal_rcc.o
    0x08001e74   0x08001e74   0x00000020   Code   RO          879    i.HAL_RCC_GetPCLK2Freq  stm32f1xx_hal_rcc.o
    0x08001e94   0x08001e94   0x0000006c   Code   RO          880    i.HAL_RCC_GetSysClockFreq  stm32f1xx_hal_rcc.o
    0x08001f00   0x08001f00   0x00000320   Code   RO          883    i.HAL_RCC_OscConfig  stm32f1xx_hal_rcc.o
    0x08002220   0x08002220   0x00000028   Code   RO         1182    i.HAL_SYSTICK_Config  stm32f1xx_hal_cortex.o
    0x08002248   0x08002248   0x00000002   Code   RO         1718    i.HAL_UARTEx_RxEventCallback  stm32f1xx_hal_uart.o
    0x0800224a   0x0800224a   0x00000002   Code   RO         1732    i.HAL_UART_ErrorCallback  stm32f1xx_hal_uart.o
    0x0800224c   0x0800224c   0x0000020c   Code   RO         1735    i.HAL_UART_IRQHandler  stm32f1xx_hal_uart.o
    0x08002458   0x08002458   0x00000062   Code   RO         1736    i.HAL_UART_Init     stm32f1xx_hal_uart.o
    0x080024ba   0x080024ba   0x00000002   PAD
    0x080024bc   0x080024bc   0x00000080   Code   RO          219    i.HAL_UART_MspInit  usart.o
    0x0800253c   0x0800253c   0x000000c0   Code   RO         1739    i.HAL_UART_Receive  stm32f1xx_hal_uart.o
    0x080025fc   0x080025fc   0x00000002   Code   RO         1742    i.HAL_UART_RxCpltCallback  stm32f1xx_hal_uart.o
    0x080025fe   0x080025fe   0x00000002   PAD
    0x08002600   0x08002600   0x000000b2   Code   RO         1744    i.HAL_UART_Transmit  stm32f1xx_hal_uart.o
    0x080026b2   0x080026b2   0x00000002   Code   RO         1747    i.HAL_UART_TxCpltCallback  stm32f1xx_hal_uart.o
    0x080026b4   0x080026b4   0x00000002   Code   RO          275    i.HardFault_Handler  stm32f1xx_it.o
    0x080026b6   0x080026b6   0x00000002   PAD
    0x080026b8   0x080026b8   0x00000050   Code   RO          178    i.MX_ADC1_Init      adc.o
    0x08002708   0x08002708   0x00000080   Code   RO          152    i.MX_GPIO_Init      gpio.o
    0x08002788   0x08002788   0x00000038   Code   RO          220    i.MX_USART1_UART_Init  usart.o
    0x080027c0   0x080027c0   0x00000002   Code   RO          276    i.MemManage_Handler  stm32f1xx_it.o
    0x080027c2   0x080027c2   0x00000002   Code   RO          277    i.NMI_Handler       stm32f1xx_it.o
    0x080027c4   0x080027c4   0x00000002   Code   RO          278    i.PendSV_Handler    stm32f1xx_it.o
    0x080027c6   0x080027c6   0x00000002   Code   RO          279    i.SVC_Handler       stm32f1xx_it.o
    0x080027c8   0x080027c8   0x00000004   Code   RO          280    i.SysTick_Handler   stm32f1xx_it.o
    0x080027cc   0x080027cc   0x00000078   Code   RO           14    i.SystemClock_Config  main.o
    0x08002844   0x08002844   0x00000002   Code   RO         2065    i.SystemInit        system_stm32f1xx.o
    0x08002846   0x08002846   0x00000010   Code   RO         1749    i.UART_DMAAbortOnError  stm32f1xx_hal_uart.o
    0x08002856   0x08002856   0x00000030   Code   RO         1759    i.UART_EndRxTransfer  stm32f1xx_hal_uart.o
    0x08002886   0x08002886   0x000000b6   Code   RO         1761    i.UART_Receive_IT   stm32f1xx_hal_uart.o
    0x0800293c   0x0800293c   0x000000b8   Code   RO         1762    i.UART_SetConfig    stm32f1xx_hal_uart.o
    0x080029f4   0x080029f4   0x00000064   Code   RO         1765    i.UART_WaitOnFlagUntilTimeout  stm32f1xx_hal_uart.o
    0x08002a58   0x08002a58   0x0000000c   Code   RO          281    i.USART1_IRQHandler  stm32f1xx_it.o
    0x08002a64   0x08002a64   0x00000002   Code   RO          282    i.UsageFault_Handler  stm32f1xx_it.o
    0x08002a66   0x08002a66   0x00000020   Code   RO         1184    i.__NVIC_SetPriority  stm32f1xx_hal_cortex.o
    0x08002a86   0x08002a86   0x00000002   PAD
    0x08002a88   0x08002a88   0x00000020   Code   RO          221    i.fgetc             usart.o
    0x08002aa8   0x08002aa8   0x00000020   Code   RO          222    i.fputc             usart.o
    0x08002ac8   0x08002ac8   0x000001fc   Code   RO           15    i.main              main.o
    0x08002cc4   0x08002cc4   0x0000002c   Code   RO         2429    locale$$code        c_w.l(lc_ctype_c.o)
    0x08002cf0   0x08002cf0   0x00000010   Data   RO         2066    .constdata          system_stm32f1xx.o
    0x08002d00   0x08002d00   0x00000008   Data   RO         2067    .constdata          system_stm32f1xx.o
    0x08002d08   0x08002d08   0x00000004   Data   RO         2191    .constdata          c_w.l(sys_io.o)
    0x08002d0c   0x08002d0c   0x00000004   Data   RO         2192    .constdata          c_w.l(sys_io.o)
    0x08002d10   0x08002d10   0x00000004   Data   RO         2193    .constdata          c_w.l(sys_io.o)
    0x08002d14   0x08002d14   0x00000020   Data   RO         2488    Region$$Table       anon$$obj.o
    0x08002d34   0x08002d34   0x00000110   Data   RO         2428    locale$$data        c_w.l(lc_ctype_c.o)


    Execution Region RW_IRAM1 (Exec base: 0x20000000, Load base: 0x08002e44, Size: 0x000007f0, Max: 0x0000c000, ABSOLUTE)

    Exec Addr    Load Addr    Size         Type   Attr      Idx    E Section Name        Object

    0x20000000   0x08002e44   0x0000000c   Data   RW          721    .data               stm32f1xx_hal.o
    0x2000000c   0x08002e50   0x00000004   Data   RW         2068    .data               system_stm32f1xx.o
    0x20000010   0x08002e54   0x00000004   Data   RW         2156    .data               c_w.l(stdio_streams.o)
    0x20000014   0x08002e58   0x00000004   Data   RW         2157    .data               c_w.l(stdio_streams.o)
    0x20000018   0x08002e5c   0x00000004   Data   RW         2158    .data               c_w.l(stdio_streams.o)
    0x2000001c        -       0x00000030   Zero   RW          179    .bss                adc.o
    0x2000004c        -       0x00000044   Zero   RW          223    .bss                usart.o
    0x20000090        -       0x00000054   Zero   RW         2153    .bss                c_w.l(stdio_streams.o)
    0x200000e4        -       0x00000054   Zero   RW         2154    .bss                c_w.l(stdio_streams.o)
    0x20000138        -       0x00000054   Zero   RW         2155    .bss                c_w.l(stdio_streams.o)
    0x2000018c        -       0x00000060   Zero   RW         2348    .bss                c_w.l(libspace.o)
    0x200001ec   0x08002e60   0x00000004   PAD
    0x200001f0        -       0x00000200   Zero   RW            2    HEAP                startup_stm32f103xe.o
    0x200003f0        -       0x00000400   Zero   RW            1    STACK               startup_stm32f103xe.o


==============================================================================

Image component sizes


      Code (inc. data)   RO Data    RW Data    ZI Data      Debug   Object Name

       184         22          0          0         48       1593   adc.o
       128         10          0          0          0        919   gpio.o
       632        230          0          0          0     480236   main.o
        64         26        304          0       1536        796   startup_stm32f103xe.o
       164         28          0         12          0       6401   stm32f1xx_hal.o
       860         28          0          0          0       5071   stm32f1xx_hal_adc.o
         2          0          0          0          0       1029   stm32f1xx_hal_adc_ex.o
       198         14          0          0          0      28863   stm32f1xx_hal_cortex.o
       374          8          0          0          0       1795   stm32f1xx_hal_dma.o
       514         42          0          0          0       2864   stm32f1xx_hal_gpio.o
        60          8          0          0          0        842   stm32f1xx_hal_msp.o
      1272        100          0          0          0       5116   stm32f1xx_hal_rcc.o
       236         12          0          0          0       1356   stm32f1xx_hal_rcc_ex.o
      1530         10          0          0          0      10687   stm32f1xx_hal_uart.o
        44         12          0          0          0       4598   stm32f1xx_it.o
         2          0         24          4          0       1079   system_stm32f1xx.o
       248         30          0          0         68       2642   usart.o

    ----------------------------------------------------------------------
      6528        580        360         16       1652     555887   Object Totals
         0          0         32          0          0          0   (incl. Generated)
        16          0          0          0          0          0   (incl. Padding)

    ----------------------------------------------------------------------

      Code (inc. data)   RO Data    RW Data    ZI Data      Debug   Library Member Name

        32          6          0          0          0         84   __0scanf.o
         8          0          0          0          0         68   __main.o
       104          0          0          0          0         84   __printf.o
         0          0          0          0          0          0   __rtentry.o
        12          0          0          0          0          0   __rtentry2.o
         6          0          0          0          0          0   __rtentry4.o
        52          8          0          0          0          0   __scatter.o
        26          0          0          0          0          0   __scatter_copy.o
        28          0          0          0          0          0   __scatter_zi.o
        28          0          0          0          0         68   _chval.o
        48          6          0          0          0         96   _printf_char_common.o
        36          4          0          0          0         80   _printf_char_file.o
         6          0          0          0          0          0   _printf_d.o
       120         16          0          0          0         92   _printf_dec.o
       178          0          0          0          0         88   _printf_intcommon.o
         0          0          0          0          0          0   _printf_percent.o
         4          0          0          0          0          0   _printf_percent_end.o
       884          6          0          0          0        100   _scanf.o
       332          0          0          0          0         96   _scanf_int.o
        72          0          0          0          0         92   backspace.o
        10          0          0          0          0         68   defsig_exit.o
        50          0          0          0          0         88   defsig_general.o
        80         58          0          0          0         76   defsig_rtmem_inner.o
        14          0          0          0          0         80   defsig_rtmem_outer.o
        52         38          0          0          0         76   defsig_rtred_inner.o
        14          0          0          0          0         80   defsig_rtred_outer.o
        18          0          0          0          0         80   exit.o
        76          0          0          0          0         88   fclose.o
         8          0          0          0          0         68   ferror.o
       236          4          0          0          0        128   fopen.o
       248          6          0          0          0         84   fseek.o
        66          0          0          0          0         76   ftell.o
        94          0          0          0          0         80   h1_alloc.o
        52          0          0          0          0         68   h1_extend.o
        78          0          0          0          0         80   h1_free.o
        14          0          0          0          0         84   h1_init.o
         6          0          0          0          0        152   heapauxi.o
         4          0          0          0          0        136   hguard.o
         0          0          0          0          0          0   indicate_semi.o
       138          0          0          0          0        168   init_alloc.o
       312         46          0          0          0        112   initio.o
        18          0          0          0          0         76   isspace.o
        44         10        272          0          0         76   lc_ctype_c.o
         2          0          0          0          0          0   libinit.o
        32          0          0          0          0          0   libinit2.o
         2          0          0          0          0          0   libshutdown.o
         6          0          0          0          0          0   libshutdown2.o
         8          4          0          0         96         68   libspace.o
         0          0          0          0          0          0   maybetermalloc1.o
        24          4          0          0          0         84   noretval__2printf.o
        16          4          0          0          0         76   rt_ctype_table.o
         8          4          0          0          0         68   rt_errno_addr_intlibspace.o
         8          4          0          0          0         68   rt_heap_descriptor_intlibspace.o
         8          4          0          0          0         68   rt_locale_intlibspace.o
        78          0          0          0          0         80   rt_memclr_w.o
         2          0          0          0          0          0   rtexit.o
        10          0          0          0          0          0   rtexit2.o
        44          8          0          0          0         84   scanf_char.o
        24          8          0          0          0         68   scanf_char_file.o
        70          0          0          0          0         80   setvbuf.o
       240          6          0          0          0        156   stdio.o
         0          0          0         12        252          0   stdio_streams.o
       128          0          0          0          0         68   strcmpv7m.o
        62          0          0          0          0         76   strlen.o
        12          4          0          0          0         68   sys_exit.o
       102          0         12          0          0        240   sys_io.o
        74          0          0          0          0         80   sys_stackheap_outer.o
        14          0          0          0          0         76   sys_wrch.o
        72         12          0          0          0         68   ungetc.o
         2          0          0          0          0         68   use_no_semi.o

    ----------------------------------------------------------------------
      4672        270        284         12        352       4616   Library Totals
        16          0          0          0          4          0   (incl. Padding)

    ----------------------------------------------------------------------

      Code (inc. data)   RO Data    RW Data    ZI Data      Debug   Library Name

      4656        270        284         12        348       4616   c_w.l

    ----------------------------------------------------------------------
      4672        270        284         12        352       4616   Library Totals

    ----------------------------------------------------------------------

==============================================================================


      Code (inc. data)   RO Data    RW Data    ZI Data      Debug   

     11200        850        644         28       2004     554883   Grand Totals
     11200        850        644         28       2004     554883   ELF Image Totals
     11200        850        644         28          0          0   ROM Totals

==============================================================================

    Total RO  Size (Code + RO Data)                11844 (  11.57kB)
    Total RW  Size (RW Data + ZI Data)              2032 (   1.98kB)
    Total ROM Size (Code + RO Data + RW Data)      11872 (  11.59kB)

==============================================================================

